core_cm4.h:1820:22:__NVIC_SetPriority	16	static
usbd_conf_f4.c:36:6:HAL_PCD_MspInit	48	static
usbd_conf_f4.c:70:6:HAL_PCD_MspDeInit	16	static
usbd_conf_f4.c:89:6:HAL_PCD_SetupStageCallback	16	static
usbd_conf_f4.c:99:6:HAL_PCD_DataOutStageCallback	16	static
usbd_conf_f4.c:109:6:HAL_PCD_DataInStageCallback	16	static
usbd_conf_f4.c:119:6:HAL_PCD_SOFCallback	16	static
usbd_conf_f4.c:129:6:HAL_PCD_ResetCallback	24	static
usbd_conf_f4.c:159:6:HAL_PCD_SuspendCallback	16	static
usbd_conf_f4.c:169:6:HAL_PCD_ResumeCallback	16	static
usbd_conf_f4.c:179:6:HAL_PCD_ISOOUTIncompleteCallback	16	static
usbd_conf_f4.c:189:6:HAL_PCD_ISOINIncompleteCallback	16	static
usbd_conf_f4.c:199:6:HAL_PCD_ConnectCallback	16	static
usbd_conf_f4.c:209:6:HAL_PCD_DisconnectCallback	16	static
usbd_conf_f4.c:223:21:USBD_LL_Init	16	static
usbd_conf_f4.c:259:21:USBD_LL_DeInit	16	static
usbd_conf_f4.c:271:21:USBD_LL_Start	16	static
usbd_conf_f4.c:283:21:USBD_LL_Stop	16	static
usbd_conf_f4.c:298:21:USBD_LL_OpenEP	16	static
usbd_conf_f4.c:318:21:USBD_LL_CloseEP	16	static
usbd_conf_f4.c:331:21:USBD_LL_FlushEP	16	static
usbd_conf_f4.c:344:21:USBD_LL_StallEP	16	static
usbd_conf_f4.c:357:21:USBD_LL_ClearStallEP	16	static
usbd_conf_f4.c:370:9:USBD_LL_IsStallEP	24	static
usbd_conf_f4.c:390:21:USBD_LL_SetUSBAddress	16	static
usbd_conf_f4.c:405:21:USBD_LL_Transmit	24	static
usbd_conf_f4.c:423:21:USBD_LL_PrepareReceive	24	static
usbd_conf_f4.c:439:10:USBD_LL_GetRxDataSize	16	static
usbd_conf_f4.c:450:7:USBD_LL_Delay	16	static
