cca02m1_audio.c:238:16:CCA02M1_AUDIO_IN_Init	104	static
cca02m1_audio.c:531:16:CCA02M1_AUDIO_IN_DeInit	24	static
cca02m1_audio.c:908:26:MX_I2S_IN_ClockConfig	112	static
cca02m1_audio.c:956:26:MX_SPI_Init	24	static
cca02m1_audio.c:1001:26:MX_I2S_IN_Init	24	static
cca02m1_audio.c:1080:16:CCA02M1_AUDIO_IN_PDMToPCM_Init	48	static
cca02m1_audio.c:1184:16:CCA02M1_AUDIO_IN_PDMToPCM	88	static
cca02m1_audio.c:1234:9:CCA02M1_AUDIO_IN_Record	32	static
cca02m1_audio.c:1321:9:CCA02M1_AUDIO_IN_Stop	24	static
cca02m1_audio.c:1399:9:CCA02M1_AUDIO_IN_Pause	24	static
cca02m1_audio.c:1466:9:CCA02M1_AUDIO_IN_Resume	24	static
cca02m1_audio.c:1530:9:CCA02M1_AUDIO_IN_RecordChannels	32	static
cca02m1_audio.c:1603:9:CCA02M1_AUDIO_IN_StopChannels	24	static
cca02m1_audio.c:1626:9:CCA02M1_AUDIO_IN_PauseChannels	24	static
cca02m1_audio.c:1677:9:CCA02M1_AUDIO_IN_ResumeChannels	24	static
cca02m1_audio.c:1729:9:CCA02M1_AUDIO_IN_RecordPDM	32	static
cca02m1_audio.c:1767:9:CCA02M1_AUDIO_IN_SetDevice	40	static
cca02m1_audio.c:1825:9:CCA02M1_AUDIO_IN_GetDevice	24	static
cca02m1_audio.c:1847:9:CCA02M1_AUDIO_IN_SetSampleRate	40	static
cca02m1_audio.c:1908:9:CCA02M1_AUDIO_IN_GetSampleRate	24	static
cca02m1_audio.c:1932:9:CCA02M1_AUDIO_IN_SetBitsPerSample	40	static
cca02m1_audio.c:1988:9:CCA02M1_AUDIO_IN_GetBitsPerSample	24	static
cca02m1_audio.c:2010:9:CCA02M1_AUDIO_IN_SetChannelsNbr	24	static
cca02m1_audio.c:2033:9:CCA02M1_AUDIO_IN_GetChannelsNbr	24	static
cca02m1_audio.c:2055:9:CCA02M1_AUDIO_IN_SetVolume	24	static
cca02m1_audio.c:2103:9:CCA02M1_AUDIO_IN_GetVolume	24	static
cca02m1_audio.c:2126:9:CCA02M1_AUDIO_IN_GetState	24	static
cca02m1_audio.c:2301:6:HAL_I2S_RxCpltCallback	48	static
cca02m1_audio.c:2370:6:HAL_I2S_RxHalfCpltCallback	48	static
cca02m1_audio.c:2440:13:CCA02M1_AUDIO_IN_TransferComplete_CallBack	16	static
cca02m1_audio.c:2454:13:CCA02M1_AUDIO_IN_HalfTransfer_CallBack	16	static
cca02m1_audio.c:2468:13:CCA02M1_AUDIO_IN_Error_CallBack	16	static
cca02m1_audio.c:2838:13:I2S_MspInit	48	static
cca02m1_audio.c:2866:13:SPI_MspInit	56	static
cca02m1_audio.c:2904:26:AUDIO_IN_Timer_Init	48	static
cca02m1_audio.c:2977:26:AUDIO_IN_Timer_Start	16	static
