usbd_audio_in.c:194:17:USBD_AUDIO_Init	24	static
usbd_audio_in.c:236:17:USBD_AUDIO_DeInit	16	static
usbd_audio_in.c:257:17:USBD_AUDIO_Setup	32	static
usbd_audio_in.c:343:18:USBD_AUDIO_GetCfgDesc	16	static
usbd_audio_in.c:356:16:USBD_AUDIO_DataIn	40	static
usbd_audio_in.c:420:17:USBD_AUDIO_EP0_RxReady	24	static
usbd_audio_in.c:445:17:USBD_AUDIO_EP0_TxReady	16	static
usbd_audio_in.c:456:17:USBD_AUDIO_SOF	16	static
usbd_audio_in.c:469:17:USBD_AUDIO_IsoINIncomplete	16	static
usbd_audio_in.c:480:17:USBD_AUDIO_IsoOutIncomplete	16	static
usbd_audio_in.c:491:17:USBD_AUDIO_DataOut	16	static
usbd_audio_in.c:503:18:USBD_AUDIO_GetDeviceQualifierDesc	16	static
usbd_audio_in.c:516:13:AUDIO_REQ_GetMaximum	24	static
usbd_audio_in.c:536:13:AUDIO_REQ_GetMinimum	24	static
usbd_audio_in.c:555:13:AUDIO_REQ_GetResolution	24	static
usbd_audio_in.c:573:13:AUDIO_REQ_GetCurrent	24	static
usbd_audio_in.c:593:13:AUDIO_REQ_SetCurrent	24	static
usbd_audio_in.c:631:10:USBD_AUDIO_Data_Transfer	40	static
usbd_audio_in.c:692:10:USBD_AUDIO_RegisterInterface	16	static
usbd_audio_in.c:709:6:USBD_AUDIO_Init_Microphone_Descriptor	32	static
