Archive member included to satisfy reference by file (symbol)

C:\Users\10007069\STM32CubeIDE\workspace_1.0.2\MEMS_RECORDER\Middlewares\ST\STM32_Audio\Addons\PDM\Lib\libPDMFilter_CM4_GCC_wc32.a(pdm_filter.o)
                              Drivers/BSP/CCA02M1/cca02m1_audio.o (PDM_Filter_Init)
C:\Users\10007069\STM32CubeIDE\workspace_1.0.2\MEMS_RECORDER\Middlewares\ST\STM32_Audio\Addons\PDM\Lib\libPDMFilter_CM4_GCC_wc32.a(stm32_crc_lock.o)
                              C:\Users\10007069\STM32CubeIDE\workspace_1.0.2\MEMS_RECORDER\Middlewares\ST\STM32_Audio\Addons\PDM\Lib\libPDMFilter_CM4_GCC_wc32.a(pdm_filter.o) (CRC_Lock)
c:/st/stm32cubeide_1.0.2/stm32cubeide/plugins/com.st.stm32cube.ide.mcu.externaltools.gnu-tools-for-stm32.7-2018-q2-update.win32_1.0.0.201904181610/tools/bin/../lib/gcc/arm-none-eabi/7.3.1/../../../../arm-none-eabi/lib/thumb/v7e-m/fpv4-sp/hard\libc_nano.a(lib_a-errno.o)
                              Src/syscalls.o (__errno)
c:/st/stm32cubeide_1.0.2/stm32cubeide/plugins/com.st.stm32cube.ide.mcu.externaltools.gnu-tools-for-stm32.7-2018-q2-update.win32_1.0.0.201904181610/tools/bin/../lib/gcc/arm-none-eabi/7.3.1/../../../../arm-none-eabi/lib/thumb/v7e-m/fpv4-sp/hard\libc_nano.a(lib_a-exit.o)
                              c:/st/stm32cubeide_1.0.2/stm32cubeide/plugins/com.st.stm32cube.ide.mcu.externaltools.gnu-tools-for-stm32.7-2018-q2-update.win32_1.0.0.201904181610/tools/bin/../lib/gcc/arm-none-eabi/7.3.1/../../../../arm-none-eabi/lib/thumb/v7e-m/fpv4-sp/hard/crt0.o (exit)
c:/st/stm32cubeide_1.0.2/stm32cubeide/plugins/com.st.stm32cube.ide.mcu.externaltools.gnu-tools-for-stm32.7-2018-q2-update.win32_1.0.0.201904181610/tools/bin/../lib/gcc/arm-none-eabi/7.3.1/../../../../arm-none-eabi/lib/thumb/v7e-m/fpv4-sp/hard\libc_nano.a(lib_a-impure.o)
                              c:/st/stm32cubeide_1.0.2/stm32cubeide/plugins/com.st.stm32cube.ide.mcu.externaltools.gnu-tools-for-stm32.7-2018-q2-update.win32_1.0.0.201904181610/tools/bin/../lib/gcc/arm-none-eabi/7.3.1/../../../../arm-none-eabi/lib/thumb/v7e-m/fpv4-sp/hard\libc_nano.a(lib_a-exit.o) (_global_impure_ptr)
c:/st/stm32cubeide_1.0.2/stm32cubeide/plugins/com.st.stm32cube.ide.mcu.externaltools.gnu-tools-for-stm32.7-2018-q2-update.win32_1.0.0.201904181610/tools/bin/../lib/gcc/arm-none-eabi/7.3.1/../../../../arm-none-eabi/lib/thumb/v7e-m/fpv4-sp/hard\libc_nano.a(lib_a-init.o)
                              c:/st/stm32cubeide_1.0.2/stm32cubeide/plugins/com.st.stm32cube.ide.mcu.externaltools.gnu-tools-for-stm32.7-2018-q2-update.win32_1.0.0.201904181610/tools/bin/../lib/gcc/arm-none-eabi/7.3.1/../../../../arm-none-eabi/lib/thumb/v7e-m/fpv4-sp/hard/crt0.o (__libc_init_array)
c:/st/stm32cubeide_1.0.2/stm32cubeide/plugins/com.st.stm32cube.ide.mcu.externaltools.gnu-tools-for-stm32.7-2018-q2-update.win32_1.0.0.201904181610/tools/bin/../lib/gcc/arm-none-eabi/7.3.1/../../../../arm-none-eabi/lib/thumb/v7e-m/fpv4-sp/hard\libc_nano.a(lib_a-malloc.o)
                              Middlewares/ST/STM32_USB_Device_Library/Class/AUDIO/Src/usbd_audio_in.o (malloc)
c:/st/stm32cubeide_1.0.2/stm32cubeide/plugins/com.st.stm32cube.ide.mcu.externaltools.gnu-tools-for-stm32.7-2018-q2-update.win32_1.0.0.201904181610/tools/bin/../lib/gcc/arm-none-eabi/7.3.1/../../../../arm-none-eabi/lib/thumb/v7e-m/fpv4-sp/hard\libc_nano.a(lib_a-memcpy-stub.o)
                              Middlewares/ST/STM32_USB_Device_Library/Class/AUDIO/Src/usbd_audio_in.o (memcpy)
c:/st/stm32cubeide_1.0.2/stm32cubeide/plugins/com.st.stm32cube.ide.mcu.externaltools.gnu-tools-for-stm32.7-2018-q2-update.win32_1.0.0.201904181610/tools/bin/../lib/gcc/arm-none-eabi/7.3.1/../../../../arm-none-eabi/lib/thumb/v7e-m/fpv4-sp/hard\libc_nano.a(lib_a-memset.o)
                              c:/st/stm32cubeide_1.0.2/stm32cubeide/plugins/com.st.stm32cube.ide.mcu.externaltools.gnu-tools-for-stm32.7-2018-q2-update.win32_1.0.0.201904181610/tools/bin/../lib/gcc/arm-none-eabi/7.3.1/../../../../arm-none-eabi/lib/thumb/v7e-m/fpv4-sp/hard/crt0.o (memset)
c:/st/stm32cubeide_1.0.2/stm32cubeide/plugins/com.st.stm32cube.ide.mcu.externaltools.gnu-tools-for-stm32.7-2018-q2-update.win32_1.0.0.201904181610/tools/bin/../lib/gcc/arm-none-eabi/7.3.1/../../../../arm-none-eabi/lib/thumb/v7e-m/fpv4-sp/hard\libc_nano.a(lib_a-nano-freer.o)
                              c:/st/stm32cubeide_1.0.2/stm32cubeide/plugins/com.st.stm32cube.ide.mcu.externaltools.gnu-tools-for-stm32.7-2018-q2-update.win32_1.0.0.201904181610/tools/bin/../lib/gcc/arm-none-eabi/7.3.1/../../../../arm-none-eabi/lib/thumb/v7e-m/fpv4-sp/hard\libc_nano.a(lib_a-malloc.o) (_free_r)
c:/st/stm32cubeide_1.0.2/stm32cubeide/plugins/com.st.stm32cube.ide.mcu.externaltools.gnu-tools-for-stm32.7-2018-q2-update.win32_1.0.0.201904181610/tools/bin/../lib/gcc/arm-none-eabi/7.3.1/../../../../arm-none-eabi/lib/thumb/v7e-m/fpv4-sp/hard\libc_nano.a(lib_a-nano-mallocr.o)
[...]
Memory Configuration

Name             Origin             Length             Attributes
RAM              0x0000000020000000 0x0000000000020000 xrw
FLASH            0x0000000008000000 0x0000000000080000 xr
*default*        0x0000000000000000 0xffffffffffffffff

Linker script and memory map

LOAD c:/st/stm32cubeide_1.0.2/stm32cubeide/plugins/com.st.stm32cube.ide.mcu.externaltools.gnu-tools-for-stm32.7-2018-q2-update.win32_1.0.0.201904181610/tools/bin/../lib/gcc/arm-none-eabi/7.3.1/thumb/v7e-m/fpv4-sp/hard/crti.o
LOAD c:/st/stm32cubeide_1.0.2/stm32cubeide/plugins/com.st.stm32cube.ide.mcu.externaltools.gnu-tools-for-stm32.7-2018-q2-update.win32_1.0.0.201904181610/tools/bin/../lib/gcc/arm-none-eabi/7.3.1/thumb/v7e-m/fpv4-sp/hard/crtbegin.o
LOAD c:/st/stm32cubeide_1.0.2/stm32cubeide/plugins/com.st.stm32cube.ide.mcu.externaltools.gnu-tools-for-stm32.7-2018-q2-update.win32_1.0.0.201904181610/tools/bin/../lib/gcc/arm-none-eabi/7.3.1/../../../../arm-none-eabi/lib/thumb/v7e-m/fpv4-sp/hard/crt0.o
LOAD Drivers/BSP/CCA02M1/cca02m1_audio.o
LOAD Drivers/BSP/Components/ad1974/ad1974.o
LOAD Drivers/BSP/Components/ad1974/ad1974_reg.o
LOAD Drivers/BSP/Components/adau1978/adau1978.o
LOAD Drivers/BSP/Components/adau1978/adau1978_reg.o
LOAD Drivers/BSP/STM32F4xx-Nucleo/stm32f4xx_nucleo.o
LOAD Drivers/STM32F4xx_HAL_Driver/Src/Legacy/stm32f4xx_hal_can.o
LOAD Drivers/STM32F4xx_HAL_Driver/Src/stm32f4xx_hal.o
LOAD Drivers/STM32F4xx_HAL_Driver/Src/stm32f4xx_hal_adc.o
LOAD Drivers/STM32F4xx_HAL_Driver/Src/stm32f4xx_hal_adc_ex.o
LOAD Drivers/STM32F4xx_HAL_Driver/Src/stm32f4xx_hal_cortex.o
LOAD Drivers/STM32F4xx_HAL_Driver/Src/stm32f4xx_hal_dma.o
LOAD Drivers/STM32F4xx_HAL_Driver/Src/stm32f4xx_hal_dma_ex.o
LOAD Drivers/STM32F4xx_HAL_Driver/Src/stm32f4xx_hal_flash.o
LOAD Drivers/STM32F4xx_HAL_Driver/Src/stm32f4xx_hal_flash_ex.o
LOAD Drivers/STM32F4xx_HAL_Driver/Src/stm32f4xx_hal_flash_ramfunc.o
LOAD Drivers/STM32F4xx_HAL_Driver/Src/stm32f4xx_hal_gpio.o
LOAD Drivers/STM32F4xx_HAL_Driver/Src/stm32f4xx_hal_i2c.o
LOAD Drivers/STM32F4xx_HAL_Driver/Src/stm32f4xx_hal_i2c_ex.o
LOAD Drivers/STM32F4xx_HAL_Driver/Src/stm32f4xx_hal_i2s.o
LOAD Drivers/STM32F4xx_HAL_Driver/Src/stm32f4xx_hal_i2s_ex.o
LOAD Drivers/STM32F4xx_HAL_Driver/Src/stm32f4xx_hal_pcd.o
LOAD Drivers/STM32F4xx_HAL_Driver/Src/stm32f4xx_hal_pcd_ex.o
LOAD Drivers/STM32F4xx_HAL_Driver/Src/stm32f4xx_hal_pwr.o
LOAD Drivers/STM32F4xx_HAL_Driver/Src/stm32f4xx_hal_rcc.o
LOAD Drivers/STM32F4xx_HAL_Driver/Src/stm32f4xx_hal_rcc_ex.o
LOAD Drivers/STM32F4xx_HAL_Driver/Src/stm32f4xx_hal_spi.o
LOAD Drivers/STM32F4xx_HAL_Driver/Src/stm32f4xx_hal_tim.o
LOAD Drivers/STM32F4xx_HAL_Driver/Src/stm32f4xx_hal_tim_ex.o
LOAD Drivers/STM32F4xx_HAL_Driver/Src/stm32f4xx_hal_uart.o
LOAD Drivers/STM32F4xx_HAL_Driver/Src/stm32f4xx_ll_usb.o
LOAD Middlewares/ST/STM32_USB_Device_Library/Class/AUDIO/Src/usbd_audio_if_template.o
LOAD Middlewares/ST/STM32_USB_Device_Library/Class/AUDIO/Src/usbd_audio_in.o
LOAD Middlewares/ST/STM32_USB_Device_Library/Core/Src/usbd_core.o
LOAD Middlewares/ST/STM32_USB_Device_Library/Core/Src/usbd_ctlreq.o
LOAD Middlewares/ST/STM32_USB_Device_Library/Core/Src/usbd_ioreq.o
LOAD Src/arm_fir_decimate_init_q15.o
LOAD Src/arm_fir_decimate_q15.o
LOAD Src/audio_application.o
LOAD Src/cube_hal_f4.o
LOAD Src/main.o
LOAD Src/stm32xx_it.o
LOAD Src/syscalls.o
LOAD Src/sysmem.o
LOAD Src/system_stm32f4xx.o
LOAD Src/usart.o
LOAD Src/usbd_audio_if.o
LOAD Src/usbd_conf_f4.o
LOAD Src/usbd_desc.o
LOAD Startup/startup_stm32f446retx.o
LOAD C:\Users\10007069\STM32CubeIDE\workspace_1.0.2\MEMS_RECORDER\Middlewares\ST\STM32_Audio\Addons\PDM\Lib\libPDMFilter_CM4_GCC_wc32.a
START GROUP
LOAD c:/st/stm32cubeide_1.0.2/stm32cubeide/plugins/com.st.stm32cube.ide.mcu.externaltools.gnu-tools-for-stm32.7-2018-q2-update.win32_1.0.0.201904181610/tools/bin/../lib/gcc/arm-none-eabi/7.3.1/../../../../arm-none-eabi/lib/thumb/v7e-m/fpv4-sp/hard\libc_nano.a
LOAD c:/st/stm32cubeide_1.0.2/stm32cubeide/plugins/com.st.stm32cube.ide.mcu.externaltools.gnu-tools-for-stm32.7-2018-q2-update.win32_1.0.0.201904181610/tools/bin/../lib/gcc/arm-none-eabi/7.3.1/../../../../arm-none-eabi/lib/thumb/v7e-m/fpv4-sp/hard\libm.a
END GROUP
START GROUP
LOAD c:/st/stm32cubeide_1.0.2/stm32cubeide/plugins/com.st.stm32cube.ide.mcu.externaltools.gnu-tools-for-stm32.7-2018-q2-update.win32_1.0.0.201904181610/tools/bin/../lib/gcc/arm-none-eabi/7.3.1/thumb/v7e-m/fpv4-sp/hard\libgcc.a
LOAD c:/st/stm32cubeide_1.0.2/stm32cubeide/plugins/com.st.stm32cube.ide.mcu.externaltools.gnu-tools-for-stm32.7-2018-q2-update.win32_1.0.0.201904181610/tools/bin/../lib/gcc/arm-none-eabi/7.3.1/../../../../arm-none-eabi/lib/thumb/v7e-m/fpv4-sp/hard\libc_nano.a
END GROUP
START GROUP
LOAD c:/st/stm32cubeide_1.0.2/stm32cubeide/plugins/com.st.stm32cube.ide.mcu.externaltools.gnu-tools-for-stm32.7-2018-q2-update.win32_1.0.0.201904181610/tools/bin/../lib/gcc/arm-none-eabi/7.3.1/thumb/v7e-m/fpv4-sp/hard\libgcc.a
LOAD c:/st/stm32cubeide_1.0.2/stm32cubeide/plugins/com.st.stm32cube.ide.mcu.externaltools.gnu-tools-for-stm32.7-2018-q2-update.win32_1.0.0.201904181610/tools/bin/../lib/gcc/arm-none-eabi/7.3.1/../../../../arm-none-eabi/lib/thumb/v7e-m/fpv4-sp/hard\libc_nano.a
LOAD c:/st/stm32cubeide_1.0.2/stm32cubeide/plugins/com.st.stm32cube.ide.mcu.externaltools.gnu-tools-for-stm32.7-2018-q2-update.win32_1.0.0.201904181610/tools/bin/../lib/gcc/arm-none-eabi/7.3.1/../../../../arm-none-eabi/lib/thumb/v7e-m/fpv4-sp/hard\libnosys.a
END GROUP
START GROUP
LOAD c:/st/stm32cubeide_1.0.2/stm32cubeide/plugins/com.st.stm32cube.ide.mcu.externaltools.gnu-tools-for-stm32.7-2018-q2-update.win32_1.0.0.201904181610/tools/bin/../lib/gcc/arm-none-eabi/7.3.1/thumb/v7e-m/fpv4-sp/hard\libgcc.a
LOAD c:/st/stm32cubeide_1.0.2/stm32cubeide/plugins/com.st.stm32cube.ide.mcu.externaltools.gnu-tools-for-stm32.7-2018-q2-update.win32_1.0.0.201904181610/tools/bin/../lib/gcc/arm-none-eabi/7.3.1/../../../../arm-none-eabi/lib/thumb/v7e-m/fpv4-sp/hard\libc_nano.a
LOAD c:/st/stm32cubeide_1.0.2/stm32cubeide/plugins/com.st.stm32cube.ide.mcu.externaltools.gnu-tools-for-stm32.7-2018-q2-update.win32_1.0.0.201904181610/tools/bin/../lib/gcc/arm-none-eabi/7.3.1/../../../../arm-none-eabi/lib/thumb/v7e-m/fpv4-sp/hard\libnosys.a
END GROUP
LOAD c:/st/stm32cubeide_1.0.2/stm32cubeide/plugins/com.st.stm32cube.ide.mcu.externaltools.gnu-tools-for-stm32.7-2018-q2-update.win32_1.0.0.201904181610/tools/bin/../lib/gcc/arm-none-eabi/7.3.1/thumb/v7e-m/fpv4-sp/hard/crtend.o
LOAD c:/st/stm32cubeide_1.0.2/stm32cubeide/plugins/com.st.stm32cube.ide.mcu.externaltools.gnu-tools-for-stm32.7-2018-q2-update.win32_1.0.0.201904181610/tools/bin/../lib/gcc/arm-none-eabi/7.3.1/thumb/v7e-m/fpv4-sp/hard/crtn.o
                0x0000000020020000                _estack = 0x20020000
                0x0000000000000200                _Min_Heap_Size = 0x200
                0x0000000000000400                _Min_Stack_Size = 0x400

.isr_vector     0x0000000008000000      0x1c4
                0x0000000008000000                . = ALIGN (0x4)
 *(.isr_vector)
 .isr_vector    0x0000000008000000      0x1c4 Startup/startup_stm32f446retx.o
                0x0000000008000000                g_pfnVectors
                0x00000000080001c4                . = ALIGN (0x4)

.text           0x00000000080001d0    0x137a4
                0x00000000080001d0                . = ALIGN (0x4)
 *(.text)
 .text          0x00000000080001d0       0x40 c:/st/stm32cubeide_1.0.2/stm32cubeide/plugins/com.st.stm32cube.ide.mcu.externaltools.gnu-tools-for-stm32.7-2018-q2-update.win32_1.0.0.201904181610/tools/bin/../lib/gcc/arm-none-eabi/7.3.1/thumb/v7e-m/fpv4-sp/hard/crtbegin.o
 .text          0x0000000008000210       0x10 c:/st/stm32cubeide_1.0.2/stm32cubeide/plugins/com.st.stm32cube.ide.mcu.externaltools.gnu-tools-for-stm32.7-2018-q2-update.win32_1.0.0.201904181610/tools/bin/../lib/gcc/arm-none-eabi/7.3.1/../../../../arm-none-eabi/lib/thumb/v7e-m/fpv4-sp/hard\libc_nano.a(lib_a-strlen.o)
                0x0000000008000210                strlen
 .text          0x0000000008000220       0xa0 c:/st/stm32cubeide_1.0.2/stm32cubeide/plugins/com.st.stm32cube.ide.mcu.externaltools.gnu-tools-for-stm32.7-2018-q2-update.win32_1.0.0.201904181610/tools/bin/../lib/gcc/arm-none-eabi/7.3.1/../../../../arm-none-eabi/lib/thumb/v7e-m/fpv4-sp/hard\libc_nano.a(lib_a-memchr.o)
                0x0000000008000220                memchr
 .text          0x00000000080002c0      0x378 c:/st/stm32cubeide_1.0.2/stm32cubeide/plugins/com.st.stm32cube.ide.mcu.externaltools.gnu-tools-for-stm32.7-2018-q2-update.win32_1.0.0.201904181610/tools/bin/../lib/gcc/arm-none-eabi/7.3.1/thumb/v7e-m/fpv4-sp/hard\libgcc.a(_arm_addsubdf3.o)
                0x00000000080002c0                __aeabi_drsub
                0x00000000080002c8                __aeabi_dsub
                0x00000000080002c8                __subdf3
                0x00000000080002cc                __aeabi_dadd
                0x00000000080002cc                __adddf3
                0x0000000008000544                __floatunsidf
                0x0000000008000544                __aeabi_ui2d
                0x0000000008000564                __floatsidf
                0x0000000008000564                __aeabi_i2d
                0x0000000008000588                __aeabi_f2d
                0x0000000008000588                __extendsfdf2
                0x00000000080005cc                __floatundidf
                0x00000000080005cc                __aeabi_ul2d
                0x00000000080005dc                __floatdidf
                0x00000000080005dc                __aeabi_l2d
 .text          0x0000000008000638      0x424 c:/st/stm32cubeide_1.0.2/stm32cubeide/plugins/com.st.stm32cube.ide.mcu.externaltools.gnu-tools-for-stm32.7-2018-q2-update.win32_1.0.0.201904181610/tools/bin/../lib/gcc/arm-none-eabi/7.3.1/thumb/v7e-m/fpv4-sp/hard\libgcc.a(_arm_muldivdf3.o)
                0x0000000008000638                __aeabi_dmul
                0x0000000008000638                __muldf3
                0x000000000800088c                __divdf3
                0x000000000800088c                __aeabi_ddiv
 .text          0x0000000008000a5c      0x110 c:/st/stm32cubeide_1.0.2/stm32cubeide/plugins/com.st.stm32cube.ide.mcu.externaltools.gnu-tools-for-stm32.7-2018-q2-update.win32_1.0.0.201904181610/tools/bin/../lib/gcc/arm-none-eabi/7.3.1/thumb/v7e-m/fpv4-sp/hard\libgcc.a(_arm_cmpdf2.o)
                0x0000000008000a5c                __gtdf2
                0x0000000008000a5c                __gedf2
                0x0000000008000a64                __ltdf2
                0x0000000008000a64                __ledf2
                0x0000000008000a6c                __nedf2
                0x0000000008000a6c                __eqdf2
                0x0000000008000a6c                __cmpdf2
                0x0000000008000ae8                __aeabi_cdrcmple
                0x0000000008000af8                __aeabi_cdcmpeq
                0x0000000008000af8                __aeabi_cdcmple
                0x0000000008000b08                __aeabi_dcmpeq
                0x0000000008000b1c                __aeabi_dcmplt
                0x0000000008000b30                __aeabi_dcmple
                0x0000000008000b44                __aeabi_dcmpge
                0x0000000008000b58                __aeabi_dcmpgt
 .text          0x0000000008000b6c       0x2c c:/st/stm32cubeide_1.0.2/stm32cubeide/plugins/com.st.stm32cube.ide.mcu.externaltools.gnu-tools-for-stm32.7-2018-q2-update.win32_1.0.0.201904181610/tools/bin/../lib/gcc/arm-none-eabi/7.3.1/thumb/v7e-m/fpv4-sp/hard\libgcc.a(_arm_unorddf2.o)
                0x0000000008000b6c                __unorddf2
                0x0000000008000b6c                __aeabi_dcmpun
 .text          0x0000000008000b98       0x50 c:/st/stm32cubeide_1.0.2/stm32cubeide/plugins/com.st.stm32cube.ide.mcu.externaltools.gnu-tools-for-stm32.7-2018-q2-update.win32_1.0.0.201904181610/tools/bin/../lib/gcc/arm-none-eabi/7.3.1/thumb/v7e-m/fpv4-sp/hard\libgcc.a(_arm_fixdfsi.o)
                0x0000000008000b98                __aeabi_d2iz
                0x0000000008000b98                __fixdfsi
 .text          0x0000000008000be8       0x40 c:/st/stm32cubeide_1.0.2/stm32cubeide/plugins/com.st.stm32cube.ide.mcu.externaltools.gnu-tools-for-stm32.7-2018-q2-update.win32_1.0.0.201904181610/tools/bin/../lib/gcc/arm-none-eabi/7.3.1/thumb/v7e-m/fpv4-sp/hard\libgcc.a(_arm_fixunsdfsi.o)
                0x0000000008000be8                __aeabi_d2uiz
                0x0000000008000be8                __fixunsdfsi
 .text          0x0000000008000c28       0xa0 c:/st/stm32cubeide_1.0.2/stm32cubeide/plugins/com.st.stm32cube.ide.mcu.externaltools.gnu-tools-for-stm32.7-2018-q2-update.win32_1.0.0.201904181610/tools/bin/../lib/gcc/arm-none-eabi/7.3.1/thumb/v7e-m/fpv4-sp/hard\libgcc.a(_arm_truncdfsf2.o)
                0x0000000008000c28                __truncdfsf2
                0x0000000008000c28                __aeabi_d2f
 .text          0x0000000008000cc8       0x30 c:/st/stm32cubeide_1.0.2/stm32cubeide/plugins/com.st.stm32cube.ide.mcu.externaltools.gnu-tools-for-stm32.7-2018-q2-update.win32_1.0.0.201904181610/tools/bin/../lib/gcc/arm-none-eabi/7.3.1/thumb/v7e-m/fpv4-sp/hard\libgcc.a(_aeabi_uldivmod.o)
                0x0000000008000cc8                __aeabi_uldivmod
 .text          0x0000000008000cf8      0x2cc c:/st/stm32cubeide_1.0.2/stm32cubeide/plugins/com.st.stm32cube.ide.mcu.externaltools.gnu-tools-for-stm32.7-2018-q2-update.win32_1.0.0.201904181610/tools/bin/../lib/gcc/arm-none-eabi/7.3.1/thumb/v7e-m/fpv4-sp/hard\libgcc.a(_udivmoddi4.o)
                0x0000000008000cf8                __udivmoddi4
 .text          0x0000000008000fc4        0x4 c:/st/stm32cubeide_1.0.2/stm32cubeide/plugins/com.st.stm32cube.ide.mcu.externaltools.gnu-tools-for-stm32.7-2018-q2-update.win32_1.0.0.201904181610/tools/bin/../lib/gcc/arm-none-eabi/7.3.1/thumb/v7e-m/fpv4-sp/hard\libgcc.a(_dvmd_tls.o)
                0x0000000008000fc4                __aeabi_idiv0
                0x0000000008000fc4                __aeabi_ldiv0
 *(.text*)
 .text.CCA02M1_AUDIO_IN_Init
                0x0000000008000fc8      0x2b8 Drivers/BSP/CCA02M1/cca02m1_audio.o
                0x0000000008000fc8                CCA02M1_AUDIO_IN_Init
 .text.MX_I2S_IN_ClockConfig
                0x0000000008001280       0x80 Drivers/BSP/CCA02M1/cca02m1_audio.o
                0x0000000008001280                MX_I2S_IN_ClockConfig
 .text.MX_SPI_Init
                0x0000000008001300       0xf4 Drivers/BSP/CCA02M1/cca02m1_audio.o
                0x0000000008001300                MX_SPI_Init
 .text.MX_I2S_IN_Init
                0x00000000080013f4      0x128 Drivers/BSP/CCA02M1/cca02m1_audio.o
                0x00000000080013f4                MX_I2S_IN_Init
 .text.CCA02M1_AUDIO_IN_PDMToPCM_Init
                0x000000000800151c      0x2c8 Drivers/BSP/CCA02M1/cca02m1_audio.o
                0x000000000800151c                CCA02M1_AUDIO_IN_PDMToPCM_Init
 .text.CCA02M1_AUDIO_IN_PDMToPCM
                0x00000000080017e4      0x108 Drivers/BSP/CCA02M1/cca02m1_audio.o
                0x00000000080017e4                CCA02M1_AUDIO_IN_PDMToPCM
 .text.CCA02M1_AUDIO_IN_Record
                0x00000000080018ec       0xfc Drivers/BSP/CCA02M1/cca02m1_audio.o
                0x00000000080018ec                CCA02M1_AUDIO_IN_Record
 .text.CCA02M1_AUDIO_IN_SetVolume
                0x00000000080019e8       0xd0 Drivers/BSP/CCA02M1/cca02m1_audio.o
                0x00000000080019e8                CCA02M1_AUDIO_IN_SetVolume
 .text.HAL_I2S_RxCpltCallback
                0x0000000008001ab8      0x24c Drivers/BSP/CCA02M1/cca02m1_audio.o
                0x0000000008001ab8                HAL_I2S_RxCpltCallback
 .text.HAL_I2S_RxHalfCpltCallback
                0x0000000008001d04      0x224 Drivers/BSP/CCA02M1/cca02m1_audio.o
                0x0000000008001d04                HAL_I2S_RxHalfCpltCallback
 .text.I2S_MspInit
                0x0000000008001f28       0xa4 Drivers/BSP/CCA02M1/cca02m1_audio.o
 .text.SPI_MspInit
                0x0000000008001fcc       0xd8 Drivers/BSP/CCA02M1/cca02m1_audio.o
 .text.AUDIO_IN_Timer_Init
                0x00000000080020a4      0x168 Drivers/BSP/CCA02M1/cca02m1_audio.o
 .text.AUDIO_IN_Timer_Start
                0x000000000800220c       0x3c Drivers/BSP/CCA02M1/cca02m1_audio.o
 .text.HAL_Init
                0x0000000008002248       0x44 Drivers/STM32F4xx_HAL_Driver/Src/stm32f4xx_hal.o
                0x0000000008002248                HAL_Init
 .text.HAL_MspInit
                0x000000000800228c        0xe Drivers/STM32F4xx_HAL_Driver/Src/stm32f4xx_hal.o
                0x000000000800228c                HAL_MspInit
 *fill*         0x000000000800229a        0x2 
 .text.HAL_InitTick
                0x000000000800229c       0x60 Drivers/STM32F4xx_HAL_Driver/Src/stm32f4xx_hal.o
                0x000000000800229c                HAL_InitTick
 .text.HAL_IncTick
                0x00000000080022fc       0x28 Drivers/STM32F4xx_HAL_Driver/Src/stm32f4xx_hal.o
                0x00000000080022fc                HAL_IncTick
 .text.HAL_GetTick
                0x0000000008002324       0x18 Drivers/STM32F4xx_HAL_Driver/Src/stm32f4xx_hal.o
                0x0000000008002324                HAL_GetTick
 .text.HAL_Delay
                0x000000000800233c       0x44 Drivers/STM32F4xx_HAL_Driver/Src/stm32f4xx_hal.o
                0x000000000800233c                HAL_Delay
 .text.__NVIC_SetPriorityGrouping
                0x0000000008002380       0x48 Drivers/STM32F4xx_HAL_Driver/Src/stm32f4xx_hal_cortex.o
 .text.__NVIC_GetPriorityGrouping
                0x00000000080023c8       0x1c Drivers/STM32F4xx_HAL_Driver/Src/stm32f4xx_hal_cortex.o
 .text.__NVIC_EnableIRQ
                0x00000000080023e4       0x3c Drivers/STM32F4xx_HAL_Driver/Src/stm32f4xx_hal_cortex.o
 .text.__NVIC_SetPriority
                0x0000000008002420       0x54 Drivers/STM32F4xx_HAL_Driver/Src/stm32f4xx_hal_cortex.o
 .text.NVIC_EncodePriority
                0x0000000008002474       0x66 Drivers/STM32F4xx_HAL_Driver/Src/stm32f4xx_hal_cortex.o
 *fill*         0x00000000080024da        0x2 
 .text.SysTick_Config
                0x00000000080024dc       0x44 Drivers/STM32F4xx_HAL_Driver/Src/stm32f4xx_hal_cortex.o
 .text.HAL_NVIC_SetPriorityGrouping
                0x0000000008002520       0x16 Drivers/STM32F4xx_HAL_Driver/Src/stm32f4xx_hal_cortex.o
                0x0000000008002520                HAL_NVIC_SetPriorityGrouping
 .text.HAL_NVIC_SetPriority
                0x0000000008002536       0x38 Drivers/STM32F4xx_HAL_Driver/Src/stm32f4xx_hal_cortex.o
                0x0000000008002536                HAL_NVIC_SetPriority
 .text.HAL_NVIC_EnableIRQ
                0x000000000800256e       0x1c Drivers/STM32F4xx_HAL_Driver/Src/stm32f4xx_hal_cortex.o
                0x000000000800256e                HAL_NVIC_EnableIRQ
 .text.HAL_SYSTICK_Config
                0x000000000800258a       0x18 Drivers/STM32F4xx_HAL_Driver/Src/stm32f4xx_hal_cortex.o
                0x000000000800258a                HAL_SYSTICK_Config
 *fill*         0x00000000080025a2        0x2 
 .text.HAL_DMA_Init
                0x00000000080025a4      0x15c Drivers/STM32F4xx_HAL_Driver/Src/stm32f4xx_hal_dma.o
                0x00000000080025a4                HAL_DMA_Init
 .text.HAL_DMA_DeInit
                0x0000000008002700       0xbc Drivers/STM32F4xx_HAL_Driver/Src/stm32f4xx_hal_dma.o
                0x0000000008002700                HAL_DMA_DeInit
 .text.HAL_DMA_Start_IT
                0x00000000080027bc       0xb0 Drivers/STM32F4xx_HAL_Driver/Src/stm32f4xx_hal_dma.o
                0x00000000080027bc                HAL_DMA_Start_IT
 .text.HAL_DMA_IRQHandler
                0x000000000800286c      0x314 Drivers/STM32F4xx_HAL_Driver/Src/stm32f4xx_hal_dma.o
                0x000000000800286c                HAL_DMA_IRQHandler
 .text.DMA_SetConfig
                0x0000000008002b80       0x5c Drivers/STM32F4xx_HAL_Driver/Src/stm32f4xx_hal_dma.o
 .text.DMA_CalcBaseAndBitshift
                0x0000000008002bdc       0x6c Drivers/STM32F4xx_HAL_Driver/Src/stm32f4xx_hal_dma.o
 .text.DMA_CheckFifoParam
                0x0000000008002c48       0xf4 Drivers/STM32F4xx_HAL_Driver/Src/stm32f4xx_hal_dma.o
 .text.HAL_GPIO_Init
                0x0000000008002d3c      0x324 Drivers/STM32F4xx_HAL_Driver/Src/stm32f4xx_hal_gpio.o
                0x0000000008002d3c                HAL_GPIO_Init
 .text.HAL_I2S_Init
                0x0000000008003060      0x1f0 Drivers/STM32F4xx_HAL_Driver/Src/stm32f4xx_hal_i2s.o
                0x0000000008003060                HAL_I2S_Init
 .text.HAL_I2S_MspInit
                0x0000000008003250       0x14 Drivers/STM32F4xx_HAL_Driver/Src/stm32f4xx_hal_i2s.o
                0x0000000008003250                HAL_I2S_MspInit
 .text.HAL_I2S_Receive_DMA
                0x0000000008003264      0x178 Drivers/STM32F4xx_HAL_Driver/Src/stm32f4xx_hal_i2s.o
                0x0000000008003264                HAL_I2S_Receive_DMA
 .text.HAL_I2S_TxCpltCallback
                0x00000000080033dc       0x14 Drivers/STM32F4xx_HAL_Driver/Src/stm32f4xx_hal_i2s.o
                0x00000000080033dc                HAL_I2S_TxCpltCallback
 .text.HAL_I2S_ErrorCallback
                0x00000000080033f0       0x14 Drivers/STM32F4xx_HAL_Driver/Src/stm32f4xx_hal_i2s.o
                0x00000000080033f0                HAL_I2S_ErrorCallback
 .text.I2S_DMARxCplt
                0x0000000008003404       0x42 Drivers/STM32F4xx_HAL_Driver/Src/stm32f4xx_hal_i2s.o
 .text.I2S_DMARxHalfCplt
                0x0000000008003446       0x1c Drivers/STM32F4xx_HAL_Driver/Src/stm32f4xx_hal_i2s.o
 .text.I2S_DMAError
                0x0000000008003462       0x4c Drivers/STM32F4xx_HAL_Driver/Src/stm32f4xx_hal_i2s.o
 .text.I2S_Transmit_IT
                0x00000000080034ae       0x5c Drivers/STM32F4xx_HAL_Driver/Src/stm32f4xx_hal_i2s.o
 .text.I2S_Receive_IT
                0x000000000800350a       0x5e Drivers/STM32F4xx_HAL_Driver/Src/stm32f4xx_hal_i2s.o
 .text.I2S_IRQHandler
                0x0000000008003568      0x114 Drivers/STM32F4xx_HAL_Driver/Src/stm32f4xx_hal_i2s.o
 .text.HAL_PCD_Init
                0x000000000800367c      0x248 Drivers/STM32F4xx_HAL_Driver/Src/stm32f4xx_hal_pcd.o
                0x000000000800367c                HAL_PCD_Init
 .text.HAL_PCD_Start
                0x00000000080038c4       0x66 Drivers/STM32F4xx_HAL_Driver/Src/stm32f4xx_hal_pcd.o
                0x00000000080038c4                HAL_PCD_Start
 .text.HAL_PCD_IRQHandler
                0x000000000800392a      0x7be Drivers/STM32F4xx_HAL_Driver/Src/stm32f4xx_hal_pcd.o
                0x000000000800392a                HAL_PCD_IRQHandler
 .text.HAL_PCD_SetAddress
                0x00000000080040e8       0x4a Drivers/STM32F4xx_HAL_Driver/Src/stm32f4xx_hal_pcd.o
                0x00000000080040e8                HAL_PCD_SetAddress
 .text.HAL_PCD_EP_Open
                0x0000000008004132       0xd0 Drivers/STM32F4xx_HAL_Driver/Src/stm32f4xx_hal_pcd.o
                0x0000000008004132                HAL_PCD_EP_Open
 .text.HAL_PCD_EP_Close
                0x0000000008004202       0x94 Drivers/STM32F4xx_HAL_Driver/Src/stm32f4xx_hal_pcd.o
                0x0000000008004202                HAL_PCD_EP_Close
 .text.HAL_PCD_EP_Receive
                0x0000000008004296       0x96 Drivers/STM32F4xx_HAL_Driver/Src/stm32f4xx_hal_pcd.o
                0x0000000008004296                HAL_PCD_EP_Receive
 .text.HAL_PCD_EP_Transmit
                0x000000000800432c       0x94 Drivers/STM32F4xx_HAL_Driver/Src/stm32f4xx_hal_pcd.o
                0x000000000800432c                HAL_PCD_EP_Transmit
 .text.HAL_PCD_EP_SetStall
                0x00000000080043c0       0xc8 Drivers/STM32F4xx_HAL_Driver/Src/stm32f4xx_hal_pcd.o
                0x00000000080043c0                HAL_PCD_EP_SetStall
 .text.HAL_PCD_EP_ClrStall
                0x0000000008004488       0xac Drivers/STM32F4xx_HAL_Driver/Src/stm32f4xx_hal_pcd.o
                0x0000000008004488                HAL_PCD_EP_ClrStall
 .text.HAL_PCD_EP_Flush
                0x0000000008004534       0x5a Drivers/STM32F4xx_HAL_Driver/Src/stm32f4xx_hal_pcd.o
                0x0000000008004534                HAL_PCD_EP_Flush
 .text.PCD_WriteEmptyTxFifo
                0x000000000800458e      0x11a Drivers/STM32F4xx_HAL_Driver/Src/stm32f4xx_hal_pcd.o
 .text.PCD_EP_OutXfrComplete_int
                0x00000000080046a8      0x218 Drivers/STM32F4xx_HAL_Driver/Src/stm32f4xx_hal_pcd.o
 .text.PCD_EP_OutSetupPacket_int
                0x00000000080048c0       0x8c Drivers/STM32F4xx_HAL_Driver/Src/stm32f4xx_hal_pcd.o
 .text.HAL_PCDEx_SetTxFiFo
                0x000000000800494c       0x8e Drivers/STM32F4xx_HAL_Driver/Src/stm32f4xx_hal_pcd_ex.o
                0x000000000800494c                HAL_PCDEx_SetTxFiFo
 .text.HAL_PCDEx_SetRxFiFo
                0x00000000080049da       0x22 Drivers/STM32F4xx_HAL_Driver/Src/stm32f4xx_hal_pcd_ex.o
                0x00000000080049da                HAL_PCDEx_SetRxFiFo
 .text.HAL_PCDEx_ActivateLPM
                0x00000000080049fc       0x48 Drivers/STM32F4xx_HAL_Driver/Src/stm32f4xx_hal_pcd_ex.o
                0x00000000080049fc                HAL_PCDEx_ActivateLPM
 .text.HAL_PCDEx_LPM_Callback
                0x0000000008004a44       0x18 Drivers/STM32F4xx_HAL_Driver/Src/stm32f4xx_hal_pcd_ex.o
                0x0000000008004a44                HAL_PCDEx_LPM_Callback
 .text.HAL_RCC_ClockConfig
                0x0000000008004a5c      0x1cc Drivers/STM32F4xx_HAL_Driver/Src/stm32f4xx_hal_rcc.o
                0x0000000008004a5c                HAL_RCC_ClockConfig
 .text.HAL_RCC_GetHCLKFreq
                0x0000000008004c28       0x18 Drivers/STM32F4xx_HAL_Driver/Src/stm32f4xx_hal_rcc.o
                0x0000000008004c28                HAL_RCC_GetHCLKFreq
 .text.HAL_RCC_GetPCLK1Freq
                0x0000000008004c40       0x28 Drivers/STM32F4xx_HAL_Driver/Src/stm32f4xx_hal_rcc.o
                0x0000000008004c40                HAL_RCC_GetPCLK1Freq
 .text.HAL_RCC_GetPCLK2Freq
                0x0000000008004c68       0x28 Drivers/STM32F4xx_HAL_Driver/Src/stm32f4xx_hal_rcc.o
                0x0000000008004c68                HAL_RCC_GetPCLK2Freq
 .text.HAL_RCCEx_PeriphCLKConfig
                0x0000000008004c90      0x654 Drivers/STM32F4xx_HAL_Driver/Src/stm32f4xx_hal_rcc_ex.o
                0x0000000008004c90                HAL_RCCEx_PeriphCLKConfig
 .text.HAL_RCCEx_GetPeriphCLKConfig
                0x00000000080052e4      0x18c Drivers/STM32F4xx_HAL_Driver/Src/stm32f4xx_hal_rcc_ex.o
                0x00000000080052e4                HAL_RCCEx_GetPeriphCLKConfig
 .text.HAL_RCCEx_GetPeriphCLKFreq
                0x0000000008005470      0x43c Drivers/STM32F4xx_HAL_Driver/Src/stm32f4xx_hal_rcc_ex.o
                0x0000000008005470                HAL_RCCEx_GetPeriphCLKFreq
 .text.HAL_RCC_GetSysClockFreq
                0x00000000080058ac      0x340 Drivers/STM32F4xx_HAL_Driver/Src/stm32f4xx_hal_rcc_ex.o
                0x00000000080058ac                HAL_RCC_GetSysClockFreq
 .text.HAL_RCC_OscConfig
                0x0000000008005bec      0x4bc Drivers/STM32F4xx_HAL_Driver/Src/stm32f4xx_hal_rcc_ex.o
                0x0000000008005bec                HAL_RCC_OscConfig
 .text.HAL_SPI_Init
                0x00000000080060a8       0xc8 Drivers/STM32F4xx_HAL_Driver/Src/stm32f4xx_hal_spi.o
                0x00000000080060a8                HAL_SPI_Init
 .text.HAL_SPI_MspInit
                0x0000000008006170       0x14 Drivers/STM32F4xx_HAL_Driver/Src/stm32f4xx_hal_spi.o
                0x0000000008006170                HAL_SPI_MspInit
 .text.HAL_SPI_Receive_DMA
                0x0000000008006184      0x180 Drivers/STM32F4xx_HAL_Driver/Src/stm32f4xx_hal_spi.o
                0x0000000008006184                HAL_SPI_Receive_DMA
 .text.HAL_SPI_TransmitReceive_DMA
                0x0000000008006304      0x204 Drivers/STM32F4xx_HAL_Driver/Src/stm32f4xx_hal_spi.o
                0x0000000008006304                HAL_SPI_TransmitReceive_DMA
 .text.HAL_SPI_RxCpltCallback
                0x0000000008006508       0x14 Drivers/STM32F4xx_HAL_Driver/Src/stm32f4xx_hal_spi.o
                0x0000000008006508                HAL_SPI_RxCpltCallback
 .text.HAL_SPI_TxRxCpltCallback
                0x000000000800651c       0x14 Drivers/STM32F4xx_HAL_Driver/Src/stm32f4xx_hal_spi.o
                0x000000000800651c                HAL_SPI_TxRxCpltCallback
 .text.HAL_SPI_RxHalfCpltCallback
                0x0000000008006530       0x14 Drivers/STM32F4xx_HAL_Driver/Src/stm32f4xx_hal_spi.o
                0x0000000008006530                HAL_SPI_RxHalfCpltCallback
 .text.HAL_SPI_TxRxHalfCpltCallback
                0x0000000008006544       0x14 Drivers/STM32F4xx_HAL_Driver/Src/stm32f4xx_hal_spi.o
                0x0000000008006544                HAL_SPI_TxRxHalfCpltCallback
 .text.HAL_SPI_ErrorCallback
                0x0000000008006558       0x14 Drivers/STM32F4xx_HAL_Driver/Src/stm32f4xx_hal_spi.o
                0x0000000008006558                HAL_SPI_ErrorCallback
 .text.SPI_DMAReceiveCplt
                0x000000000800656c       0xa8 Drivers/STM32F4xx_HAL_Driver/Src/stm32f4xx_hal_spi.o
 .text.SPI_DMATransmitReceiveCplt
                0x0000000008006614       0x90 Drivers/STM32F4xx_HAL_Driver/Src/stm32f4xx_hal_spi.o
 .text.SPI_DMAHalfReceiveCplt
                0x00000000080066a4       0x1c Drivers/STM32F4xx_HAL_Driver/Src/stm32f4xx_hal_spi.o
 .text.SPI_DMAHalfTransmitReceiveCplt
                0x00000000080066c0       0x1c Drivers/STM32F4xx_HAL_Driver/Src/stm32f4xx_hal_spi.o
 .text.SPI_DMAError
                0x00000000080066dc       0x40 Drivers/STM32F4xx_HAL_Driver/Src/stm32f4xx_hal_spi.o
 .text.SPI_WaitFlagStateUntilTimeout
                0x000000000800671c       0xd4 Drivers/STM32F4xx_HAL_Driver/Src/stm32f4xx_hal_spi.o
 .text.SPI_EndRxTransaction
                0x00000000080067f0       0xca Drivers/STM32F4xx_HAL_Driver/Src/stm32f4xx_hal_spi.o
 *fill*         0x00000000080068ba        0x2 
 .text.SPI_EndRxTxTransaction
                0x00000000080068bc       0x84 Drivers/STM32F4xx_HAL_Driver/Src/stm32f4xx_hal_spi.o
 .text.HAL_TIM_OC_Start
                0x0000000008006940       0x7c Drivers/STM32F4xx_HAL_Driver/Src/stm32f4xx_hal_tim.o
                0x0000000008006940                HAL_TIM_OC_Start
 .text.HAL_TIM_PWM_Init
                0x00000000080069bc       0x56 Drivers/STM32F4xx_HAL_Driver/Src/stm32f4xx_hal_tim.o
                0x00000000080069bc                HAL_TIM_PWM_Init
 .text.HAL_TIM_PWM_MspInit
                0x0000000008006a12       0x14 Drivers/STM32F4xx_HAL_Driver/Src/stm32f4xx_hal_tim.o
                0x0000000008006a12                HAL_TIM_PWM_MspInit
 .text.HAL_TIM_IC_Start
                0x0000000008006a26       0x44 Drivers/STM32F4xx_HAL_Driver/Src/stm32f4xx_hal_tim.o
                0x0000000008006a26                HAL_TIM_IC_Start
 .text.HAL_TIM_IC_ConfigChannel
                0x0000000008006a6a      0x138 Drivers/STM32F4xx_HAL_Driver/Src/stm32f4xx_hal_tim.o
                0x0000000008006a6a                HAL_TIM_IC_ConfigChannel
 *fill*         0x0000000008006ba2        0x2 
 .text.HAL_TIM_PWM_ConfigChannel
                0x0000000008006ba4      0x18c Drivers/STM32F4xx_HAL_Driver/Src/stm32f4xx_hal_tim.o
                0x0000000008006ba4                HAL_TIM_PWM_ConfigChannel
 .text.HAL_TIM_SlaveConfigSynchro
                0x0000000008006d30       0x84 Drivers/STM32F4xx_HAL_Driver/Src/stm32f4xx_hal_tim.o
                0x0000000008006d30                HAL_TIM_SlaveConfigSynchro
 .text.TIM_Base_SetConfig
                0x0000000008006db4      0x140 Drivers/STM32F4xx_HAL_Driver/Src/stm32f4xx_hal_tim.o
                0x0000000008006db4                TIM_Base_SetConfig
 .text.TIM_OC1_SetConfig
                0x0000000008006ef4       0xe0 Drivers/STM32F4xx_HAL_Driver/Src/stm32f4xx_hal_tim.o
 .text.TIM_OC2_SetConfig
                0x0000000008006fd4       0xec Drivers/STM32F4xx_HAL_Driver/Src/stm32f4xx_hal_tim.o
                0x0000000008006fd4                TIM_OC2_SetConfig
 .text.TIM_OC3_SetConfig
                0x00000000080070c0       0xe8 Drivers/STM32F4xx_HAL_Driver/Src/stm32f4xx_hal_tim.o
 .text.TIM_OC4_SetConfig
                0x00000000080071a8       0xac Drivers/STM32F4xx_HAL_Driver/Src/stm32f4xx_hal_tim.o
 .text.TIM_SlaveTimer_SetConfig
                0x0000000008007254      0x10c Drivers/STM32F4xx_HAL_Driver/Src/stm32f4xx_hal_tim.o
 .text.TIM_TI1_SetConfig
                0x0000000008007360       0xe8 Drivers/STM32F4xx_HAL_Driver/Src/stm32f4xx_hal_tim.o
                0x0000000008007360                TIM_TI1_SetConfig
 .text.TIM_TI1_ConfigInputStage
                0x0000000008007448       0x5e Drivers/STM32F4xx_HAL_Driver/Src/stm32f4xx_hal_tim.o
 .text.TIM_TI2_SetConfig
                0x00000000080074a6       0x7a Drivers/STM32F4xx_HAL_Driver/Src/stm32f4xx_hal_tim.o
 .text.TIM_TI2_ConfigInputStage
                0x0000000008007520       0x60 Drivers/STM32F4xx_HAL_Driver/Src/stm32f4xx_hal_tim.o
 .text.TIM_TI3_SetConfig
                0x0000000008007580       0x78 Drivers/STM32F4xx_HAL_Driver/Src/stm32f4xx_hal_tim.o
 .text.TIM_TI4_SetConfig
                0x00000000080075f8       0x7a Drivers/STM32F4xx_HAL_Driver/Src/stm32f4xx_hal_tim.o
 .text.TIM_ETR_SetConfig
                0x0000000008007672       0x40 Drivers/STM32F4xx_HAL_Driver/Src/stm32f4xx_hal_tim.o
                0x0000000008007672                TIM_ETR_SetConfig
 .text.TIM_CCxChannelCmd
                0x00000000080076b2       0x4a Drivers/STM32F4xx_HAL_Driver/Src/stm32f4xx_hal_tim.o
                0x00000000080076b2                TIM_CCxChannelCmd
 .text.HAL_UART_Init
                0x00000000080076fc       0x9a Drivers/STM32F4xx_HAL_Driver/Src/stm32f4xx_hal_uart.o
                0x00000000080076fc                HAL_UART_Init
 .text.HAL_UART_Transmit
                0x0000000008007796      0x132 Drivers/STM32F4xx_HAL_Driver/Src/stm32f4xx_hal_uart.o
                0x0000000008007796                HAL_UART_Transmit
 .text.UART_WaitOnFlagUntilTimeout
                0x00000000080078c8       0x94 Drivers/STM32F4xx_HAL_Driver/Src/stm32f4xx_hal_uart.o
 .text.UART_SetConfig
                0x000000000800795c      0x6f8 Drivers/STM32F4xx_HAL_Driver/Src/stm32f4xx_hal_uart.o
 .text.USB_CoreInit
                0x0000000008008054       0xc2 Drivers/STM32F4xx_HAL_Driver/Src/stm32f4xx_ll_usb.o
                0x0000000008008054                USB_CoreInit
 *fill*         0x0000000008008116        0x2 
 .text.USB_SetTurnaroundTime
                0x0000000008008118      0x144 Drivers/STM32F4xx_HAL_Driver/Src/stm32f4xx_ll_usb.o
                0x0000000008008118                USB_SetTurnaroundTime
 .text.USB_EnableGlobalInt
                0x000000000800825c       0x22 Drivers/STM32F4xx_HAL_Driver/Src/stm32f4xx_ll_usb.o
                0x000000000800825c                USB_EnableGlobalInt
 .text.USB_DisableGlobalInt
                0x000000000800827e       0x22 Drivers/STM32F4xx_HAL_Driver/Src/stm32f4xx_ll_usb.o
                0x000000000800827e                USB_DisableGlobalInt
 .text.USB_SetCurrentMode
                0x00000000080082a0       0x54 Drivers/STM32F4xx_HAL_Driver/Src/stm32f4xx_ll_usb.o
                0x00000000080082a0                USB_SetCurrentMode
 .text.USB_DevInit
                0x00000000080082f4      0x2bc Drivers/STM32F4xx_HAL_Driver/Src/stm32f4xx_ll_usb.o
                0x00000000080082f4                USB_DevInit
 .text.USB_FlushTxFifo
                0x00000000080085b0       0x4c Drivers/STM32F4xx_HAL_Driver/Src/stm32f4xx_ll_usb.o
                0x00000000080085b0                USB_FlushTxFifo
 .text.USB_FlushRxFifo
                0x00000000080085fc       0x44 Drivers/STM32F4xx_HAL_Driver/Src/stm32f4xx_ll_usb.o
                0x00000000080085fc                USB_FlushRxFifo
 .text.USB_SetDevSpeed
                0x0000000008008640       0x32 Drivers/STM32F4xx_HAL_Driver/Src/stm32f4xx_ll_usb.o
                0x0000000008008640                USB_SetDevSpeed
 .text.USB_GetDevSpeed
                0x0000000008008672       0x4a Drivers/STM32F4xx_HAL_Driver/Src/stm32f4xx_ll_usb.o
                0x0000000008008672                USB_GetDevSpeed
 .text.USB_ActivateEndpoint
                0x00000000080086bc      0x10e Drivers/STM32F4xx_HAL_Driver/Src/stm32f4xx_ll_usb.o
                0x00000000080086bc                USB_ActivateEndpoint
 *fill*         0x00000000080087ca        0x2 
 .text.USB_DeactivateEndpoint
                0x00000000080087cc      0x1b8 Drivers/STM32F4xx_HAL_Driver/Src/stm32f4xx_ll_usb.o
                0x00000000080087cc                USB_DeactivateEndpoint
 .text.USB_EPStartXfer
                0x0000000008008984      0x488 Drivers/STM32F4xx_HAL_Driver/Src/stm32f4xx_ll_usb.o
                0x0000000008008984                USB_EPStartXfer
 .text.USB_EP0StartXfer
                0x0000000008008e0c      0x2a6 Drivers/STM32F4xx_HAL_Driver/Src/stm32f4xx_ll_usb.o
                0x0000000008008e0c                USB_EP0StartXfer
 .text.USB_WritePacket
                0x00000000080090b2       0x6a Drivers/STM32F4xx_HAL_Driver/Src/stm32f4xx_ll_usb.o
                0x00000000080090b2                USB_WritePacket
 .text.USB_ReadPacket
                0x000000000800911c       0x52 Drivers/STM32F4xx_HAL_Driver/Src/stm32f4xx_ll_usb.o
                0x000000000800911c                USB_ReadPacket
 .text.USB_EPSetStall
                0x000000000800916e       0xdc Drivers/STM32F4xx_HAL_Driver/Src/stm32f4xx_ll_usb.o
                0x000000000800916e                USB_EPSetStall
 .text.USB_EPClearStall
                0x000000000800924a       0xcc Drivers/STM32F4xx_HAL_Driver/Src/stm32f4xx_ll_usb.o
                0x000000000800924a                USB_EPClearStall
 .text.USB_SetDevAddress
                0x0000000008009316       0x4c Drivers/STM32F4xx_HAL_Driver/Src/stm32f4xx_ll_usb.o
                0x0000000008009316                USB_SetDevAddress
 .text.USB_DevConnect
                0x0000000008009362       0x30 Drivers/STM32F4xx_HAL_Driver/Src/stm32f4xx_ll_usb.o
                0x0000000008009362                USB_DevConnect
 .text.USB_DevDisconnect
                0x0000000008009392       0x30 Drivers/STM32F4xx_HAL_Driver/Src/stm32f4xx_ll_usb.o
                0x0000000008009392                USB_DevDisconnect
 .text.USB_ReadInterrupts
                0x00000000080093c2       0x26 Drivers/STM32F4xx_HAL_Driver/Src/stm32f4xx_ll_usb.o
                0x00000000080093c2                USB_ReadInterrupts
 .text.USB_ReadDevAllOutEpInterrupt
                0x00000000080093e8       0x34 Drivers/STM32F4xx_HAL_Driver/Src/stm32f4xx_ll_usb.o
                0x00000000080093e8                USB_ReadDevAllOutEpInterrupt
 .text.USB_ReadDevAllInEpInterrupt
                0x000000000800941c       0x34 Drivers/STM32F4xx_HAL_Driver/Src/stm32f4xx_ll_usb.o
                0x000000000800941c                USB_ReadDevAllInEpInterrupt
 .text.USB_ReadDevOutEPInterrupt
                0x0000000008009450       0x3c Drivers/STM32F4xx_HAL_Driver/Src/stm32f4xx_ll_usb.o
                0x0000000008009450                USB_ReadDevOutEPInterrupt
 .text.USB_ReadDevInEPInterrupt
                0x000000000800948c       0x5c Drivers/STM32F4xx_HAL_Driver/Src/stm32f4xx_ll_usb.o
                0x000000000800948c                USB_ReadDevInEPInterrupt
 .text.USB_GetMode
                0x00000000080094e8       0x1c Drivers/STM32F4xx_HAL_Driver/Src/stm32f4xx_ll_usb.o
                0x00000000080094e8                USB_GetMode
 .text.USB_ActivateSetup
                0x0000000008009504       0x46 Drivers/STM32F4xx_HAL_Driver/Src/stm32f4xx_ll_usb.o
                0x0000000008009504                USB_ActivateSetup
 *fill*         0x000000000800954a        0x2 
 .text.USB_EP0_OutStart
                0x000000000800954c       0xbc Drivers/STM32F4xx_HAL_Driver/Src/stm32f4xx_ll_usb.o
                0x000000000800954c                USB_EP0_OutStart
 .text.USB_CoreReset
                0x0000000008009608       0x68 Drivers/STM32F4xx_HAL_Driver/Src/stm32f4xx_ll_usb.o
 .text.USBD_AUDIO_Init
                0x0000000008009670       0xac Middlewares/ST/STM32_USB_Device_Library/Class/AUDIO/Src/usbd_audio_in.o
 .text.USBD_AUDIO_DeInit
                0x000000000800971c       0x40 Middlewares/ST/STM32_USB_Device_Library/Class/AUDIO/Src/usbd_audio_in.o
 .text.USBD_AUDIO_Setup
                0x000000000800975c      0x104 Middlewares/ST/STM32_USB_Device_Library/Class/AUDIO/Src/usbd_audio_in.o
 .text.USBD_AUDIO_GetCfgDesc
                0x0000000008009860       0x20 Middlewares/ST/STM32_USB_Device_Library/Class/AUDIO/Src/usbd_audio_in.o
 .text.USBD_AUDIO_DataIn
                0x0000000008009880      0x15c Middlewares/ST/STM32_USB_Device_Library/Class/AUDIO/Src/usbd_audio_in.o
 .text.USBD_AUDIO_EP0_RxReady
                0x00000000080099dc       0x64 Middlewares/ST/STM32_USB_Device_Library/Class/AUDIO/Src/usbd_audio_in.o
 .text.USBD_AUDIO_EP0_TxReady
                0x0000000008009a40       0x16 Middlewares/ST/STM32_USB_Device_Library/Class/AUDIO/Src/usbd_audio_in.o
 .text.USBD_AUDIO_SOF
                0x0000000008009a56       0x16 Middlewares/ST/STM32_USB_Device_Library/Class/AUDIO/Src/usbd_audio_in.o
 .text.USBD_AUDIO_IsoINIncomplete
                0x0000000008009a6c       0x1a Middlewares/ST/STM32_USB_Device_Library/Class/AUDIO/Src/usbd_audio_in.o
 .text.USBD_AUDIO_IsoOutIncomplete
                0x0000000008009a86       0x1a Middlewares/ST/STM32_USB_Device_Library/Class/AUDIO/Src/usbd_audio_in.o
 .text.USBD_AUDIO_DataOut
                0x0000000008009aa0       0x1a Middlewares/ST/STM32_USB_Device_Library/Class/AUDIO/Src/usbd_audio_in.o
 *fill*         0x0000000008009aba        0x2 
 .text.USBD_AUDIO_GetDeviceQualifierDesc
                0x0000000008009abc       0x20 Middlewares/ST/STM32_USB_Device_Library/Class/AUDIO/Src/usbd_audio_in.o
 .text.AUDIO_REQ_GetMaximum
                0x0000000008009adc       0x38 Middlewares/ST/STM32_USB_Device_Library/Class/AUDIO/Src/usbd_audio_in.o
 .text.AUDIO_REQ_GetMinimum
                0x0000000008009b14       0x38 Middlewares/ST/STM32_USB_Device_Library/Class/AUDIO/Src/usbd_audio_in.o
 .text.AUDIO_REQ_GetResolution
                0x0000000008009b4c       0x38 Middlewares/ST/STM32_USB_Device_Library/Class/AUDIO/Src/usbd_audio_in.o
 .text.AUDIO_REQ_GetCurrent
                0x0000000008009b84       0x50 Middlewares/ST/STM32_USB_Device_Library/Class/AUDIO/Src/usbd_audio_in.o
 .text.AUDIO_REQ_SetCurrent
                0x0000000008009bd4       0x58 Middlewares/ST/STM32_USB_Device_Library/Class/AUDIO/Src/usbd_audio_in.o
 .text.USBD_AUDIO_Data_Transfer
                0x0000000008009c2c      0x19c Middlewares/ST/STM32_USB_Device_Library/Class/AUDIO/Src/usbd_audio_in.o
                0x0000000008009c2c                USBD_AUDIO_Data_Transfer
 .text.USBD_AUDIO_RegisterInterface
                0x0000000008009dc8       0x26 Middlewares/ST/STM32_USB_Device_Library/Class/AUDIO/Src/usbd_audio_in.o
                0x0000000008009dc8                USBD_AUDIO_RegisterInterface
 *fill*         0x0000000008009dee        0x2 
 .text.USBD_AUDIO_Init_Microphone_Descriptor
                0x0000000008009df0      0x64c Middlewares/ST/STM32_USB_Device_Library/Class/AUDIO/Src/usbd_audio_in.o
                0x0000000008009df0                USBD_AUDIO_Init_Microphone_Descriptor
 .text.USBD_Init
                0x000000000800a43c       0x6c Middlewares/ST/STM32_USB_Device_Library/Core/Src/usbd_core.o
                0x000000000800a43c                USBD_Init
 .text.USBD_RegisterClass
                0x000000000800a4a8       0x42 Middlewares/ST/STM32_USB_Device_Library/Core/Src/usbd_core.o
                0x000000000800a4a8                USBD_RegisterClass
 .text.USBD_Start
                0x000000000800a4ea       0x18 Middlewares/ST/STM32_USB_Device_Library/Core/Src/usbd_core.o
                0x000000000800a4ea                USBD_Start
 .text.USBD_RunTestMode
                0x000000000800a502       0x16 Middlewares/ST/STM32_USB_Device_Library/Core/Src/usbd_core.o
                0x000000000800a502                USBD_RunTestMode
 .text.USBD_SetClassConfig
                0x000000000800a518       0x38 Middlewares/ST/STM32_USB_Device_Library/Core/Src/usbd_core.o
                0x000000000800a518                USBD_SetClassConfig
 .text.USBD_ClrClassConfig
                0x000000000800a550       0x30 Middlewares/ST/STM32_USB_Device_Library/Core/Src/usbd_core.o
                0x000000000800a550                USBD_ClrClassConfig
 .text.USBD_LL_SetupStage
                0x000000000800a580       0xa6 Middlewares/ST/STM32_USB_Device_Library/Core/Src/usbd_core.o
                0x000000000800a580                USBD_LL_SetupStage
 .text.USBD_LL_DataOutStage
                0x000000000800a626       0xc6 Middlewares/ST/STM32_USB_Device_Library/Core/Src/usbd_core.o
                0x000000000800a626                USBD_LL_DataOutStage
 .text.USBD_LL_DataInStage
                0x000000000800a6ec      0x12c Middlewares/ST/STM32_USB_Device_Library/Core/Src/usbd_core.o
                0x000000000800a6ec                USBD_LL_DataInStage
 .text.USBD_LL_Reset
                0x000000000800a818       0x82 Middlewares/ST/STM32_USB_Device_Library/Core/Src/usbd_core.o
                0x000000000800a818                USBD_LL_Reset
 .text.USBD_LL_SetSpeed
                0x000000000800a89a       0x20 Middlewares/ST/STM32_USB_Device_Library/Core/Src/usbd_core.o
                0x000000000800a89a                USBD_LL_SetSpeed
 .text.USBD_LL_Suspend
                0x000000000800a8ba       0x2a Middlewares/ST/STM32_USB_Device_Library/Core/Src/usbd_core.o
                0x000000000800a8ba                USBD_LL_Suspend
 .text.USBD_LL_Resume
                0x000000000800a8e4       0x2c Middlewares/ST/STM32_USB_Device_Library/Core/Src/usbd_core.o
                0x000000000800a8e4                USBD_LL_Resume
 .text.USBD_LL_SOF
                0x000000000800a910       0x34 Middlewares/ST/STM32_USB_Device_Library/Core/Src/usbd_core.o
                0x000000000800a910                USBD_LL_SOF
 .text.USBD_LL_IsoINIncomplete
                0x000000000800a944       0x1a Middlewares/ST/STM32_USB_Device_Library/Core/Src/usbd_core.o
                0x000000000800a944                USBD_LL_IsoINIncomplete
 .text.USBD_LL_IsoOUTIncomplete
                0x000000000800a95e       0x1a Middlewares/ST/STM32_USB_Device_Library/Core/Src/usbd_core.o
                0x000000000800a95e                USBD_LL_IsoOUTIncomplete
 .text.USBD_LL_DevConnected
                0x000000000800a978       0x16 Middlewares/ST/STM32_USB_Device_Library/Core/Src/usbd_core.o
                0x000000000800a978                USBD_LL_DevConnected
 .text.USBD_LL_DevDisconnected
                0x000000000800a98e       0x38 Middlewares/ST/STM32_USB_Device_Library/Core/Src/usbd_core.o
                0x000000000800a98e                USBD_LL_DevDisconnected
 .text.SWAPBYTE
                0x000000000800a9c6       0x3c Middlewares/ST/STM32_USB_Device_Library/Core/Src/usbd_ctlreq.o
 *fill*         0x000000000800aa02        0x2 
 .text.USBD_StdDevReq
                0x000000000800aa04       0xdc Middlewares/ST/STM32_USB_Device_Library/Core/Src/usbd_ctlreq.o
                0x000000000800aa04                USBD_StdDevReq
 .text.USBD_StdItfReq
                0x000000000800aae0       0x8c Middlewares/ST/STM32_USB_Device_Library/Core/Src/usbd_ctlreq.o
                0x000000000800aae0                USBD_StdItfReq
 .text.USBD_StdEPReq
                0x000000000800ab6c      0x2aa Middlewares/ST/STM32_USB_Device_Library/Core/Src/usbd_ctlreq.o
                0x000000000800ab6c                USBD_StdEPReq
 *fill*         0x000000000800ae16        0x2 
 .text.USBD_GetDescriptor
                0x000000000800ae18      0x2d4 Middlewares/ST/STM32_USB_Device_Library/Core/Src/usbd_ctlreq.o
 .text.USBD_SetAddress
                0x000000000800b0ec       0x84 Middlewares/ST/STM32_USB_Device_Library/Core/Src/usbd_ctlreq.o
 .text.USBD_SetConfig
                0x000000000800b170      0x148 Middlewares/ST/STM32_USB_Device_Library/Core/Src/usbd_ctlreq.o
 .text.USBD_GetConfig
                0x000000000800b2b8       0x68 Middlewares/ST/STM32_USB_Device_Library/Core/Src/usbd_ctlreq.o
 .text.USBD_GetStatus
                0x000000000800b320       0x66 Middlewares/ST/STM32_USB_Device_Library/Core/Src/usbd_ctlreq.o
 .text.USBD_SetFeature
                0x000000000800b386       0x28 Middlewares/ST/STM32_USB_Device_Library/Core/Src/usbd_ctlreq.o
 .text.USBD_ClrFeature
                0x000000000800b3ae       0x42 Middlewares/ST/STM32_USB_Device_Library/Core/Src/usbd_ctlreq.o
 .text.USBD_ParseSetupRequest
                0x000000000800b3f0       0x74 Middlewares/ST/STM32_USB_Device_Library/Core/Src/usbd_ctlreq.o
                0x000000000800b3f0                USBD_ParseSetupRequest
 .text.USBD_CtlError
                0x000000000800b464       0x22 Middlewares/ST/STM32_USB_Device_Library/Core/Src/usbd_ctlreq.o
                0x000000000800b464                USBD_CtlError
 .text.USBD_GetString
                0x000000000800b486       0x8c Middlewares/ST/STM32_USB_Device_Library/Core/Src/usbd_ctlreq.o
                0x000000000800b486                USBD_GetString
 .text.USBD_GetLen
                0x000000000800b512       0x34 Middlewares/ST/STM32_USB_Device_Library/Core/Src/usbd_ctlreq.o
 .text.USBD_CtlSendData
                0x000000000800b546       0x36 Middlewares/ST/STM32_USB_Device_Library/Core/Src/usbd_ioreq.o
                0x000000000800b546                USBD_CtlSendData
 .text.USBD_CtlContinueSendData
                0x000000000800b57c       0x22 Middlewares/ST/STM32_USB_Device_Library/Core/Src/usbd_ioreq.o
                0x000000000800b57c                USBD_CtlContinueSendData
 .text.USBD_CtlPrepareRx
                0x000000000800b59e       0x3a Middlewares/ST/STM32_USB_Device_Library/Core/Src/usbd_ioreq.o
                0x000000000800b59e                USBD_CtlPrepareRx
 .text.USBD_CtlContinueRx
                0x000000000800b5d8       0x22 Middlewares/ST/STM32_USB_Device_Library/Core/Src/usbd_ioreq.o
                0x000000000800b5d8                USBD_CtlContinueRx
 .text.USBD_CtlSendStatus
                0x000000000800b5fa       0x26 Middlewares/ST/STM32_USB_Device_Library/Core/Src/usbd_ioreq.o
                0x000000000800b5fa                USBD_CtlSendStatus
 .text.USBD_CtlReceiveStatus
                0x000000000800b620       0x26 Middlewares/ST/STM32_USB_Device_Library/Core/Src/usbd_ioreq.o
                0x000000000800b620                USBD_CtlReceiveStatus
 .text.arm_fir_decimate_init_q15
                0x000000000800b646       0x6a Src/arm_fir_decimate_init_q15.o
                0x000000000800b646                arm_fir_decimate_init_q15
 .text.arm_fir_decimate_q15
                0x000000000800b6b0      0x7aa Src/arm_fir_decimate_q15.o
                0x000000000800b6b0                arm_fir_decimate_q15
 .text.CCA02M1_AUDIO_IN_HalfTransfer_CallBack
                0x000000000800be5a       0x14 Src/audio_application.o
                0x000000000800be5a                CCA02M1_AUDIO_IN_HalfTransfer_CallBack
 .text.CCA02M1_AUDIO_IN_TransferComplete_CallBack
                0x000000000800be6e       0x14 Src/audio_application.o
                0x000000000800be6e                CCA02M1_AUDIO_IN_TransferComplete_CallBack
 *fill*         0x000000000800be82        0x2 
 .text.AudioProcess
                0x000000000800be84       0xd8 Src/audio_application.o
                0x000000000800be84                AudioProcess
 .text.Init_Acquisition_Peripherals
                0x000000000800bf5c       0x40 Src/audio_application.o
                0x000000000800bf5c                Init_Acquisition_Peripherals
 .text.Start_Acquisition
                0x000000000800bf9c       0x18 Src/audio_application.o
                0x000000000800bf9c                Start_Acquisition
 .text.SystemClock_Config
                0x000000000800bfb4       0xa4 Src/cube_hal_f4.o
                0x000000000800bfb4                SystemClock_Config
 .text.__io_putchar
                0x000000000800c058       0x2c Src/main.o
                0x000000000800c058                __io_putchar
 .text.main     0x000000000800c084       0xec Src/main.o
                0x000000000800c084                main
 .text.Error_Handler
                0x000000000800c170        0xe Src/main.o
                0x000000000800c170                Error_Handler
 .text.NMI_Handler
                0x000000000800c17e        0xe Src/stm32xx_it.o
                0x000000000800c17e                NMI_Handler
 .text.HardFault_Handler
                0x000000000800c18c        0x6 Src/stm32xx_it.o
                0x000000000800c18c                HardFault_Handler
 .text.SVC_Handler
                0x000000000800c192        0xe Src/stm32xx_it.o
                0x000000000800c192                SVC_Handler
 .text.DebugMon_Handler
                0x000000000800c1a0        0xe Src/stm32xx_it.o
                0x000000000800c1a0                DebugMon_Handler
 .text.PendSV_Handler
                0x000000000800c1ae        0xe Src/stm32xx_it.o
                0x000000000800c1ae                PendSV_Handler
 .text.SysTick_Handler
                0x000000000800c1bc        0xc Src/stm32xx_it.o
                0x000000000800c1bc                SysTick_Handler
 .text.OTG_FS_IRQHandler
                0x000000000800c1c8       0x14 Src/stm32xx_it.o
                0x000000000800c1c8                OTG_FS_IRQHandler
 .text.DMA1_Stream3_IRQHandler
                0x000000000800c1dc       0x18 Src/stm32xx_it.o
                0x000000000800c1dc                DMA1_Stream3_IRQHandler
 .text._read    0x000000000800c1f4       0x3a Src/syscalls.o
                0x000000000800c1f4                _read
 .text._write   0x000000000800c22e       0x38 Src/syscalls.o
                0x000000000800c22e                _write
 .text._close   0x000000000800c266       0x18 Src/syscalls.o
                0x000000000800c266                _close
 .text._fstat   0x000000000800c27e       0x20 Src/syscalls.o
                0x000000000800c27e                _fstat
 .text._isatty  0x000000000800c29e       0x16 Src/syscalls.o
                0x000000000800c29e                _isatty
 .text._lseek   0x000000000800c2b4       0x1a Src/syscalls.o
                0x000000000800c2b4                _lseek
 *fill*         0x000000000800c2ce        0x2 
 .text._sbrk    0x000000000800c2d0       0x58 Src/sysmem.o
                0x000000000800c2d0                _sbrk
 .text.SystemInit
                0x000000000800c328       0x2c Src/system_stm32f4xx.o
                0x000000000800c328                SystemInit
 .text.MX_USART1_UART_Init
                0x000000000800c354       0x64 Src/usart.o
                0x000000000800c354                MX_USART1_UART_Init
 .text.HAL_UART_MspInit
                0x000000000800c3b8      0x108 Src/usart.o
                0x000000000800c3b8                HAL_UART_MspInit
 .text.Audio_Init
                0x000000000800c4c0       0x1a Src/usbd_audio_if.o
 .text.Audio_DeInit
                0x000000000800c4da       0x16 Src/usbd_audio_if.o
 .text.Audio_Record
                0x000000000800c4f0       0x10 Src/usbd_audio_if.o
 .text.Audio_VolumeCtl
                0x000000000800c500       0x68 Src/usbd_audio_if.o
 .text.Audio_MuteCtl
                0x000000000800c568       0x18 Src/usbd_audio_if.o
 .text.Audio_Stop
                0x000000000800c580       0x10 Src/usbd_audio_if.o
 .text.Audio_Pause
                0x000000000800c590       0x10 Src/usbd_audio_if.o
 .text.Audio_Resume
                0x000000000800c5a0       0x10 Src/usbd_audio_if.o
 .text.Audio_CommandMgr
                0x000000000800c5b0       0x18 Src/usbd_audio_if.o
 .text.Send_Audio_to_USB
                0x000000000800c5c8       0x24 Src/usbd_audio_if.o
                0x000000000800c5c8                Send_Audio_to_USB
 .text.__NVIC_SetPriority
                0x000000000800c5ec       0x54 Src/usbd_conf_f4.o
 .text.HAL_PCD_MspInit
                0x000000000800c640       0x98 Src/usbd_conf_f4.o
                0x000000000800c640                HAL_PCD_MspInit
 .text.HAL_PCD_SetupStageCallback
                0x000000000800c6d8       0x24 Src/usbd_conf_f4.o
                0x000000000800c6d8                HAL_PCD_SetupStageCallback
 .text.HAL_PCD_DataOutStageCallback
                0x000000000800c6fc       0x36 Src/usbd_conf_f4.o
                0x000000000800c6fc                HAL_PCD_DataOutStageCallback
 .text.HAL_PCD_DataInStageCallback
                0x000000000800c732       0x34 Src/usbd_conf_f4.o
                0x000000000800c732                HAL_PCD_DataInStageCallback
 .text.HAL_PCD_SOFCallback
                0x000000000800c766       0x1c Src/usbd_conf_f4.o
                0x000000000800c766                HAL_PCD_SOFCallback
 .text.HAL_PCD_ResetCallback
                0x000000000800c782       0x50 Src/usbd_conf_f4.o
                0x000000000800c782                HAL_PCD_ResetCallback
 .text.HAL_PCD_SuspendCallback
                0x000000000800c7d2       0x1c Src/usbd_conf_f4.o
                0x000000000800c7d2                HAL_PCD_SuspendCallback
 .text.HAL_PCD_ResumeCallback
                0x000000000800c7ee       0x1c Src/usbd_conf_f4.o
                0x000000000800c7ee                HAL_PCD_ResumeCallback
 .text.HAL_PCD_ISOOUTIncompleteCallback
                0x000000000800c80a       0x24 Src/usbd_conf_f4.o
                0x000000000800c80a                HAL_PCD_ISOOUTIncompleteCallback
 .text.HAL_PCD_ISOINIncompleteCallback
                0x000000000800c82e       0x24 Src/usbd_conf_f4.o
                0x000000000800c82e                HAL_PCD_ISOINIncompleteCallback
 .text.HAL_PCD_ConnectCallback
                0x000000000800c852       0x1c Src/usbd_conf_f4.o
                0x000000000800c852                HAL_PCD_ConnectCallback
 .text.HAL_PCD_DisconnectCallback
                0x000000000800c86e       0x1c Src/usbd_conf_f4.o
                0x000000000800c86e                HAL_PCD_DisconnectCallback
 *fill*         0x000000000800c88a        0x2 
 .text.USBD_LL_Init
                0x000000000800c88c       0x90 Src/usbd_conf_f4.o
                0x000000000800c88c                USBD_LL_Init
 .text.USBD_LL_Start
                0x000000000800c91c       0x1e Src/usbd_conf_f4.o
                0x000000000800c91c                USBD_LL_Start
 .text.USBD_LL_OpenEP
                0x000000000800c93a       0x34 Src/usbd_conf_f4.o
                0x000000000800c93a                USBD_LL_OpenEP
 .text.USBD_LL_CloseEP
                0x000000000800c96e       0x26 Src/usbd_conf_f4.o
                0x000000000800c96e                USBD_LL_CloseEP
 .text.USBD_LL_FlushEP
                0x000000000800c994       0x26 Src/usbd_conf_f4.o
                0x000000000800c994                USBD_LL_FlushEP
 .text.USBD_LL_StallEP
                0x000000000800c9ba       0x26 Src/usbd_conf_f4.o
                0x000000000800c9ba                USBD_LL_StallEP
 .text.USBD_LL_ClearStallEP
                0x000000000800c9e0       0x26 Src/usbd_conf_f4.o
                0x000000000800c9e0                USBD_LL_ClearStallEP
 .text.USBD_LL_IsStallEP
                0x000000000800ca06       0x58 Src/usbd_conf_f4.o
                0x000000000800ca06                USBD_LL_IsStallEP
 .text.USBD_LL_SetUSBAddress
                0x000000000800ca5e       0x26 Src/usbd_conf_f4.o
                0x000000000800ca5e                USBD_LL_SetUSBAddress
 .text.USBD_LL_Transmit
                0x000000000800ca84       0x2a Src/usbd_conf_f4.o
                0x000000000800ca84                USBD_LL_Transmit
 .text.USBD_LL_PrepareReceive
                0x000000000800caae       0x2a Src/usbd_conf_f4.o
                0x000000000800caae                USBD_LL_PrepareReceive
 .text.USBD_AUDIO_DeviceDescriptor
                0x000000000800cad8       0x24 Src/usbd_desc.o
                0x000000000800cad8                USBD_AUDIO_DeviceDescriptor
 .text.USBD_AUDIO_LangIDStrDescriptor
                0x000000000800cafc       0x24 Src/usbd_desc.o
                0x000000000800cafc                USBD_AUDIO_LangIDStrDescriptor
 .text.USBD_AUDIO_ProductStrDescriptor
                0x000000000800cb20       0x40 Src/usbd_desc.o
                0x000000000800cb20                USBD_AUDIO_ProductStrDescriptor
 .text.USBD_AUDIO_ManufacturerStrDescriptor
                0x000000000800cb60       0x28 Src/usbd_desc.o
                0x000000000800cb60                USBD_AUDIO_ManufacturerStrDescriptor
 .text.USBD_AUDIO_SerialStrDescriptor
                0x000000000800cb88       0x40 Src/usbd_desc.o
                0x000000000800cb88                USBD_AUDIO_SerialStrDescriptor
 .text.USBD_AUDIO_ConfigStrDescriptor
                0x000000000800cbc8       0x3c Src/usbd_desc.o
                0x000000000800cbc8                USBD_AUDIO_ConfigStrDescriptor
 .text.USBD_AUDIO_InterfaceStrDescriptor
                0x000000000800cc04       0x3c Src/usbd_desc.o
                0x000000000800cc04                USBD_AUDIO_InterfaceStrDescriptor
 .text.Reset_Handler
                0x000000000800cc40       0x50 Startup/startup_stm32f446retx.o
                0x000000000800cc40                Reset_Handler
 .text.Default_Handler
                0x000000000800cc90        0x2 Startup/startup_stm32f446retx.o
                0x000000000800cc90                RTC_Alarm_IRQHandler
                0x000000000800cc90                EXTI2_IRQHandler
                0x000000000800cc90                TIM8_CC_IRQHandler
                0x000000000800cc90                FMPI2C1_EV_IRQHandler
                0x000000000800cc90                SPI4_IRQHandler
                0x000000000800cc90                TIM1_CC_IRQHandler
                0x000000000800cc90                DMA2_Stream5_IRQHandler
                0x000000000800cc90                DMA1_Stream5_IRQHandler
                0x000000000800cc90                PVD_IRQHandler
                0x000000000800cc90                SDIO_IRQHandler
                0x000000000800cc90                TAMP_STAMP_IRQHandler
                0x000000000800cc90                CAN2_RX1_IRQHandler
                0x000000000800cc90                EXTI3_IRQHandler
                0x000000000800cc90                TIM8_TRG_COM_TIM14_IRQHandler
                0x000000000800cc90                TIM1_UP_TIM10_IRQHandler
                0x000000000800cc90                TIM8_UP_TIM13_IRQHandler
                0x000000000800cc90                I2C3_ER_IRQHandler
                0x000000000800cc90                EXTI0_IRQHandler
                0x000000000800cc90                I2C2_EV_IRQHandler
                0x000000000800cc90                DMA1_Stream2_IRQHandler
                0x000000000800cc90                CAN1_RX0_IRQHandler
                0x000000000800cc90                FPU_IRQHandler
                0x000000000800cc90                OTG_HS_WKUP_IRQHandler
                0x000000000800cc90                UsageFault_Handler
                0x000000000800cc90                CAN2_SCE_IRQHandler
                0x000000000800cc90                DMA2_Stream2_IRQHandler
                0x000000000800cc90                SPI1_IRQHandler
                0x000000000800cc90                TIM6_DAC_IRQHandler
                0x000000000800cc90                TIM1_BRK_TIM9_IRQHandler
                0x000000000800cc90                DCMI_IRQHandler
                0x000000000800cc90                CAN2_RX0_IRQHandler
                0x000000000800cc90                DMA2_Stream3_IRQHandler
                0x000000000800cc90                SAI2_IRQHandler
                0x000000000800cc90                USART6_IRQHandler
                0x000000000800cc90                USART3_IRQHandler
                0x000000000800cc90                CAN1_RX1_IRQHandler
                0x000000000800cc90                UART5_IRQHandler
                0x000000000800cc90                DMA2_Stream0_IRQHandler
                0x000000000800cc90                TIM4_IRQHandler
                0x000000000800cc90                QUADSPI_IRQHandler
                0x000000000800cc90                I2C1_EV_IRQHandler
                0x000000000800cc90                DMA1_Stream6_IRQHandler
                0x000000000800cc90                DMA1_Stream1_IRQHandler
                0x000000000800cc90                UART4_IRQHandler
                0x000000000800cc90                TIM3_IRQHandler
                0x000000000800cc90                RCC_IRQHandler
                0x000000000800cc90                TIM8_BRK_TIM12_IRQHandler
                0x000000000800cc90                Default_Handler
                0x000000000800cc90                CEC_IRQHandler
                0x000000000800cc90                EXTI15_10_IRQHandler
                0x000000000800cc90                ADC_IRQHandler
                0x000000000800cc90                DMA1_Stream7_IRQHandler
                0x000000000800cc90                TIM7_IRQHandler
                0x000000000800cc90                CAN2_TX_IRQHandler
                0x000000000800cc90                TIM5_IRQHandler
                0x000000000800cc90                DMA2_Stream7_IRQHandler
                0x000000000800cc90                I2C3_EV_IRQHandler
                0x000000000800cc90                EXTI9_5_IRQHandler
                0x000000000800cc90                RTC_WKUP_IRQHandler
                0x000000000800cc90                SPDIF_RX_IRQHandler
                0x000000000800cc90                SPI2_IRQHandler
                0x000000000800cc90                OTG_HS_EP1_IN_IRQHandler
                0x000000000800cc90                MemManage_Handler
                0x000000000800cc90                DMA1_Stream0_IRQHandler
                0x000000000800cc90                CAN1_TX_IRQHandler
                0x000000000800cc90                FMPI2C1_ER_IRQHandler
                0x000000000800cc90                EXTI4_IRQHandler
                0x000000000800cc90                OTG_HS_EP1_OUT_IRQHandler
                0x000000000800cc90                WWDG_IRQHandler
                0x000000000800cc90                TIM2_IRQHandler
                0x000000000800cc90                OTG_FS_WKUP_IRQHandler
                0x000000000800cc90                TIM1_TRG_COM_TIM11_IRQHandler
                0x000000000800cc90                OTG_HS_IRQHandler
                0x000000000800cc90                EXTI1_IRQHandler
                0x000000000800cc90                USART2_IRQHandler
                0x000000000800cc90                I2C2_ER_IRQHandler
                0x000000000800cc90                DMA2_Stream1_IRQHandler
                0x000000000800cc90                CAN1_SCE_IRQHandler
                0x000000000800cc90                FLASH_IRQHandler
                0x000000000800cc90                DMA2_Stream4_IRQHandler
                0x000000000800cc90                BusFault_Handler
                0x000000000800cc90                USART1_IRQHandler
                0x000000000800cc90                SPI3_IRQHandler
                0x000000000800cc90                DMA1_Stream4_IRQHandler
                0x000000000800cc90                I2C1_ER_IRQHandler
                0x000000000800cc90                FMC_IRQHandler
                0x000000000800cc90                DMA2_Stream6_IRQHandler
                0x000000000800cc90                SAI1_IRQHandler
 *fill*         0x000000000800cc92        0x2 
 .text.D16_GENERIC
                0x000000000800cc94      0x120 C:\Users\10007069\STM32CubeIDE\workspace_1.0.2\MEMS_RECORDER\Middlewares\ST\STM32_Audio\Addons\PDM\Lib\libPDMFilter_CM4_GCC_wc32.a(pdm_filter.o)
 .text.D24_GENERIC
                0x000000000800cdb4      0x190 C:\Users\10007069\STM32CubeIDE\workspace_1.0.2\MEMS_RECORDER\Middlewares\ST\STM32_Audio\Addons\PDM\Lib\libPDMFilter_CM4_GCC_wc32.a(pdm_filter.o)
 .text.D32_GENERIC
                0x000000000800cf44      0x198 C:\Users\10007069\STM32CubeIDE\workspace_1.0.2\MEMS_RECORDER\Middlewares\ST\STM32_Audio\Addons\PDM\Lib\libPDMFilter_CM4_GCC_wc32.a(pdm_filter.o)
 .text.D48_GENERIC
                0x000000000800d0dc      0x1ec C:\Users\10007069\STM32CubeIDE\workspace_1.0.2\MEMS_RECORDER\Middlewares\ST\STM32_Audio\Addons\PDM\Lib\libPDMFilter_CM4_GCC_wc32.a(pdm_filter.o)
 .text.D64_GENERIC
                0x000000000800d2c8      0x220 C:\Users\10007069\STM32CubeIDE\workspace_1.0.2\MEMS_RECORDER\Middlewares\ST\STM32_Audio\Addons\PDM\Lib\libPDMFilter_CM4_GCC_wc32.a(pdm_filter.o)
 .text.D80_GENERIC
                0x000000000800d4e8      0x2a0 C:\Users\10007069\STM32CubeIDE\workspace_1.0.2\MEMS_RECORDER\Middlewares\ST\STM32_Audio\Addons\PDM\Lib\libPDMFilter_CM4_GCC_wc32.a(pdm_filter.o)
 .text.D128_GENERIC
                0x000000000800d788      0x3f0 C:\Users\10007069\STM32CubeIDE\workspace_1.0.2\MEMS_RECORDER\Middlewares\ST\STM32_Audio\Addons\PDM\Lib\libPDMFilter_CM4_GCC_wc32.a(pdm_filter.o)
 .text.D16_1CH_HTONS_VOL_HP
                0x000000000800db78       0xe4 C:\Users\10007069\STM32CubeIDE\workspace_1.0.2\MEMS_RECORDER\Middlewares\ST\STM32_Audio\Addons\PDM\Lib\libPDMFilter_CM4_GCC_wc32.a(pdm_filter.o)
 .text.D24_1CH_HTONS_VOL_HP
                0x000000000800dc5c      0x138 C:\Users\10007069\STM32CubeIDE\workspace_1.0.2\MEMS_RECORDER\Middlewares\ST\STM32_Audio\Addons\PDM\Lib\libPDMFilter_CM4_GCC_wc32.a(pdm_filter.o)
 .text.D32_1CH_HTONS_VOL_HP
                0x000000000800dd94      0x144 C:\Users\10007069\STM32CubeIDE\workspace_1.0.2\MEMS_RECORDER\Middlewares\ST\STM32_Audio\Addons\PDM\Lib\libPDMFilter_CM4_GCC_wc32.a(pdm_filter.o)
 .text.D48_1CH_HTONS_VOL_HP
                0x000000000800ded8      0x16c C:\Users\10007069\STM32CubeIDE\workspace_1.0.2\MEMS_RECORDER\Middlewares\ST\STM32_Audio\Addons\PDM\Lib\libPDMFilter_CM4_GCC_wc32.a(pdm_filter.o)
 .text.D64_1CH_HTONS_VOL_HP
                0x000000000800e044      0x1b8 C:\Users\10007069\STM32CubeIDE\workspace_1.0.2\MEMS_RECORDER\Middlewares\ST\STM32_Audio\Addons\PDM\Lib\libPDMFilter_CM4_GCC_wc32.a(pdm_filter.o)
 .text.D80_1CH_HTONS_VOL_HP
                0x000000000800e1fc      0x214 C:\Users\10007069\STM32CubeIDE\workspace_1.0.2\MEMS_RECORDER\Middlewares\ST\STM32_Audio\Addons\PDM\Lib\libPDMFilter_CM4_GCC_wc32.a(pdm_filter.o)
 .text.D128_1CH_HTONS_VOL_HP
                0x000000000800e410      0x324 C:\Users\10007069\STM32CubeIDE\workspace_1.0.2\MEMS_RECORDER\Middlewares\ST\STM32_Audio\Addons\PDM\Lib\libPDMFilter_CM4_GCC_wc32.a(pdm_filter.o)
 .text.PDM_Filter_Init
                0x000000000800e734      0x114 C:\Users\10007069\STM32CubeIDE\workspace_1.0.2\MEMS_RECORDER\Middlewares\ST\STM32_Audio\Addons\PDM\Lib\libPDMFilter_CM4_GCC_wc32.a(pdm_filter.o)
                0x000000000800e734                PDM_Filter_Init
 .text.PDM_Filter_setConfig
                0x000000000800e848      0x1e4 C:\Users\10007069\STM32CubeIDE\workspace_1.0.2\MEMS_RECORDER\Middlewares\ST\STM32_Audio\Addons\PDM\Lib\libPDMFilter_CM4_GCC_wc32.a(pdm_filter.o)
                0x000000000800e848                PDM_Filter_setConfig
 .text.PDM_Filter
                0x000000000800ea2c       0x38 C:\Users\10007069\STM32CubeIDE\workspace_1.0.2\MEMS_RECORDER\Middlewares\ST\STM32_Audio\Addons\PDM\Lib\libPDMFilter_CM4_GCC_wc32.a(pdm_filter.o)
                0x000000000800ea2c                PDM_Filter
 .text.CRC_Lock
                0x000000000800ea64       0x7c C:\Users\10007069\STM32CubeIDE\workspace_1.0.2\MEMS_RECORDER\Middlewares\ST\STM32_Audio\Addons\PDM\Lib\libPDMFilter_CM4_GCC_wc32.a(stm32_crc_lock.o)
                0x000000000800ea64                CRC_Lock
 .text.__errno  0x000000000800eae0        0xc c:/st/stm32cubeide_1.0.2/stm32cubeide/plugins/com.st.stm32cube.ide.mcu.externaltools.gnu-tools-for-stm32.7-2018-q2-update.win32_1.0.0.201904181610/tools/bin/../lib/gcc/arm-none-eabi/7.3.1/../../../../arm-none-eabi/lib/thumb/v7e-m/fpv4-sp/hard\libc_nano.a(lib_a-errno.o)
                0x000000000800eae0                __errno
 .text.__libc_init_array
                0x000000000800eaec       0x48 c:/st/stm32cubeide_1.0.2/stm32cubeide/plugins/com.st.stm32cube.ide.mcu.externaltools.gnu-tools-for-stm32.7-2018-q2-update.win32_1.0.0.201904181610/tools/bin/../lib/gcc/arm-none-eabi/7.3.1/../../../../arm-none-eabi/lib/thumb/v7e-m/fpv4-sp/hard\libc_nano.a(lib_a-init.o)
                0x000000000800eaec                __libc_init_array
 .text.malloc   0x000000000800eb34       0x10 c:/st/stm32cubeide_1.0.2/stm32cubeide/plugins/com.st.stm32cube.ide.mcu.externaltools.gnu-tools-for-stm32.7-2018-q2-update.win32_1.0.0.201904181610/tools/bin/../lib/gcc/arm-none-eabi/7.3.1/../../../../arm-none-eabi/lib/thumb/v7e-m/fpv4-sp/hard\libc_nano.a(lib_a-malloc.o)
                0x000000000800eb34                malloc
 .text.free     0x000000000800eb44       0x10 c:/st/stm32cubeide_1.0.2/stm32cubeide/plugins/com.st.stm32cube.ide.mcu.externaltools.gnu-tools-for-stm32.7-2018-q2-update.win32_1.0.0.201904181610/tools/bin/../lib/gcc/arm-none-eabi/7.3.1/../../../../arm-none-eabi/lib/thumb/v7e-m/fpv4-sp/hard\libc_nano.a(lib_a-malloc.o)
                0x000000000800eb44                free
 .text.memcpy   0x000000000800eb54       0x16 c:/st/stm32cubeide_1.0.2/stm32cubeide/plugins/com.st.stm32cube.ide.mcu.externaltools.gnu-tools-for-stm32.7-2018-q2-update.win32_1.0.0.201904181610/tools/bin/../lib/gcc/arm-none-eabi/7.3.1/../../../../arm-none-eabi/lib/thumb/v7e-m/fpv4-sp/hard\libc_nano.a(lib_a-memcpy-stub.o)
                0x000000000800eb54                memcpy
 .text.memset   0x000000000800eb6a       0x10 c:/st/stm32cubeide_1.0.2/stm32cubeide/plugins/com.st.stm32cube.ide.mcu.externaltools.gnu-tools-for-stm32.7-2018-q2-update.win32_1.0.0.201904181610/tools/bin/../lib/gcc/arm-none-eabi/7.3.1/../../../../arm-none-eabi/lib/thumb/v7e-m/fpv4-sp/hard\libc_nano.a(lib_a-memset.o)
                0x000000000800eb6a                memset
 *fill*         0x000000000800eb7a        0x2 
 .text._free_r  0x000000000800eb7c       0x9c c:/st/stm32cubeide_1.0.2/stm32cubeide/plugins/com.st.stm32cube.ide.mcu.externaltools.gnu-tools-for-stm32.7-2018-q2-update.win32_1.0.0.201904181610/tools/bin/../lib/gcc/arm-none-eabi/7.3.1/../../../../arm-none-eabi/lib/thumb/v7e-m/fpv4-sp/hard\libc_nano.a(lib_a-nano-freer.o)
                0x000000000800eb7c                _free_r
 .text._malloc_r
                0x000000000800ec18       0xb4 c:/st/stm32cubeide_1.0.2/stm32cubeide/plugins/com.st.stm32cube.ide.mcu.externaltools.gnu-tools-for-stm32.7-2018-q2-update.win32_1.0.0.201904181610/tools/bin/../lib/gcc/arm-none-eabi/7.3.1/../../../../arm-none-eabi/lib/thumb/v7e-m/fpv4-sp/hard\libc_nano.a(lib_a-nano-mallocr.o)
                0x000000000800ec18                _malloc_r
 .text.__cvt    0x000000000800eccc       0xc2 c:/st/stm32cubeide_1.0.2/stm32cubeide/plugins/com.st.stm32cube.ide.mcu.externaltools.gnu-tools-for-stm32.7-2018-q2-update.win32_1.0.0.201904181610/tools/bin/../lib/gcc/arm-none-eabi/7.3.1/../../../../arm-none-eabi/lib/thumb/v7e-m/fpv4-sp/hard\libc_nano.a(lib_a-nano-vfprintf_float.o)
                0x000000000800eccc                __cvt
 .text.__exponent
                0x000000000800ed8e       0x66 c:/st/stm32cubeide_1.0.2/stm32cubeide/plugins/com.st.stm32cube.ide.mcu.externaltools.gnu-tools-for-stm32.7-2018-q2-update.win32_1.0.0.201904181610/tools/bin/../lib/gcc/arm-none-eabi/7.3.1/../../../../arm-none-eabi/lib/thumb/v7e-m/fpv4-sp/hard\libc_nano.a(lib_a-nano-vfprintf_float.o)
                0x000000000800ed8e                __exponent
 .text._printf_float
                0x000000000800edf4      0x480 c:/st/stm32cubeide_1.0.2/stm32cubeide/plugins/com.st.stm32cube.ide.mcu.externaltools.gnu-tools-for-stm32.7-2018-q2-update.win32_1.0.0.201904181610/tools/bin/../lib/gcc/arm-none-eabi/7.3.1/../../../../arm-none-eabi/lib/thumb/v7e-m/fpv4-sp/hard\libc_nano.a(lib_a-nano-vfprintf_float.o)
                0x000000000800edf4                _printf_float
 .text._printf_common
                0x000000000800f274       0xea c:/st/stm32cubeide_1.0.2/stm32cubeide/plugins/com.st.stm32cube.ide.mcu.externaltools.gnu-tools-for-stm32.7-2018-q2-update.win32_1.0.0.201904181610/tools/bin/../lib/gcc/arm-none-eabi/7.3.1/../../../../arm-none-eabi/lib/thumb/v7e-m/fpv4-sp/hard\libc_nano.a(lib_a-nano-vfprintf_i.o)
                0x000000000800f274                _printf_common
 *fill*         0x000000000800f35e        0x2 
 .text._printf_i
                0x000000000800f360      0x224 c:/st/stm32cubeide_1.0.2/stm32cubeide/plugins/com.st.stm32cube.ide.mcu.externaltools.gnu-tools-for-stm32.7-2018-q2-update.win32_1.0.0.201904181610/tools/bin/../lib/gcc/arm-none-eabi/7.3.1/../../../../arm-none-eabi/lib/thumb/v7e-m/fpv4-sp/hard\libc_nano.a(lib_a-nano-vfprintf_i.o)
                0x000000000800f360                _printf_i
 .text._scanf_float
                0x000000000800f584      0x3c4 c:/st/stm32cubeide_1.0.2/stm32cubeide/plugins/com.st.stm32cube.ide.mcu.externaltools.gnu-tools-for-stm32.7-2018-q2-update.win32_1.0.0.201904181610/tools/bin/../lib/gcc/arm-none-eabi/7.3.1/../../../../arm-none-eabi/lib/thumb/v7e-m/fpv4-sp/hard\libc_nano.a(lib_a-nano-vfscanf_float.o)
                0x000000000800f584                _scanf_float
 .text.printf   0x000000000800f948       0x30 c:/st/stm32cubeide_1.0.2/stm32cubeide/plugins/com.st.stm32cube.ide.mcu.externaltools.gnu-tools-for-stm32.7-2018-q2-update.win32_1.0.0.201904181610/tools/bin/../lib/gcc/arm-none-eabi/7.3.1/../../../../arm-none-eabi/lib/thumb/v7e-m/fpv4-sp/hard\libc_nano.a(lib_a-printf.o)
                0x000000000800f948                iprintf
                0x000000000800f948                printf
 .text._sbrk_r  0x000000000800f978       0x20 c:/st/stm32cubeide_1.0.2/stm32cubeide/plugins/com.st.stm32cube.ide.mcu.externaltools.gnu-tools-for-stm32.7-2018-q2-update.win32_1.0.0.201904181610/tools/bin/../lib/gcc/arm-none-eabi/7.3.1/../../../../arm-none-eabi/lib/thumb/v7e-m/fpv4-sp/hard\libc_nano.a(lib_a-sbrkr.o)
                0x000000000800f978                _sbrk_r
 .text.nanf     0x000000000800f998        0xc c:/st/stm32cubeide_1.0.2/stm32cubeide/plugins/com.st.stm32cube.ide.mcu.externaltools.gnu-tools-for-stm32.7-2018-q2-update.win32_1.0.0.201904181610/tools/bin/../lib/gcc/arm-none-eabi/7.3.1/../../../../arm-none-eabi/lib/thumb/v7e-m/fpv4-sp/hard\libc_nano.a(lib_a-sf_nan.o)
                0x000000000800f998                nanf
 .text.sprintf  0x000000000800f9a4       0x40 c:/st/stm32cubeide_1.0.2/stm32cubeide/plugins/com.st.stm32cube.ide.mcu.externaltools.gnu-tools-for-stm32.7-2018-q2-update.win32_1.0.0.201904181610/tools/bin/../lib/gcc/arm-none-eabi/7.3.1/../../../../arm-none-eabi/lib/thumb/v7e-m/fpv4-sp/hard\libc_nano.a(lib_a-sprintf.o)
                0x000000000800f9a4                siprintf
                0x000000000800f9a4                sprintf
 .text.unlikely.sulp
                0x000000000800f9e4       0x38 c:/st/stm32cubeide_1.0.2/stm32cubeide/plugins/com.st.stm32cube.ide.mcu.externaltools.gnu-tools-for-stm32.7-2018-q2-update.win32_1.0.0.201904181610/tools/bin/../lib/gcc/arm-none-eabi/7.3.1/../../../../arm-none-eabi/lib/thumb/v7e-m/fpv4-sp/hard\libc_nano.a(lib_a-strtod.o)
 *fill*         0x000000000800fa1c        0x4 
 .text._strtod_l
                0x000000000800fa20      0xbe8 c:/st/stm32cubeide_1.0.2/stm32cubeide/plugins/com.st.stm32cube.ide.mcu.externaltools.gnu-tools-for-stm32.7-2018-q2-update.win32_1.0.0.201904181610/tools/bin/../lib/gcc/arm-none-eabi/7.3.1/../../../../arm-none-eabi/lib/thumb/v7e-m/fpv4-sp/hard\libc_nano.a(lib_a-strtod.o)
                0x000000000800fa20                _strtod_l
 .text._strtod_r
                0x0000000008010608       0x20 c:/st/stm32cubeide_1.0.2/stm32cubeide/plugins/com.st.stm32cube.ide.mcu.externaltools.gnu-tools-for-stm32.7-2018-q2-update.win32_1.0.0.201904181610/tools/bin/../lib/gcc/arm-none-eabi/7.3.1/../../../../arm-none-eabi/lib/thumb/v7e-m/fpv4-sp/hard\libc_nano.a(lib_a-strtod.o)
                0x0000000008010608                _strtod_r
 .text._strtol_l.isra.0
                0x0000000008010628       0xf6 c:/st/stm32cubeide_1.0.2/stm32cubeide/plugins/com.st.stm32cube.ide.mcu.externaltools.gnu-tools-for-stm32.7-2018-q2-update.win32_1.0.0.201904181610/tools/bin/../lib/gcc/arm-none-eabi/7.3.1/../../../../arm-none-eabi/lib/thumb/v7e-m/fpv4-sp/hard\libc_nano.a(lib_a-strtol.o)
 *fill*         0x000000000801071e        0x2 
 .text._strtol_r
                0x0000000008010720       0x24 c:/st/stm32cubeide_1.0.2/stm32cubeide/plugins/com.st.stm32cube.ide.mcu.externaltools.gnu-tools-for-stm32.7-2018-q2-update.win32_1.0.0.201904181610/tools/bin/../lib/gcc/arm-none-eabi/7.3.1/../../../../arm-none-eabi/lib/thumb/v7e-m/fpv4-sp/hard\libc_nano.a(lib_a-strtol.o)
                0x0000000008010720                _strtol_r
 .text.quorem   0x0000000008010744      0x118 c:/st/stm32cubeide_1.0.2/stm32cubeide/plugins/com.st.stm32cube.ide.mcu.externaltools.gnu-tools-for-stm32.7-2018-q2-update.win32_1.0.0.201904181610/tools/bin/../lib/gcc/arm-none-eabi/7.3.1/../../../../arm-none-eabi/lib/thumb/v7e-m/fpv4-sp/hard\libc_nano.a(lib_a-dtoa.o)
 *fill*         0x000000000801085c        0x4 
 .text._dtoa_r  0x0000000008010860      0xb70 c:/st/stm32cubeide_1.0.2/stm32cubeide/plugins/com.st.stm32cube.ide.mcu.externaltools.gnu-tools-for-stm32.7-2018-q2-update.win32_1.0.0.201904181610/tools/bin/../lib/gcc/arm-none-eabi/7.3.1/../../../../arm-none-eabi/lib/thumb/v7e-m/fpv4-sp/hard\libc_nano.a(lib_a-dtoa.o)
                0x0000000008010860                _dtoa_r
 .text.std      0x00000000080113d0       0x48 c:/st/stm32cubeide_1.0.2/stm32cubeide/plugins/com.st.stm32cube.ide.mcu.externaltools.gnu-tools-for-stm32.7-2018-q2-update.win32_1.0.0.201904181610/tools/bin/../lib/gcc/arm-none-eabi/7.3.1/../../../../arm-none-eabi/lib/thumb/v7e-m/fpv4-sp/hard\libc_nano.a(lib_a-findfp.o)
 .text._cleanup_r
                0x0000000008011418        0xc c:/st/stm32cubeide_1.0.2/stm32cubeide/plugins/com.st.stm32cube.ide.mcu.externaltools.gnu-tools-for-stm32.7-2018-q2-update.win32_1.0.0.201904181610/tools/bin/../lib/gcc/arm-none-eabi/7.3.1/../../../../arm-none-eabi/lib/thumb/v7e-m/fpv4-sp/hard\libc_nano.a(lib_a-findfp.o)
                0x0000000008011418                _cleanup_r
 .text.__sfmoreglue
                0x0000000008011424       0x2c c:/st/stm32cubeide_1.0.2/stm32cubeide/plugins/com.st.stm32cube.ide.mcu.externaltools.gnu-tools-for-stm32.7-2018-q2-update.win32_1.0.0.201904181610/tools/bin/../lib/gcc/arm-none-eabi/7.3.1/../../../../arm-none-eabi/lib/thumb/v7e-m/fpv4-sp/hard\libc_nano.a(lib_a-findfp.o)
                0x0000000008011424                __sfmoreglue
 .text.__sinit  0x0000000008011450       0x60 c:/st/stm32cubeide_1.0.2/stm32cubeide/plugins/com.st.stm32cube.ide.mcu.externaltools.gnu-tools-for-stm32.7-2018-q2-update.win32_1.0.0.201904181610/tools/bin/../lib/gcc/arm-none-eabi/7.3.1/../../../../arm-none-eabi/lib/thumb/v7e-m/fpv4-sp/hard\libc_nano.a(lib_a-findfp.o)
                0x0000000008011450                __sinit
 .text.__sfp    0x00000000080114b0       0x78 c:/st/stm32cubeide_1.0.2/stm32cubeide/plugins/com.st.stm32cube.ide.mcu.externaltools.gnu-tools-for-stm32.7-2018-q2-update.win32_1.0.0.201904181610/tools/bin/../lib/gcc/arm-none-eabi/7.3.1/../../../../arm-none-eabi/lib/thumb/v7e-m/fpv4-sp/hard\libc_nano.a(lib_a-findfp.o)
                0x00000000080114b0                __sfp
 .text._fwalk_reent
                0x0000000008011528       0x3c c:/st/stm32cubeide_1.0.2/stm32cubeide/plugins/com.st.stm32cube.ide.mcu.externaltools.gnu-tools-for-stm32.7-2018-q2-update.win32_1.0.0.201904181610/tools/bin/../lib/gcc/arm-none-eabi/7.3.1/../../../../arm-none-eabi/lib/thumb/v7e-m/fpv4-sp/hard\libc_nano.a(lib_a-fwalk.o)
                0x0000000008011528                _fwalk_reent
 .text.rshift   0x0000000008011564       0x74 c:/st/stm32cubeide_1.0.2/stm32cubeide/plugins/com.st.stm32cube.ide.mcu.externaltools.gnu-tools-for-stm32.7-2018-q2-update.win32_1.0.0.201904181610/tools/bin/../lib/gcc/arm-none-eabi/7.3.1/../../../../arm-none-eabi/lib/thumb/v7e-m/fpv4-sp/hard\libc_nano.a(lib_a-gdtoa-gethex.o)
 .text.__hexdig_fun
                0x00000000080115d8       0x2a c:/st/stm32cubeide_1.0.2/stm32cubeide/plugins/com.st.stm32cube.ide.mcu.externaltools.gnu-tools-for-stm32.7-2018-q2-update.win32_1.0.0.201904181610/tools/bin/../lib/gcc/arm-none-eabi/7.3.1/../../../../arm-none-eabi/lib/thumb/v7e-m/fpv4-sp/hard\libc_nano.a(lib_a-gdtoa-gethex.o)
                0x00000000080115d8                __hexdig_fun
 .text.__gethex
                0x0000000008011602      0x442 c:/st/stm32cubeide_1.0.2/stm32cubeide/plugins/com.st.stm32cube.ide.mcu.externaltools.gnu-tools-for-stm32.7-2018-q2-update.win32_1.0.0.201904181610/tools/bin/../lib/gcc/arm-none-eabi/7.3.1/../../../../arm-none-eabi/lib/thumb/v7e-m/fpv4-sp/hard\libc_nano.a(lib_a-gdtoa-gethex.o)
                0x0000000008011602                __gethex
 .text.L_shift  0x0000000008011a44       0x24 c:/st/stm32cubeide_1.0.2/stm32cubeide/plugins/com.st.stm32cube.ide.mcu.externaltools.gnu-tools-for-stm32.7-2018-q2-update.win32_1.0.0.201904181610/tools/bin/../lib/gcc/arm-none-eabi/7.3.1/../../../../arm-none-eabi/lib/thumb/v7e-m/fpv4-sp/hard\libc_nano.a(lib_a-gdtoa-hexnan.o)
 .text.__match  0x0000000008011a68       0x28 c:/st/stm32cubeide_1.0.2/stm32cubeide/plugins/com.st.stm32cube.ide.mcu.externaltools.gnu-tools-for-stm32.7-2018-q2-update.win32_1.0.0.201904181610/tools/bin/../lib/gcc/arm-none-eabi/7.3.1/../../../../arm-none-eabi/lib/thumb/v7e-m/fpv4-sp/hard\libc_nano.a(lib_a-gdtoa-hexnan.o)
                0x0000000008011a68                __match
 .text.__hexnan
                0x0000000008011a90      0x120 c:/st/stm32cubeide_1.0.2/stm32cubeide/plugins/com.st.stm32cube.ide.mcu.externaltools.gnu-tools-for-stm32.7-2018-q2-update.win32_1.0.0.201904181610/tools/bin/../lib/gcc/arm-none-eabi/7.3.1/../../../../arm-none-eabi/lib/thumb/v7e-m/fpv4-sp/hard\libc_nano.a(lib_a-gdtoa-hexnan.o)
                0x0000000008011a90                __hexnan
 .text.__locale_ctype_ptr_l
                0x0000000008011bb0        0x6 c:/st/stm32cubeide_1.0.2/stm32cubeide/plugins/com.st.stm32cube.ide.mcu.externaltools.gnu-tools-for-stm32.7-2018-q2-update.win32_1.0.0.201904181610/tools/bin/../lib/gcc/arm-none-eabi/7.3.1/../../../../arm-none-eabi/lib/thumb/v7e-m/fpv4-sp/hard\libc_nano.a(lib_a-locale.o)
                0x0000000008011bb0                __locale_ctype_ptr_l
 .text.__localeconv_l
                0x0000000008011bb6        0x4 c:/st/stm32cubeide_1.0.2/stm32cubeide/plugins/com.st.stm32cube.ide.mcu.externaltools.gnu-tools-for-stm32.7-2018-q2-update.win32_1.0.0.201904181610/tools/bin/../lib/gcc/arm-none-eabi/7.3.1/../../../../arm-none-eabi/lib/thumb/v7e-m/fpv4-sp/hard\libc_nano.a(lib_a-localeconv.o)
                0x0000000008011bb6                __localeconv_l
 *fill*         0x0000000008011bba        0x2 
 .text._localeconv_r
                0x0000000008011bbc       0x1c c:/st/stm32cubeide_1.0.2/stm32cubeide/plugins/com.st.stm32cube.ide.mcu.externaltools.gnu-tools-for-stm32.7-2018-q2-update.win32_1.0.0.201904181610/tools/bin/../lib/gcc/arm-none-eabi/7.3.1/../../../../arm-none-eabi/lib/thumb/v7e-m/fpv4-sp/hard\libc_nano.a(lib_a-localeconv.o)
                0x0000000008011bbc                _localeconv_r
 .text.__ascii_mbtowc
                0x0000000008011bd8       0x24 c:/st/stm32cubeide_1.0.2/stm32cubeide/plugins/com.st.stm32cube.ide.mcu.externaltools.gnu-tools-for-stm32.7-2018-q2-update.win32_1.0.0.201904181610/tools/bin/../lib/gcc/arm-none-eabi/7.3.1/../../../../arm-none-eabi/lib/thumb/v7e-m/fpv4-sp/hard\libc_nano.a(lib_a-mbtowc_r.o)
                0x0000000008011bd8                __ascii_mbtowc
 .text.__malloc_lock
                0x0000000008011bfc        0x2 c:/st/stm32cubeide_1.0.2/stm32cubeide/plugins/com.st.stm32cube.ide.mcu.externaltools.gnu-tools-for-stm32.7-2018-q2-update.win32_1.0.0.201904181610/tools/bin/../lib/gcc/arm-none-eabi/7.3.1/../../../../arm-none-eabi/lib/thumb/v7e-m/fpv4-sp/hard\libc_nano.a(lib_a-mlock.o)
                0x0000000008011bfc                __malloc_lock
 .text.__malloc_unlock
                0x0000000008011bfe        0x2 c:/st/stm32cubeide_1.0.2/stm32cubeide/plugins/com.st.stm32cube.ide.mcu.externaltools.gnu-tools-for-stm32.7-2018-q2-update.win32_1.0.0.201904181610/tools/bin/../lib/gcc/arm-none-eabi/7.3.1/../../../../arm-none-eabi/lib/thumb/v7e-m/fpv4-sp/hard\libc_nano.a(lib_a-mlock.o)
                0x0000000008011bfe                __malloc_unlock
 .text._Balloc  0x0000000008011c00       0x68 c:/st/stm32cubeide_1.0.2/stm32cubeide/plugins/com.st.stm32cube.ide.mcu.externaltools.gnu-tools-for-stm32.7-2018-q2-update.win32_1.0.0.201904181610/tools/bin/../lib/gcc/arm-none-eabi/7.3.1/../../../../arm-none-eabi/lib/thumb/v7e-m/fpv4-sp/hard\libc_nano.a(lib_a-mprec.o)
                0x0000000008011c00                _Balloc
 .text._Bfree   0x0000000008011c68       0x2e c:/st/stm32cubeide_1.0.2/stm32cubeide/plugins/com.st.stm32cube.ide.mcu.externaltools.gnu-tools-for-stm32.7-2018-q2-update.win32_1.0.0.201904181610/tools/bin/../lib/gcc/arm-none-eabi/7.3.1/../../../../arm-none-eabi/lib/thumb/v7e-m/fpv4-sp/hard\libc_nano.a(lib_a-mprec.o)
                0x0000000008011c68                _Bfree
 .text.__multadd
                0x0000000008011c96       0x76 c:/st/stm32cubeide_1.0.2/stm32cubeide/plugins/com.st.stm32cube.ide.mcu.externaltools.gnu-tools-for-stm32.7-2018-q2-update.win32_1.0.0.201904181610/tools/bin/../lib/gcc/arm-none-eabi/7.3.1/../../../../arm-none-eabi/lib/thumb/v7e-m/fpv4-sp/hard\libc_nano.a(lib_a-mprec.o)
                0x0000000008011c96                __multadd
 .text.__s2b    0x0000000008011d0c       0x7c c:/st/stm32cubeide_1.0.2/stm32cubeide/plugins/com.st.stm32cube.ide.mcu.externaltools.gnu-tools-for-stm32.7-2018-q2-update.win32_1.0.0.201904181610/tools/bin/../lib/gcc/arm-none-eabi/7.3.1/../../../../arm-none-eabi/lib/thumb/v7e-m/fpv4-sp/hard\libc_nano.a(lib_a-mprec.o)
                0x0000000008011d0c                __s2b
 .text.__hi0bits
                0x0000000008011d88       0x3e c:/st/stm32cubeide_1.0.2/stm32cubeide/plugins/com.st.stm32cube.ide.mcu.externaltools.gnu-tools-for-stm32.7-2018-q2-update.win32_1.0.0.201904181610/tools/bin/../lib/gcc/arm-none-eabi/7.3.1/../../../../arm-none-eabi/lib/thumb/v7e-m/fpv4-sp/hard\libc_nano.a(lib_a-mprec.o)
                0x0000000008011d88                __hi0bits
 .text.__lo0bits
                0x0000000008011dc6       0x5e c:/st/stm32cubeide_1.0.2/stm32cubeide/plugins/com.st.stm32cube.ide.mcu.externaltools.gnu-tools-for-stm32.7-2018-q2-update.win32_1.0.0.201904181610/tools/bin/../lib/gcc/arm-none-eabi/7.3.1/../../../../arm-none-eabi/lib/thumb/v7e-m/fpv4-sp/hard\libc_nano.a(lib_a-mprec.o)
                0x0000000008011dc6                __lo0bits
 .text.__i2b    0x0000000008011e24       0x12 c:/st/stm32cubeide_1.0.2/stm32cubeide/plugins/com.st.stm32cube.ide.mcu.externaltools.gnu-tools-for-stm32.7-2018-q2-update.win32_1.0.0.201904181610/tools/bin/../lib/gcc/arm-none-eabi/7.3.1/../../../../arm-none-eabi/lib/thumb/v7e-m/fpv4-sp/hard\libc_nano.a(lib_a-mprec.o)
                0x0000000008011e24                __i2b
 .text.__multiply
                0x0000000008011e36      0x12c c:/st/stm32cubeide_1.0.2/stm32cubeide/plugins/com.st.stm32cube.ide.mcu.externaltools.gnu-tools-for-stm32.7-2018-q2-update.win32_1.0.0.201904181610/tools/bin/../lib/gcc/arm-none-eabi/7.3.1/../../../../arm-none-eabi/lib/thumb/v7e-m/fpv4-sp/hard\libc_nano.a(lib_a-mprec.o)
                0x0000000008011e36                __multiply
 *fill*         0x0000000008011f62        0x2 
 .text.__pow5mult
                0x0000000008011f64       0x9c c:/st/stm32cubeide_1.0.2/stm32cubeide/plugins/com.st.stm32cube.ide.mcu.externaltools.gnu-tools-for-stm32.7-2018-q2-update.win32_1.0.0.201904181610/tools/bin/../lib/gcc/arm-none-eabi/7.3.1/../../../../arm-none-eabi/lib/thumb/v7e-m/fpv4-sp/hard\libc_nano.a(lib_a-mprec.o)
                0x0000000008011f64                __pow5mult
 .text.__lshift
                0x0000000008012000       0xa8 c:/st/stm32cubeide_1.0.2/stm32cubeide/plugins/com.st.stm32cube.ide.mcu.externaltools.gnu-tools-for-stm32.7-2018-q2-update.win32_1.0.0.201904181610/tools/bin/../lib/gcc/arm-none-eabi/7.3.1/../../../../arm-none-eabi/lib/thumb/v7e-m/fpv4-sp/hard\libc_nano.a(lib_a-mprec.o)
                0x0000000008012000                __lshift
 .text.__mcmp   0x00000000080120a8       0x34 c:/st/stm32cubeide_1.0.2/stm32cubeide/plugins/com.st.stm32cube.ide.mcu.externaltools.gnu-tools-for-stm32.7-2018-q2-update.win32_1.0.0.201904181610/tools/bin/../lib/gcc/arm-none-eabi/7.3.1/../../../../arm-none-eabi/lib/thumb/v7e-m/fpv4-sp/hard\libc_nano.a(lib_a-mprec.o)
                0x00000000080120a8                __mcmp
 .text.__mdiff  0x00000000080120dc       0xba c:/st/stm32cubeide_1.0.2/stm32cubeide/plugins/com.st.stm32cube.ide.mcu.externaltools.gnu-tools-for-stm32.7-2018-q2-update.win32_1.0.0.201904181610/tools/bin/../lib/gcc/arm-none-eabi/7.3.1/../../../../arm-none-eabi/lib/thumb/v7e-m/fpv4-sp/hard\libc_nano.a(lib_a-mprec.o)
                0x00000000080120dc                __mdiff
 *fill*         0x0000000008012196        0x2 
 .text.__ulp    0x0000000008012198       0x50 c:/st/stm32cubeide_1.0.2/stm32cubeide/plugins/com.st.stm32cube.ide.mcu.externaltools.gnu-tools-for-stm32.7-2018-q2-update.win32_1.0.0.201904181610/tools/bin/../lib/gcc/arm-none-eabi/7.3.1/../../../../arm-none-eabi/lib/thumb/v7e-m/fpv4-sp/hard\libc_nano.a(lib_a-mprec.o)
                0x0000000008012198                __ulp
 .text.__b2d    0x00000000080121e8       0x9c c:/st/stm32cubeide_1.0.2/stm32cubeide/plugins/com.st.stm32cube.ide.mcu.externaltools.gnu-tools-for-stm32.7-2018-q2-update.win32_1.0.0.201904181610/tools/bin/../lib/gcc/arm-none-eabi/7.3.1/../../../../arm-none-eabi/lib/thumb/v7e-m/fpv4-sp/hard\libc_nano.a(lib_a-mprec.o)
                0x00000000080121e8                __b2d
 .text.__d2b    0x0000000008012284       0x9e c:/st/stm32cubeide_1.0.2/stm32cubeide/plugins/com.st.stm32cube.ide.mcu.externaltools.gnu-tools-for-stm32.7-2018-q2-update.win32_1.0.0.201904181610/tools/bin/../lib/gcc/arm-none-eabi/7.3.1/../../../../arm-none-eabi/lib/thumb/v7e-m/fpv4-sp/hard\libc_nano.a(lib_a-mprec.o)
                0x0000000008012284                __d2b
 .text.__ratio  0x0000000008012322       0x66 c:/st/stm32cubeide_1.0.2/stm32cubeide/plugins/com.st.stm32cube.ide.mcu.externaltools.gnu-tools-for-stm32.7-2018-q2-update.win32_1.0.0.201904181610/tools/bin/../lib/gcc/arm-none-eabi/7.3.1/../../../../arm-none-eabi/lib/thumb/v7e-m/fpv4-sp/hard\libc_nano.a(lib_a-mprec.o)
                0x0000000008012322                __ratio
 .text.__copybits