Archive member included to satisfy reference by file (symbol)

C:\Users\10007069\STM32CubeIDE\workspace_1.0.2\MEMS_RECORDER\Middlewares\ST\STM32_Audio\Addons\PDM\Lib\libPDMFilter_CM4_GCC_wc32.a(pdm_filter.o)
                              Drivers/BSP/CCA02M1/cca02m1_audio.o (PDM_Filter_Init)
C:\Users\10007069\STM32CubeIDE\workspace_1.0.2\MEMS_RECORDER\Middlewares\ST\STM32_Audio\Addons\PDM\Lib\libPDMFilter_CM4_GCC_wc32.a(stm32_crc_lock.o)
                              C:\Users\10007069\STM32CubeIDE\workspace_1.0.2\MEMS_RECORDER\Middlewares\ST\STM32_Audio\Addons\PDM\Lib\libPDMFilter_CM4_GCC_wc32.a(pdm_filter.o) (CRC_Lock)
c:/st/stm32cubeide_1.0.2/stm32cubeide/plugins/com.st.stm32cube.ide.mcu.externaltools.gnu-tools-for-stm32.7-2018-q2-update.win32_1.0.0.201904181610/tools/bin/../lib/gcc/arm-none-eabi/7.3.1/../../../../arm-none-eabi/lib/thumb/v7e-m/fpv4-sp/hard\libc_nano.a(lib_a-errno.o)
                              Src/syscalls.o (__errno)
c:/st/stm32cubeide_1.0.2/stm32cubeide/plugins/com.st.stm32cube.ide.mcu.externaltools.gnu-tools-for-stm32.7-2018-q2-update.win32_1.0.0.201904181610/tools/bin/../lib/gcc/arm-none-eabi/7.3.1/../../../../arm-none-eabi/lib/thumb/v7e-m/fpv4-sp/hard\libc_nano.a(lib_a-exit.o)
                              c:/st/stm32cubeide_1.0.2/stm32cubeide/plugins/com.st.stm32cube.ide.mcu.externaltools.gnu-tools-for-stm32.7-2018-q2-update.win32_1.0.0.201904181610/tools/bin/../lib/gcc/arm-none-eabi/7.3.1/../../../../arm-none-eabi/lib/thumb/v7e-m/fpv4-sp/hard/crt0.o (exit)
c:/st/stm32cubeide_1.0.2/stm32cubeide/plugins/com.st.stm32cube.ide.mcu.externaltools.gnu-tools-for-stm32.7-2018-q2-update.win32_1.0.0.201904181610/tools/bin/../lib/gcc/arm-none-eabi/7.3.1/../../../../arm-none-eabi/lib/thumb/v7e-m/fpv4-sp/hard\libc_nano.a(lib_a-impure.o)
                              c:/st/stm32cubeide_1.0.2/stm32cubeide/plugins/com.st.stm32cube.ide.mcu.externaltools.gnu-tools-for-stm32.7-2018-q2-update.win32_1.0.0.201904181610/tools/bin/../lib/gcc/arm-none-eabi/7.3.1/../../../../arm-none-eabi/lib/thumb/v7e-m/fpv4-sp/hard\libc_nano.a(lib_a-exit.o) (_global_impure_ptr)
c:/st/stm32cubeide_1.0.2/stm32cubeide/plugins/com.st.stm32cube.ide.mcu.externaltools.gnu-tools-for-stm32.7-2018-q2-update.win32_1.0.0.201904181610/tools/bin/../lib/gcc/arm-none-eabi/7.3.1/../../../../arm-none-eabi/lib/thumb/v7e-m/fpv4-sp/hard\libc_nano.a(lib_a-init.o)
                              c:/st/stm32cubeide_1.0.2/stm32cubeide/plugins/com.st.stm32cube.ide.mcu.externaltools.gnu-tools-for-stm32.7-2018-q2-update.win32_1.0.0.201904181610/tools/bin/../lib/gcc/arm-none-eabi/7.3.1/../../../../arm-none-eabi/lib/thumb/v7e-m/fpv4-sp/hard/crt0.o (__libc_init_array)
c:/st/stm32cubeide_1.0.2/stm32cubeide/plugins/com.st.stm32cube.ide.mcu.externaltools.gnu-tools-for-stm32.7-2018-q2-update.win32_1.0.0.201904181610/tools/bin/../lib/gcc/arm-none-eabi/7.3.1/../../../../arm-none-eabi/lib/thumb/v7e-m/fpv4-sp/hard\libc_nano.a(lib_a-malloc.o)
                              Middlewares/ST/STM32_USB_Device_Library/Class/AUDIO/Src/usbd_audio_in.o (malloc)
c:/st/stm32cubeide_1.0.2/stm32cubeide/plugins/com.st.stm32cube.ide.mcu.externaltools.gnu-tools-for-stm32.7-2018-q2-update.win32_1.0.0.201904181610/tools/bin/../lib/gcc/arm-none-eabi/7.3.1/../../../../arm-none-eabi/lib/thumb/v7e-m/fpv4-sp/hard\libc_nano.a(lib_a-memcpy-stub.o)
                              Middlewares/ST/STM32_USB_Device_Library/Class/AUDIO/Src/usbd_audio_in.o (memcpy)
c:/st/stm32cubeide_1.0.2/stm32cubeide/plugins/com.st.stm32cube.ide.mcu.externaltools.gnu-tools-for-stm32.7-2018-q2-update.win32_1.0.0.201904181610/tools/bin/../lib/gcc/arm-none-eabi/7.3.1/../../../../arm-none-eabi/lib/thumb/v7e-m/fpv4-sp/hard\libc_nano.a(lib_a-memset.o)
                              c:/st/stm32cubeide_1.0.2/stm32cubeide/plugins/com.st.stm32cube.ide.mcu.externaltools.gnu-tools-for-stm32.7-2018-q2-update.win32_1.0.0.201904181610/tools/bin/../lib/gcc/arm-none-eabi/7.3.1/../../../../arm-none-eabi/lib/thumb/v7e-m/fpv4-sp/hard/crt0.o (memset)
c:/st/stm32cubeide_1.0.2/stm32cubeide/plugins/com.st.stm32cube.ide.mcu.externaltools.gnu-tools-for-stm32.7-2018-q2-update.win32_1.0.0.201904181610/tools/bin/../lib/gcc/arm-none-eabi/7.3.1/../../../../arm-none-eabi/lib/thumb/v7e-m/fpv4-sp/hard\libc_nano.a(lib_a-nano-freer.o)
                              c:/st/stm32cubeide_1.0.2/stm32cubeide/plugins/com.st.stm32cube.ide.mcu.externaltools.gnu-tools-for-stm32.7-2018-q2-update.win32_1.0.0.201904181610/tools/bin/../lib/gcc/arm-none-eabi/7.3.1/../../../../arm-none-eabi/lib/thumb/v7e-m/fpv4-sp/hard\libc_nano.a(lib_a-malloc.o) (_free_r)
c:/st/stm32cubeide_1.0.2/stm32cubeide/plugins/com.st.stm32cube.ide.mcu.externaltools.gnu-tools-for-stm32.7-2018-q2-update.win32_1.0.0.201904181610/tools/bin/../lib/gcc/arm-none-eabi/7.3.1/../../../../arm-none-eabi/lib/thumb/v7e-m/fpv4-sp/hard\libc_nano.a(lib_a-nano-mallocr.o)
[...]
Memory Configuration

Name             Origin             Length             Attributes
RAM              0x0000000020000000 0x0000000000020000 xrw
FLASH            0x0000000008000000 0x0000000000080000 xr
*default*        0x0000000000000000 0xffffffffffffffff

Linker script and memory map

LOAD c:/st/stm32cubeide_1.0.2/stm32cubeide/plugins/com.st.stm32cube.ide.mcu.externaltools.gnu-tools-for-stm32.7-2018-q2-update.win32_1.0.0.201904181610/tools/bin/../lib/gcc/arm-none-eabi/7.3.1/thumb/v7e-m/fpv4-sp/hard/crti.o
LOAD c:/st/stm32cubeide_1.0.2/stm32cubeide/plugins/com.st.stm32cube.ide.mcu.externaltools.gnu-tools-for-stm32.7-2018-q2-update.win32_1.0.0.201904181610/tools/bin/../lib/gcc/arm-none-eabi/7.3.1/thumb/v7e-m/fpv4-sp/hard/crtbegin.o
LOAD c:/st/stm32cubeide_1.0.2/stm32cubeide/plugins/com.st.stm32cube.ide.mcu.externaltools.gnu-tools-for-stm32.7-2018-q2-update.win32_1.0.0.201904181610/tools/bin/../lib/gcc/arm-none-eabi/7.3.1/../../../../arm-none-eabi/lib/thumb/v7e-m/fpv4-sp/hard/crt0.o
LOAD Drivers/BSP/CCA02M1/cca02m1_audio.o
LOAD Drivers/BSP/Components/ad1974/ad1974.o
LOAD Drivers/BSP/Components/ad1974/ad1974_reg.o
LOAD Drivers/BSP/Components/adau1978/adau1978.o
LOAD Drivers/BSP/Components/adau1978/adau1978_reg.o
LOAD Drivers/BSP/STM32F4xx-Nucleo/stm32f4xx_nucleo.o
LOAD Drivers/STM32F4xx_HAL_Driver/Src/Legacy/stm32f4xx_hal_can.o
LOAD Drivers/STM32F4xx_HAL_Driver/Src/stm32f4xx_hal.o
LOAD Drivers/STM32F4xx_HAL_Driver/Src/stm32f4xx_hal_adc.o
LOAD Drivers/STM32F4xx_HAL_Driver/Src/stm32f4xx_hal_adc_ex.o
LOAD Drivers/STM32F4xx_HAL_Driver/Src/stm32f4xx_hal_cortex.o
LOAD Drivers/STM32F4xx_HAL_Driver/Src/stm32f4xx_hal_dma.o
LOAD Drivers/STM32F4xx_HAL_Driver/Src/stm32f4xx_hal_dma_ex.o
LOAD Drivers/STM32F4xx_HAL_Driver/Src/stm32f4xx_hal_flash.o
LOAD Drivers/STM32F4xx_HAL_Driver/Src/stm32f4xx_hal_flash_ex.o
LOAD Drivers/STM32F4xx_HAL_Driver/Src/stm32f4xx_hal_flash_ramfunc.o
LOAD Drivers/STM32F4xx_HAL_Driver/Src/stm32f4xx_hal_gpio.o
LOAD Drivers/STM32F4xx_HAL_Driver/Src/stm32f4xx_hal_i2c.o
LOAD Drivers/STM32F4xx_HAL_Driver/Src/stm32f4xx_hal_i2c_ex.o
LOAD Drivers/STM32F4xx_HAL_Driver/Src/stm32f4xx_hal_i2s.o
LOAD Drivers/STM32F4xx_HAL_Driver/Src/stm32f4xx_hal_i2s_ex.o
LOAD Drivers/STM32F4xx_HAL_Driver/Src/stm32f4xx_hal_pcd.o
LOAD Drivers/STM32F4xx_HAL_Driver/Src/stm32f4xx_hal_pcd_ex.o
LOAD Drivers/STM32F4xx_HAL_Driver/Src/stm32f4xx_hal_pwr.o
LOAD Drivers/STM32F4xx_HAL_Driver/Src/stm32f4xx_hal_rcc.o
LOAD Drivers/STM32F4xx_HAL_Driver/Src/stm32f4xx_hal_rcc_ex.o
LOAD Drivers/STM32F4xx_HAL_Driver/Src/stm32f4xx_hal_spi.o
LOAD Drivers/STM32F4xx_HAL_Driver/Src/stm32f4xx_hal_tim.o
LOAD Drivers/STM32F4xx_HAL_Driver/Src/stm32f4xx_hal_tim_ex.o
LOAD Drivers/STM32F4xx_HAL_Driver/Src/stm32f4xx_hal_uart.o
LOAD Drivers/STM32F4xx_HAL_Driver/Src/stm32f4xx_ll_usb.o
LOAD Middlewares/ST/STM32_USB_Device_Library/Class/AUDIO/Src/usbd_audio_if_template.o
LOAD Middlewares/ST/STM32_USB_Device_Library/Class/AUDIO/Src/usbd_audio_in.o
LOAD Middlewares/ST/STM32_USB_Device_Library/Core/Src/usbd_core.o
LOAD Middlewares/ST/STM32_USB_Device_Library/Core/Src/usbd_ctlreq.o
LOAD Middlewares/ST/STM32_USB_Device_Library/Core/Src/usbd_ioreq.o
LOAD Src/arm_fir_decimate_init_q15.o
LOAD Src/arm_fir_decimate_q15.o
LOAD Src/audio_application.o
LOAD Src/cube_hal_f4.o
LOAD Src/main.o
LOAD Src/stm32xx_it.o
LOAD Src/syscalls.o
LOAD Src/sysmem.o
LOAD Src/system_stm32f4xx.o
LOAD Src/usart.o
LOAD Src/usbd_audio_if.o
LOAD Src/usbd_conf_f4.o
LOAD Src/usbd_desc.o
LOAD Startup/startup_stm32f446retx.o
LOAD C:\Users\10007069\STM32CubeIDE\workspace_1.0.2\MEMS_RECORDER\Middlewares\ST\STM32_Audio\Addons\PDM\Lib\libPDMFilter_CM4_GCC_wc32.a
START GROUP
LOAD c:/st/stm32cubeide_1.0.2/stm32cubeide/plugins/com.st.stm32cube.ide.mcu.externaltools.gnu-tools-for-stm32.7-2018-q2-update.win32_1.0.0.201904181610/tools/bin/../lib/gcc/arm-none-eabi/7.3.1/../../../../arm-none-eabi/lib/thumb/v7e-m/fpv4-sp/hard\libc_nano.a
LOAD c:/st/stm32cubeide_1.0.2/stm32cubeide/plugins/com.st.stm32cube.ide.mcu.externaltools.gnu-tools-for-stm32.7-2018-q2-update.win32_1.0.0.201904181610/tools/bin/../lib/gcc/arm-none-eabi/7.3.1/../../../../arm-none-eabi/lib/thumb/v7e-m/fpv4-sp/hard\libm.a
END GROUP
START GROUP
LOAD c:/st/stm32cubeide_1.0.2/stm32cubeide/plugins/com.st.stm32cube.ide.mcu.externaltools.gnu-tools-for-stm32.7-2018-q2-update.win32_1.0.0.201904181610/tools/bin/../lib/gcc/arm-none-eabi/7.3.1/thumb/v7e-m/fpv4-sp/hard\libgcc.a
LOAD c:/st/stm32cubeide_1.0.2/stm32cubeide/plugins/com.st.stm32cube.ide.mcu.externaltools.gnu-tools-for-stm32.7-2018-q2-update.win32_1.0.0.201904181610/tools/bin/../lib/gcc/arm-none-eabi/7.3.1/../../../../arm-none-eabi/lib/thumb/v7e-m/fpv4-sp/hard\libc_nano.a
END GROUP
START GROUP
LOAD c:/st/stm32cubeide_1.0.2/stm32cubeide/plugins/com.st.stm32cube.ide.mcu.externaltools.gnu-tools-for-stm32.7-2018-q2-update.win32_1.0.0.201904181610/tools/bin/../lib/gcc/arm-none-eabi/7.3.1/thumb/v7e-m/fpv4-sp/hard\libgcc.a
LOAD c:/st/stm32cubeide_1.0.2/stm32cubeide/plugins/com.st.stm32cube.ide.mcu.externaltools.gnu-tools-for-stm32.7-2018-q2-update.win32_1.0.0.201904181610/tools/bin/../lib/gcc/arm-none-eabi/7.3.1/../../../../arm-none-eabi/lib/thumb/v7e-m/fpv4-sp/hard\libc_nano.a
LOAD c:/st/stm32cubeide_1.0.2/stm32cubeide/plugins/com.st.stm32cube.ide.mcu.externaltools.gnu-tools-for-stm32.7-2018-q2-update.win32_1.0.0.201904181610/tools/bin/../lib/gcc/arm-none-eabi/7.3.1/../../../../arm-none-eabi/lib/thumb/v7e-m/fpv4-sp/hard\libnosys.a
END GROUP
START GROUP
LOAD c:/st/stm32cubeide_1.0.2/stm32cubeide/plugins/com.st.stm32cube.ide.mcu.externaltools.gnu-tools-for-stm32.7-2018-q2-update.win32_1.0.0.201904181610/tools/bin/../lib/gcc/arm-none-eabi/7.3.1/thumb/v7e-m/fpv4-sp/hard\libgcc.a
LOAD c:/st/stm32cubeide_1.0.2/stm32cubeide/plugins/com.st.stm32cube.ide.mcu.externaltools.gnu-tools-for-stm32.7-2018-q2-update.win32_1.0.0.201904181610/tools/bin/../lib/gcc/arm-none-eabi/7.3.1/../../../../arm-none-eabi/lib/thumb/v7e-m/fpv4-sp/hard\libc_nano.a
LOAD c:/st/stm32cubeide_1.0.2/stm32cubeide/plugins/com.st.stm32cube.ide.mcu.externaltools.gnu-tools-for-stm32.7-2018-q2-update.win32_1.0.0.201904181610/tools/bin/../lib/gcc/arm-none-eabi/7.3.1/../../../../arm-none-eabi/lib/thumb/v7e-m/fpv4-sp/hard\libnosys.a
END GROUP
LOAD c:/st/stm32cubeide_1.0.2/stm32cubeide/plugins/com.st.stm32cube.ide.mcu.externaltools.gnu-tools-for-stm32.7-2018-q2-update.win32_1.0.0.201904181610/tools/bin/../lib/gcc/arm-none-eabi/7.3.1/thumb/v7e-m/fpv4-sp/hard/crtend.o
LOAD c:/st/stm32cubeide_1.0.2/stm32cubeide/plugins/com.st.stm32cube.ide.mcu.externaltools.gnu-tools-for-stm32.7-2018-q2-update.win32_1.0.0.201904181610/tools/bin/../lib/gcc/arm-none-eabi/7.3.1/thumb/v7e-m/fpv4-sp/hard/crtn.o
                0x0000000020020000                _estack = 0x20020000
                0x0000000000000200                _Min_Heap_Size = 0x200
                0x0000000000000400                _Min_Stack_Size = 0x400

.isr_vector     0x0000000008000000      0x1c4
                0x0000000008000000                . = ALIGN (0x4)
 *(.isr_vector)
 .isr_vector    0x0000000008000000      0x1c4 Startup/startup_stm32f446retx.o
                0x0000000008000000                g_pfnVectors
                0x00000000080001c4                . = ALIGN (0x4)

.text           0x00000000080001d0     0xfb74
                0x00000000080001d0                . = ALIGN (0x4)
 *(.text)
 .text          0x00000000080001d0       0x40 c:/st/stm32cubeide_1.0.2/stm32cubeide/plugins/com.st.stm32cube.ide.mcu.externaltools.gnu-tools-for-stm32.7-2018-q2-update.win32_1.0.0.201904181610/tools/bin/../lib/gcc/arm-none-eabi/7.3.1/thumb/v7e-m/fpv4-sp/hard/crtbegin.o
 .text          0x0000000008000210       0xa0 c:/st/stm32cubeide_1.0.2/stm32cubeide/plugins/com.st.stm32cube.ide.mcu.externaltools.gnu-tools-for-stm32.7-2018-q2-update.win32_1.0.0.201904181610/tools/bin/../lib/gcc/arm-none-eabi/7.3.1/../../../../arm-none-eabi/lib/thumb/v7e-m/fpv4-sp/hard\libc_nano.a(lib_a-memchr.o)
                0x0000000008000210                memchr
 .text          0x00000000080002b0      0x378 c:/st/stm32cubeide_1.0.2/stm32cubeide/plugins/com.st.stm32cube.ide.mcu.externaltools.gnu-tools-for-stm32.7-2018-q2-update.win32_1.0.0.201904181610/tools/bin/../lib/gcc/arm-none-eabi/7.3.1/thumb/v7e-m/fpv4-sp/hard\libgcc.a(_arm_addsubdf3.o)
                0x00000000080002b0                __aeabi_drsub
                0x00000000080002b8                __aeabi_dsub
                0x00000000080002b8                __subdf3
                0x00000000080002bc                __aeabi_dadd
                0x00000000080002bc                __adddf3
                0x0000000008000534                __floatunsidf
                0x0000000008000534                __aeabi_ui2d
                0x0000000008000554                __floatsidf
                0x0000000008000554                __aeabi_i2d
                0x0000000008000578                __aeabi_f2d
                0x0000000008000578                __extendsfdf2
                0x00000000080005bc                __floatundidf
                0x00000000080005bc                __aeabi_ul2d
                0x00000000080005cc                __floatdidf
                0x00000000080005cc                __aeabi_l2d
 .text          0x0000000008000628       0xa0 c:/st/stm32cubeide_1.0.2/stm32cubeide/plugins/com.st.stm32cube.ide.mcu.externaltools.gnu-tools-for-stm32.7-2018-q2-update.win32_1.0.0.201904181610/tools/bin/../lib/gcc/arm-none-eabi/7.3.1/thumb/v7e-m/fpv4-sp/hard\libgcc.a(_arm_truncdfsf2.o)
                0x0000000008000628                __truncdfsf2
                0x0000000008000628                __aeabi_d2f
 .text          0x00000000080006c8       0x30 c:/st/stm32cubeide_1.0.2/stm32cubeide/plugins/com.st.stm32cube.ide.mcu.externaltools.gnu-tools-for-stm32.7-2018-q2-update.win32_1.0.0.201904181610/tools/bin/../lib/gcc/arm-none-eabi/7.3.1/thumb/v7e-m/fpv4-sp/hard\libgcc.a(_aeabi_uldivmod.o)
                0x00000000080006c8                __aeabi_uldivmod
 .text          0x00000000080006f8      0x2cc c:/st/stm32cubeide_1.0.2/stm32cubeide/plugins/com.st.stm32cube.ide.mcu.externaltools.gnu-tools-for-stm32.7-2018-q2-update.win32_1.0.0.201904181610/tools/bin/../lib/gcc/arm-none-eabi/7.3.1/thumb/v7e-m/fpv4-sp/hard\libgcc.a(_udivmoddi4.o)
                0x00000000080006f8                __udivmoddi4
 .text          0x00000000080009c4        0x4 c:/st/stm32cubeide_1.0.2/stm32cubeide/plugins/com.st.stm32cube.ide.mcu.externaltools.gnu-tools-for-stm32.7-2018-q2-update.win32_1.0.0.201904181610/tools/bin/../lib/gcc/arm-none-eabi/7.3.1/thumb/v7e-m/fpv4-sp/hard\libgcc.a(_dvmd_tls.o)
                0x00000000080009c4                __aeabi_idiv0
                0x00000000080009c4                __aeabi_ldiv0
 *(.text*)
 .text.CCA02M1_AUDIO_IN_Init
                0x00000000080009c8      0x2b8 Drivers/BSP/CCA02M1/cca02m1_audio.o
                0x00000000080009c8                CCA02M1_AUDIO_IN_Init
 .text.MX_I2S_IN_ClockConfig
                0x0000000008000c80       0x80 Drivers/BSP/CCA02M1/cca02m1_audio.o
                0x0000000008000c80                MX_I2S_IN_ClockConfig
 .text.MX_SPI_Init
                0x0000000008000d00       0xf4 Drivers/BSP/CCA02M1/cca02m1_audio.o
                0x0000000008000d00                MX_SPI_Init
 .text.MX_I2S_IN_Init
                0x0000000008000df4      0x128 Drivers/BSP/CCA02M1/cca02m1_audio.o
                0x0000000008000df4                MX_I2S_IN_Init
 .text.CCA02M1_AUDIO_IN_PDMToPCM_Init
                0x0000000008000f1c      0x2c8 Drivers/BSP/CCA02M1/cca02m1_audio.o
                0x0000000008000f1c                CCA02M1_AUDIO_IN_PDMToPCM_Init
 .text.CCA02M1_AUDIO_IN_PDMToPCM
                0x00000000080011e4      0x108 Drivers/BSP/CCA02M1/cca02m1_audio.o
                0x00000000080011e4                CCA02M1_AUDIO_IN_PDMToPCM
 .text.CCA02M1_AUDIO_IN_Record
                0x00000000080012ec       0xfc Drivers/BSP/CCA02M1/cca02m1_audio.o
                0x00000000080012ec                CCA02M1_AUDIO_IN_Record
 .text.CCA02M1_AUDIO_IN_SetVolume
                0x00000000080013e8       0xd0 Drivers/BSP/CCA02M1/cca02m1_audio.o
                0x00000000080013e8                CCA02M1_AUDIO_IN_SetVolume
 .text.HAL_I2S_RxCpltCallback
                0x00000000080014b8      0x24c Drivers/BSP/CCA02M1/cca02m1_audio.o
                0x00000000080014b8                HAL_I2S_RxCpltCallback
 .text.HAL_I2S_RxHalfCpltCallback
                0x0000000008001704      0x224 Drivers/BSP/CCA02M1/cca02m1_audio.o
                0x0000000008001704                HAL_I2S_RxHalfCpltCallback
 .text.I2S_MspInit
                0x0000000008001928       0xa4 Drivers/BSP/CCA02M1/cca02m1_audio.o
 .text.SPI_MspInit
                0x00000000080019cc       0xd8 Drivers/BSP/CCA02M1/cca02m1_audio.o
 .text.AUDIO_IN_Timer_Init
                0x0000000008001aa4      0x168 Drivers/BSP/CCA02M1/cca02m1_audio.o
 .text.AUDIO_IN_Timer_Start
                0x0000000008001c0c       0x3c Drivers/BSP/CCA02M1/cca02m1_audio.o
 .text.HAL_Init
                0x0000000008001c48       0x44 Drivers/STM32F4xx_HAL_Driver/Src/stm32f4xx_hal.o
                0x0000000008001c48                HAL_Init
 .text.HAL_MspInit
                0x0000000008001c8c        0xe Drivers/STM32F4xx_HAL_Driver/Src/stm32f4xx_hal.o
                0x0000000008001c8c                HAL_MspInit
 *fill*         0x0000000008001c9a        0x2 
 .text.HAL_InitTick
                0x0000000008001c9c       0x60 Drivers/STM32F4xx_HAL_Driver/Src/stm32f4xx_hal.o
                0x0000000008001c9c                HAL_InitTick
 .text.HAL_IncTick
                0x0000000008001cfc       0x28 Drivers/STM32F4xx_HAL_Driver/Src/stm32f4xx_hal.o
                0x0000000008001cfc                HAL_IncTick
 .text.HAL_GetTick
                0x0000000008001d24       0x18 Drivers/STM32F4xx_HAL_Driver/Src/stm32f4xx_hal.o
                0x0000000008001d24                HAL_GetTick
 .text.HAL_Delay
                0x0000000008001d3c       0x44 Drivers/STM32F4xx_HAL_Driver/Src/stm32f4xx_hal.o
                0x0000000008001d3c                HAL_Delay
 .text.__NVIC_SetPriorityGrouping
                0x0000000008001d80       0x48 Drivers/STM32F4xx_HAL_Driver/Src/stm32f4xx_hal_cortex.o
 .text.__NVIC_GetPriorityGrouping
                0x0000000008001dc8       0x1c Drivers/STM32F4xx_HAL_Driver/Src/stm32f4xx_hal_cortex.o
 .text.__NVIC_EnableIRQ
                0x0000000008001de4       0x3c Drivers/STM32F4xx_HAL_Driver/Src/stm32f4xx_hal_cortex.o
 .text.__NVIC_SetPriority
                0x0000000008001e20       0x54 Drivers/STM32F4xx_HAL_Driver/Src/stm32f4xx_hal_cortex.o
 .text.NVIC_EncodePriority
                0x0000000008001e74       0x66 Drivers/STM32F4xx_HAL_Driver/Src/stm32f4xx_hal_cortex.o
 *fill*         0x0000000008001eda        0x2 
 .text.SysTick_Config
                0x0000000008001edc       0x44 Drivers/STM32F4xx_HAL_Driver/Src/stm32f4xx_hal_cortex.o
 .text.HAL_NVIC_SetPriorityGrouping
                0x0000000008001f20       0x16 Drivers/STM32F4xx_HAL_Driver/Src/stm32f4xx_hal_cortex.o
                0x0000000008001f20                HAL_NVIC_SetPriorityGrouping
 .text.HAL_NVIC_SetPriority
                0x0000000008001f36       0x38 Drivers/STM32F4xx_HAL_Driver/Src/stm32f4xx_hal_cortex.o
                0x0000000008001f36                HAL_NVIC_SetPriority
 .text.HAL_NVIC_EnableIRQ
                0x0000000008001f6e       0x1c Drivers/STM32F4xx_HAL_Driver/Src/stm32f4xx_hal_cortex.o
                0x0000000008001f6e                HAL_NVIC_EnableIRQ
 .text.HAL_SYSTICK_Config
                0x0000000008001f8a       0x18 Drivers/STM32F4xx_HAL_Driver/Src/stm32f4xx_hal_cortex.o
                0x0000000008001f8a                HAL_SYSTICK_Config
 *fill*         0x0000000008001fa2        0x2 
 .text.HAL_DMA_Init
                0x0000000008001fa4      0x15c Drivers/STM32F4xx_HAL_Driver/Src/stm32f4xx_hal_dma.o
                0x0000000008001fa4                HAL_DMA_Init
 .text.HAL_DMA_DeInit
                0x0000000008002100       0xbc Drivers/STM32F4xx_HAL_Driver/Src/stm32f4xx_hal_dma.o
                0x0000000008002100                HAL_DMA_DeInit
 .text.HAL_DMA_Start_IT
                0x00000000080021bc       0xb0 Drivers/STM32F4xx_HAL_Driver/Src/stm32f4xx_hal_dma.o
                0x00000000080021bc                HAL_DMA_Start_IT
 .text.HAL_DMA_IRQHandler
                0x000000000800226c      0x314 Drivers/STM32F4xx_HAL_Driver/Src/stm32f4xx_hal_dma.o
                0x000000000800226c                HAL_DMA_IRQHandler
 .text.DMA_SetConfig
                0x0000000008002580       0x5c Drivers/STM32F4xx_HAL_Driver/Src/stm32f4xx_hal_dma.o
 .text.DMA_CalcBaseAndBitshift
                0x00000000080025dc       0x6c Drivers/STM32F4xx_HAL_Driver/Src/stm32f4xx_hal_dma.o
 .text.DMA_CheckFifoParam
                0x0000000008002648       0xf4 Drivers/STM32F4xx_HAL_Driver/Src/stm32f4xx_hal_dma.o
 .text.HAL_GPIO_Init
                0x000000000800273c      0x324 Drivers/STM32F4xx_HAL_Driver/Src/stm32f4xx_hal_gpio.o
                0x000000000800273c                HAL_GPIO_Init
 .text.HAL_I2S_Init
                0x0000000008002a60      0x1f0 Drivers/STM32F4xx_HAL_Driver/Src/stm32f4xx_hal_i2s.o
                0x0000000008002a60                HAL_I2S_Init
 .text.HAL_I2S_MspInit
                0x0000000008002c50       0x14 Drivers/STM32F4xx_HAL_Driver/Src/stm32f4xx_hal_i2s.o
                0x0000000008002c50                HAL_I2S_MspInit
 .text.HAL_I2S_Receive_DMA
                0x0000000008002c64      0x178 Drivers/STM32F4xx_HAL_Driver/Src/stm32f4xx_hal_i2s.o
                0x0000000008002c64                HAL_I2S_Receive_DMA
 .text.HAL_I2S_TxCpltCallback
                0x0000000008002ddc       0x14 Drivers/STM32F4xx_HAL_Driver/Src/stm32f4xx_hal_i2s.o
                0x0000000008002ddc                HAL_I2S_TxCpltCallback
 .text.HAL_I2S_ErrorCallback
                0x0000000008002df0       0x14 Drivers/STM32F4xx_HAL_Driver/Src/stm32f4xx_hal_i2s.o
                0x0000000008002df0                HAL_I2S_ErrorCallback
 .text.I2S_DMARxCplt
                0x0000000008002e04       0x42 Drivers/STM32F4xx_HAL_Driver/Src/stm32f4xx_hal_i2s.o
 .text.I2S_DMARxHalfCplt
                0x0000000008002e46       0x1c Drivers/STM32F4xx_HAL_Driver/Src/stm32f4xx_hal_i2s.o
 .text.I2S_DMAError
                0x0000000008002e62       0x4c Drivers/STM32F4xx_HAL_Driver/Src/stm32f4xx_hal_i2s.o
 .text.I2S_Transmit_IT
                0x0000000008002eae       0x5c Drivers/STM32F4xx_HAL_Driver/Src/stm32f4xx_hal_i2s.o
 .text.I2S_Receive_IT
                0x0000000008002f0a       0x5e Drivers/STM32F4xx_HAL_Driver/Src/stm32f4xx_hal_i2s.o
 .text.I2S_IRQHandler
                0x0000000008002f68      0x114 Drivers/STM32F4xx_HAL_Driver/Src/stm32f4xx_hal_i2s.o
 .text.HAL_PCD_Init
                0x000000000800307c      0x248 Drivers/STM32F4xx_HAL_Driver/Src/stm32f4xx_hal_pcd.o
                0x000000000800307c                HAL_PCD_Init
 .text.HAL_PCD_Start
                0x00000000080032c4       0x66 Drivers/STM32F4xx_HAL_Driver/Src/stm32f4xx_hal_pcd.o
                0x00000000080032c4                HAL_PCD_Start
 .text.HAL_PCD_IRQHandler
                0x000000000800332a      0x7be Drivers/STM32F4xx_HAL_Driver/Src/stm32f4xx_hal_pcd.o
                0x000000000800332a                HAL_PCD_IRQHandler
 .text.HAL_PCD_SetAddress
                0x0000000008003ae8       0x4a Drivers/STM32F4xx_HAL_Driver/Src/stm32f4xx_hal_pcd.o
                0x0000000008003ae8                HAL_PCD_SetAddress
 .text.HAL_PCD_EP_Open
                0x0000000008003b32       0xd0 Drivers/STM32F4xx_HAL_Driver/Src/stm32f4xx_hal_pcd.o
                0x0000000008003b32                HAL_PCD_EP_Open
 .text.HAL_PCD_EP_Close
                0x0000000008003c02       0x94 Drivers/STM32F4xx_HAL_Driver/Src/stm32f4xx_hal_pcd.o
                0x0000000008003c02                HAL_PCD_EP_Close
 .text.HAL_PCD_EP_Receive
                0x0000000008003c96       0x96 Drivers/STM32F4xx_HAL_Driver/Src/stm32f4xx_hal_pcd.o
                0x0000000008003c96                HAL_PCD_EP_Receive
 .text.HAL_PCD_EP_Transmit
                0x0000000008003d2c       0x94 Drivers/STM32F4xx_HAL_Driver/Src/stm32f4xx_hal_pcd.o
                0x0000000008003d2c                HAL_PCD_EP_Transmit
 .text.HAL_PCD_EP_SetStall
                0x0000000008003dc0       0xc8 Drivers/STM32F4xx_HAL_Driver/Src/stm32f4xx_hal_pcd.o
                0x0000000008003dc0                HAL_PCD_EP_SetStall
 .text.HAL_PCD_EP_ClrStall
                0x0000000008003e88       0xac Drivers/STM32F4xx_HAL_Driver/Src/stm32f4xx_hal_pcd.o
                0x0000000008003e88                HAL_PCD_EP_ClrStall
 .text.HAL_PCD_EP_Flush
                0x0000000008003f34       0x5a Drivers/STM32F4xx_HAL_Driver/Src/stm32f4xx_hal_pcd.o
                0x0000000008003f34                HAL_PCD_EP_Flush
 .text.PCD_WriteEmptyTxFifo
                0x0000000008003f8e      0x11a Drivers/STM32F4xx_HAL_Driver/Src/stm32f4xx_hal_pcd.o
 .text.PCD_EP_OutXfrComplete_int
                0x00000000080040a8      0x218 Drivers/STM32F4xx_HAL_Driver/Src/stm32f4xx_hal_pcd.o
 .text.PCD_EP_OutSetupPacket_int
                0x00000000080042c0       0x8c Drivers/STM32F4xx_HAL_Driver/Src/stm32f4xx_hal_pcd.o
 .text.HAL_PCDEx_SetTxFiFo
                0x000000000800434c       0x8e Drivers/STM32F4xx_HAL_Driver/Src/stm32f4xx_hal_pcd_ex.o
                0x000000000800434c                HAL_PCDEx_SetTxFiFo
 .text.HAL_PCDEx_SetRxFiFo
                0x00000000080043da       0x22 Drivers/STM32F4xx_HAL_Driver/Src/stm32f4xx_hal_pcd_ex.o
                0x00000000080043da                HAL_PCDEx_SetRxFiFo
 .text.HAL_PCDEx_ActivateLPM
                0x00000000080043fc       0x48 Drivers/STM32F4xx_HAL_Driver/Src/stm32f4xx_hal_pcd_ex.o
                0x00000000080043fc                HAL_PCDEx_ActivateLPM
 .text.HAL_PCDEx_LPM_Callback
                0x0000000008004444       0x18 Drivers/STM32F4xx_HAL_Driver/Src/stm32f4xx_hal_pcd_ex.o
                0x0000000008004444                HAL_PCDEx_LPM_Callback
 .text.HAL_RCC_ClockConfig
                0x000000000800445c      0x1cc Drivers/STM32F4xx_HAL_Driver/Src/stm32f4xx_hal_rcc.o
                0x000000000800445c                HAL_RCC_ClockConfig
 .text.HAL_RCC_GetHCLKFreq
                0x0000000008004628       0x18 Drivers/STM32F4xx_HAL_Driver/Src/stm32f4xx_hal_rcc.o
                0x0000000008004628                HAL_RCC_GetHCLKFreq
 .text.HAL_RCC_GetPCLK1Freq
                0x0000000008004640       0x28 Drivers/STM32F4xx_HAL_Driver/Src/stm32f4xx_hal_rcc.o
                0x0000000008004640                HAL_RCC_GetPCLK1Freq
 .text.HAL_RCC_GetPCLK2Freq
                0x0000000008004668       0x28 Drivers/STM32F4xx_HAL_Driver/Src/stm32f4xx_hal_rcc.o
                0x0000000008004668                HAL_RCC_GetPCLK2Freq
 .text.HAL_RCCEx_PeriphCLKConfig
                0x0000000008004690      0x654 Drivers/STM32F4xx_HAL_Driver/Src/stm32f4xx_hal_rcc_ex.o
                0x0000000008004690                HAL_RCCEx_PeriphCLKConfig
 .text.HAL_RCCEx_GetPeriphCLKConfig
                0x0000000008004ce4      0x18c Drivers/STM32F4xx_HAL_Driver/Src/stm32f4xx_hal_rcc_ex.o
                0x0000000008004ce4                HAL_RCCEx_GetPeriphCLKConfig
 .text.HAL_RCCEx_GetPeriphCLKFreq
                0x0000000008004e70      0x43c Drivers/STM32F4xx_HAL_Driver/Src/stm32f4xx_hal_rcc_ex.o
                0x0000000008004e70                HAL_RCCEx_GetPeriphCLKFreq
 .text.HAL_RCC_GetSysClockFreq
                0x00000000080052ac      0x340 Drivers/STM32F4xx_HAL_Driver/Src/stm32f4xx_hal_rcc_ex.o
                0x00000000080052ac                HAL_RCC_GetSysClockFreq
 .text.HAL_RCC_OscConfig
                0x00000000080055ec      0x4bc Drivers/STM32F4xx_HAL_Driver/Src/stm32f4xx_hal_rcc_ex.o
                0x00000000080055ec                HAL_RCC_OscConfig
 .text.HAL_SPI_Init
                0x0000000008005aa8       0xc8 Drivers/STM32F4xx_HAL_Driver/Src/stm32f4xx_hal_spi.o
                0x0000000008005aa8                HAL_SPI_Init
 .text.HAL_SPI_MspInit
                0x0000000008005b70       0x14 Drivers/STM32F4xx_HAL_Driver/Src/stm32f4xx_hal_spi.o
                0x0000000008005b70                HAL_SPI_MspInit
 .text.HAL_SPI_Receive_DMA
                0x0000000008005b84      0x180 Drivers/STM32F4xx_HAL_Driver/Src/stm32f4xx_hal_spi.o
                0x0000000008005b84                HAL_SPI_Receive_DMA
 .text.HAL_SPI_TransmitReceive_DMA
                0x0000000008005d04      0x204 Drivers/STM32F4xx_HAL_Driver/Src/stm32f4xx_hal_spi.o
                0x0000000008005d04                HAL_SPI_TransmitReceive_DMA
 .text.HAL_SPI_RxCpltCallback
                0x0000000008005f08       0x14 Drivers/STM32F4xx_HAL_Driver/Src/stm32f4xx_hal_spi.o
                0x0000000008005f08                HAL_SPI_RxCpltCallback
 .text.HAL_SPI_TxRxCpltCallback
                0x0000000008005f1c       0x14 Drivers/STM32F4xx_HAL_Driver/Src/stm32f4xx_hal_spi.o
                0x0000000008005f1c                HAL_SPI_TxRxCpltCallback
 .text.HAL_SPI_RxHalfCpltCallback
                0x0000000008005f30       0x14 Drivers/STM32F4xx_HAL_Driver/Src/stm32f4xx_hal_spi.o
                0x0000000008005f30                HAL_SPI_RxHalfCpltCallback
 .text.HAL_SPI_TxRxHalfCpltCallback
                0x0000000008005f44       0x14 Drivers/STM32F4xx_HAL_Driver/Src/stm32f4xx_hal_spi.o
                0x0000000008005f44                HAL_SPI_TxRxHalfCpltCallback
 .text.HAL_SPI_ErrorCallback
                0x0000000008005f58       0x14 Drivers/STM32F4xx_HAL_Driver/Src/stm32f4xx_hal_spi.o
                0x0000000008005f58                HAL_SPI_ErrorCallback
 .text.SPI_DMAReceiveCplt
                0x0000000008005f6c       0xa8 Drivers/STM32F4xx_HAL_Driver/Src/stm32f4xx_hal_spi.o
 .text.SPI_DMATransmitReceiveCplt
                0x0000000008006014       0x90 Drivers/STM32F4xx_HAL_Driver/Src/stm32f4xx_hal_spi.o
 .text.SPI_DMAHalfReceiveCplt
                0x00000000080060a4       0x1c Drivers/STM32F4xx_HAL_Driver/Src/stm32f4xx_hal_spi.o
 .text.SPI_DMAHalfTransmitReceiveCplt
                0x00000000080060c0       0x1c Drivers/STM32F4xx_HAL_Driver/Src/stm32f4xx_hal_spi.o
 .text.SPI_DMAError
                0x00000000080060dc       0x40 Drivers/STM32F4xx_HAL_Driver/Src/stm32f4xx_hal_spi.o
 .text.SPI_WaitFlagStateUntilTimeout
                0x000000000800611c       0xd4 Drivers/STM32F4xx_HAL_Driver/Src/stm32f4xx_hal_spi.o
 .text.SPI_EndRxTransaction
                0x00000000080061f0       0xca Drivers/STM32F4xx_HAL_Driver/Src/stm32f4xx_hal_spi.o
 *fill*         0x00000000080062ba        0x2 
 .text.SPI_EndRxTxTransaction
                0x00000000080062bc       0x84 Drivers/STM32F4xx_HAL_Driver/Src/stm32f4xx_hal_spi.o
 .text.HAL_TIM_OC_Start
                0x0000000008006340       0x7c Drivers/STM32F4xx_HAL_Driver/Src/stm32f4xx_hal_tim.o
                0x0000000008006340                HAL_TIM_OC_Start
 .text.HAL_TIM_PWM_Init
                0x00000000080063bc       0x56 Drivers/STM32F4xx_HAL_Driver/Src/stm32f4xx_hal_tim.o
                0x00000000080063bc                HAL_TIM_PWM_Init
 .text.HAL_TIM_PWM_MspInit
                0x0000000008006412       0x14 Drivers/STM32F4xx_HAL_Driver/Src/stm32f4xx_hal_tim.o
                0x0000000008006412                HAL_TIM_PWM_MspInit
 .text.HAL_TIM_IC_Start
                0x0000000008006426       0x44 Drivers/STM32F4xx_HAL_Driver/Src/stm32f4xx_hal_tim.o
                0x0000000008006426                HAL_TIM_IC_Start
 .text.HAL_TIM_IC_ConfigChannel
                0x000000000800646a      0x138 Drivers/STM32F4xx_HAL_Driver/Src/stm32f4xx_hal_tim.o
                0x000000000800646a                HAL_TIM_IC_ConfigChannel
 *fill*         0x00000000080065a2        0x2 
 .text.HAL_TIM_PWM_ConfigChannel
                0x00000000080065a4      0x18c Drivers/STM32F4xx_HAL_Driver/Src/stm32f4xx_hal_tim.o
                0x00000000080065a4                HAL_TIM_PWM_ConfigChannel
 .text.HAL_TIM_SlaveConfigSynchro
                0x0000000008006730       0x84 Drivers/STM32F4xx_HAL_Driver/Src/stm32f4xx_hal_tim.o
                0x0000000008006730                HAL_TIM_SlaveConfigSynchro
 .text.TIM_Base_SetConfig
                0x00000000080067b4      0x140 Drivers/STM32F4xx_HAL_Driver/Src/stm32f4xx_hal_tim.o
                0x00000000080067b4                TIM_Base_SetConfig
 .text.TIM_OC1_SetConfig
                0x00000000080068f4       0xe0 Drivers/STM32F4xx_HAL_Driver/Src/stm32f4xx_hal_tim.o
 .text.TIM_OC2_SetConfig
                0x00000000080069d4       0xec Drivers/STM32F4xx_HAL_Driver/Src/stm32f4xx_hal_tim.o
                0x00000000080069d4                TIM_OC2_SetConfig
 .text.TIM_OC3_SetConfig
                0x0000000008006ac0       0xe8 Drivers/STM32F4xx_HAL_Driver/Src/stm32f4xx_hal_tim.o
 .text.TIM_OC4_SetConfig
                0x0000000008006ba8       0xac Drivers/STM32F4xx_HAL_Driver/Src/stm32f4xx_hal_tim.o
 .text.TIM_SlaveTimer_SetConfig
                0x0000000008006c54      0x10c Drivers/STM32F4xx_HAL_Driver/Src/stm32f4xx_hal_tim.o
 .text.TIM_TI1_SetConfig
                0x0000000008006d60       0xe8 Drivers/STM32F4xx_HAL_Driver/Src/stm32f4xx_hal_tim.o
                0x0000000008006d60                TIM_TI1_SetConfig
 .text.TIM_TI1_ConfigInputStage
                0x0000000008006e48       0x5e Drivers/STM32F4xx_HAL_Driver/Src/stm32f4xx_hal_tim.o
 .text.TIM_TI2_SetConfig
                0x0000000008006ea6       0x7a Drivers/STM32F4xx_HAL_Driver/Src/stm32f4xx_hal_tim.o
 .text.TIM_TI2_ConfigInputStage
                0x0000000008006f20       0x60 Drivers/STM32F4xx_HAL_Driver/Src/stm32f4xx_hal_tim.o
 .text.TIM_TI3_SetConfig
                0x0000000008006f80       0x78 Drivers/STM32F4xx_HAL_Driver/Src/stm32f4xx_hal_tim.o
 .text.TIM_TI4_SetConfig
                0x0000000008006ff8       0x7a Drivers/STM32F4xx_HAL_Driver/Src/stm32f4xx_hal_tim.o
 .text.TIM_ETR_SetConfig
                0x0000000008007072       0x40 Drivers/STM32F4xx_HAL_Driver/Src/stm32f4xx_hal_tim.o
                0x0000000008007072                TIM_ETR_SetConfig
 .text.TIM_CCxChannelCmd
                0x00000000080070b2       0x4a Drivers/STM32F4xx_HAL_Driver/Src/stm32f4xx_hal_tim.o
                0x00000000080070b2                TIM_CCxChannelCmd
 .text.HAL_UART_Init
                0x00000000080070fc       0x9a Drivers/STM32F4xx_HAL_Driver/Src/stm32f4xx_hal_uart.o
                0x00000000080070fc                HAL_UART_Init
 .text.HAL_UART_Transmit
                0x0000000008007196      0x132 Drivers/STM32F4xx_HAL_Driver/Src/stm32f4xx_hal_uart.o
                0x0000000008007196                HAL_UART_Transmit
 .text.UART_WaitOnFlagUntilTimeout
                0x00000000080072c8       0x94 Drivers/STM32F4xx_HAL_Driver/Src/stm32f4xx_hal_uart.o
 .text.UART_SetConfig
                0x000000000800735c      0x6f8 Drivers/STM32F4xx_HAL_Driver/Src/stm32f4xx_hal_uart.o
 .text.USB_CoreInit
                0x0000000008007a54       0xc2 Drivers/STM32F4xx_HAL_Driver/Src/stm32f4xx_ll_usb.o
                0x0000000008007a54                USB_CoreInit
 *fill*         0x0000000008007b16        0x2 
 .text.USB_SetTurnaroundTime
                0x0000000008007b18      0x144 Drivers/STM32F4xx_HAL_Driver/Src/stm32f4xx_ll_usb.o
                0x0000000008007b18                USB_SetTurnaroundTime
 .text.USB_EnableGlobalInt
                0x0000000008007c5c       0x22 Drivers/STM32F4xx_HAL_Driver/Src/stm32f4xx_ll_usb.o
                0x0000000008007c5c                USB_EnableGlobalInt
 .text.USB_DisableGlobalInt
                0x0000000008007c7e       0x22 Drivers/STM32F4xx_HAL_Driver/Src/stm32f4xx_ll_usb.o
                0x0000000008007c7e                USB_DisableGlobalInt
 .text.USB_SetCurrentMode
                0x0000000008007ca0       0x54 Drivers/STM32F4xx_HAL_Driver/Src/stm32f4xx_ll_usb.o
                0x0000000008007ca0                USB_SetCurrentMode
 .text.USB_DevInit
                0x0000000008007cf4      0x2bc Drivers/STM32F4xx_HAL_Driver/Src/stm32f4xx_ll_usb.o
                0x0000000008007cf4                USB_DevInit
 .text.USB_FlushTxFifo
                0x0000000008007fb0       0x4c Drivers/STM32F4xx_HAL_Driver/Src/stm32f4xx_ll_usb.o
                0x0000000008007fb0                USB_FlushTxFifo
 .text.USB_FlushRxFifo
                0x0000000008007ffc       0x44 Drivers/STM32F4xx_HAL_Driver/Src/stm32f4xx_ll_usb.o
                0x0000000008007ffc                USB_FlushRxFifo
 .text.USB_SetDevSpeed
                0x0000000008008040       0x32 Drivers/STM32F4xx_HAL_Driver/Src/stm32f4xx_ll_usb.o
                0x0000000008008040                USB_SetDevSpeed
 .text.USB_GetDevSpeed
                0x0000000008008072       0x4a Drivers/STM32F4xx_HAL_Driver/Src/stm32f4xx_ll_usb.o
                0x0000000008008072                USB_GetDevSpeed
 .text.USB_ActivateEndpoint
                0x00000000080080bc      0x10e Drivers/STM32F4xx_HAL_Driver/Src/stm32f4xx_ll_usb.o
                0x00000000080080bc                USB_ActivateEndpoint
 *fill*         0x00000000080081ca        0x2 
 .text.USB_DeactivateEndpoint
                0x00000000080081cc      0x1b8 Drivers/STM32F4xx_HAL_Driver/Src/stm32f4xx_ll_usb.o
                0x00000000080081cc                USB_DeactivateEndpoint
 .text.USB_EPStartXfer
                0x0000000008008384      0x488 Drivers/STM32F4xx_HAL_Driver/Src/stm32f4xx_ll_usb.o
                0x0000000008008384                USB_EPStartXfer
 .text.USB_EP0StartXfer
                0x000000000800880c      0x2a6 Drivers/STM32F4xx_HAL_Driver/Src/stm32f4xx_ll_usb.o
                0x000000000800880c                USB_EP0StartXfer
 .text.USB_WritePacket
                0x0000000008008ab2       0x6a Drivers/STM32F4xx_HAL_Driver/Src/stm32f4xx_ll_usb.o
                0x0000000008008ab2                USB_WritePacket
 .text.USB_ReadPacket
                0x0000000008008b1c       0x52 Drivers/STM32F4xx_HAL_Driver/Src/stm32f4xx_ll_usb.o
                0x0000000008008b1c                USB_ReadPacket
 .text.USB_EPSetStall
                0x0000000008008b6e       0xdc Drivers/STM32F4xx_HAL_Driver/Src/stm32f4xx_ll_usb.o
                0x0000000008008b6e                USB_EPSetStall
 .text.USB_EPClearStall
                0x0000000008008c4a       0xcc Drivers/STM32F4xx_HAL_Driver/Src/stm32f4xx_ll_usb.o
                0x0000000008008c4a                USB_EPClearStall
 .text.USB_SetDevAddress
                0x0000000008008d16       0x4c Drivers/STM32F4xx_HAL_Driver/Src/stm32f4xx_ll_usb.o
                0x0000000008008d16                USB_SetDevAddress
 .text.USB_DevConnect
                0x0000000008008d62       0x30 Drivers/STM32F4xx_HAL_Driver/Src/stm32f4xx_ll_usb.o
                0x0000000008008d62                USB_DevConnect
 .text.USB_DevDisconnect
                0x0000000008008d92       0x30 Drivers/STM32F4xx_HAL_Driver/Src/stm32f4xx_ll_usb.o
                0x0000000008008d92                USB_DevDisconnect
 .text.USB_ReadInterrupts
                0x0000000008008dc2       0x26 Drivers/STM32F4xx_HAL_Driver/Src/stm32f4xx_ll_usb.o
                0x0000000008008dc2                USB_ReadInterrupts
 .text.USB_ReadDevAllOutEpInterrupt
                0x0000000008008de8       0x34 Drivers/STM32F4xx_HAL_Driver/Src/stm32f4xx_ll_usb.o
                0x0000000008008de8                USB_ReadDevAllOutEpInterrupt
 .text.USB_ReadDevAllInEpInterrupt
                0x0000000008008e1c       0x34 Drivers/STM32F4xx_HAL_Driver/Src/stm32f4xx_ll_usb.o
                0x0000000008008e1c                USB_ReadDevAllInEpInterrupt
 .text.USB_ReadDevOutEPInterrupt
                0x0000000008008e50       0x3c Drivers/STM32F4xx_HAL_Driver/Src/stm32f4xx_ll_usb.o
                0x0000000008008e50                USB_ReadDevOutEPInterrupt
 .text.USB_ReadDevInEPInterrupt
                0x0000000008008e8c       0x5c Drivers/STM32F4xx_HAL_Driver/Src/stm32f4xx_ll_usb.o
                0x0000000008008e8c                USB_ReadDevInEPInterrupt
 .text.USB_GetMode
                0x0000000008008ee8       0x1c Drivers/STM32F4xx_HAL_Driver/Src/stm32f4xx_ll_usb.o
                0x0000000008008ee8                USB_GetMode
 .text.USB_ActivateSetup
                0x0000000008008f04       0x46 Drivers/STM32F4xx_HAL_Driver/Src/stm32f4xx_ll_usb.o
                0x0000000008008f04                USB_ActivateSetup
 *fill*         0x0000000008008f4a        0x2 
 .text.USB_EP0_OutStart
                0x0000000008008f4c       0xbc Drivers/STM32F4xx_HAL_Driver/Src/stm32f4xx_ll_usb.o
                0x0000000008008f4c                USB_EP0_OutStart
 .text.USB_CoreReset
                0x0000000008009008       0x68 Drivers/STM32F4xx_HAL_Driver/Src/stm32f4xx_ll_usb.o
 .text.USBD_AUDIO_Init
                0x0000000008009070       0xac Middlewares/ST/STM32_USB_Device_Library/Class/AUDIO/Src/usbd_audio_in.o
 .text.USBD_AUDIO_DeInit
                0x000000000800911c       0x40 Middlewares/ST/STM32_USB_Device_Library/Class/AUDIO/Src/usbd_audio_in.o
 .text.USBD_AUDIO_Setup
                0x000000000800915c      0x104 Middlewares/ST/STM32_USB_Device_Library/Class/AUDIO/Src/usbd_audio_in.o
 .text.USBD_AUDIO_GetCfgDesc
                0x0000000008009260       0x20 Middlewares/ST/STM32_USB_Device_Library/Class/AUDIO/Src/usbd_audio_in.o
 .text.USBD_AUDIO_DataIn
                0x0000000008009280      0x15c Middlewares/ST/STM32_USB_Device_Library/Class/AUDIO/Src/usbd_audio_in.o
 .text.USBD_AUDIO_EP0_RxReady
                0x00000000080093dc       0x64 Middlewares/ST/STM32_USB_Device_Library/Class/AUDIO/Src/usbd_audio_in.o
 .text.USBD_AUDIO_EP0_TxReady
                0x0000000008009440       0x16 Middlewares/ST/STM32_USB_Device_Library/Class/AUDIO/Src/usbd_audio_in.o
 .text.USBD_AUDIO_SOF
                0x0000000008009456       0x16 Middlewares/ST/STM32_USB_Device_Library/Class/AUDIO/Src/usbd_audio_in.o
 .text.USBD_AUDIO_IsoINIncomplete
                0x000000000800946c       0x1a Middlewares/ST/STM32_USB_Device_Library/Class/AUDIO/Src/usbd_audio_in.o
 .text.USBD_AUDIO_IsoOutIncomplete
                0x0000000008009486       0x1a Middlewares/ST/STM32_USB_Device_Library/Class/AUDIO/Src/usbd_audio_in.o
 .text.USBD_AUDIO_DataOut
                0x00000000080094a0       0x1a Middlewares/ST/STM32_USB_Device_Library/Class/AUDIO/Src/usbd_audio_in.o
 *fill*         0x00000000080094ba        0x2 
 .text.USBD_AUDIO_GetDeviceQualifierDesc
                0x00000000080094bc       0x20 Middlewares/ST/STM32_USB_Device_Library/Class/AUDIO/Src/usbd_audio_in.o
 .text.AUDIO_REQ_GetMaximum
                0x00000000080094dc       0x38 Middlewares/ST/STM32_USB_Device_Library/Class/AUDIO/Src/usbd_audio_in.o
 .text.AUDIO_REQ_GetMinimum
                0x0000000008009514       0x38 Middlewares/ST/STM32_USB_Device_Library/Class/AUDIO/Src/usbd_audio_in.o
 .text.AUDIO_REQ_GetResolution
                0x000000000800954c       0x38 Middlewares/ST/STM32_USB_Device_Library/Class/AUDIO/Src/usbd_audio_in.o
 .text.AUDIO_REQ_GetCurrent
                0x0000000008009584       0x50 Middlewares/ST/STM32_USB_Device_Library/Class/AUDIO/Src/usbd_audio_in.o
 .text.AUDIO_REQ_SetCurrent
                0x00000000080095d4       0x58 Middlewares/ST/STM32_USB_Device_Library/Class/AUDIO/Src/usbd_audio_in.o
 .text.USBD_AUDIO_Data_Transfer
                0x000000000800962c      0x19c Middlewares/ST/STM32_USB_Device_Library/Class/AUDIO/Src/usbd_audio_in.o
                0x000000000800962c                USBD_AUDIO_Data_Transfer
 .text.USBD_AUDIO_RegisterInterface
                0x00000000080097c8       0x26 Middlewares/ST/STM32_USB_Device_Library/Class/AUDIO/Src/usbd_audio_in.o
                0x00000000080097c8                USBD_AUDIO_RegisterInterface
 *fill*         0x00000000080097ee        0x2 
 .text.USBD_AUDIO_Init_Microphone_Descriptor
                0x00000000080097f0      0x64c Middlewares/ST/STM32_USB_Device_Library/Class/AUDIO/Src/usbd_audio_in.o
                0x00000000080097f0                USBD_AUDIO_Init_Microphone_Descriptor
 .text.USBD_Init
                0x0000000008009e3c       0x6c Middlewares/ST/STM32_USB_Device_Library/Core/Src/usbd_core.o
                0x0000000008009e3c                USBD_Init
 .text.USBD_RegisterClass
                0x0000000008009ea8       0x42 Middlewares/ST/STM32_USB_Device_Library/Core/Src/usbd_core.o
                0x0000000008009ea8                USBD_RegisterClass
 .text.USBD_Start
                0x0000000008009eea       0x18 Middlewares/ST/STM32_USB_Device_Library/Core/Src/usbd_core.o
                0x0000000008009eea                USBD_Start
 .text.USBD_RunTestMode
                0x0000000008009f02       0x16 Middlewares/ST/STM32_USB_Device_Library/Core/Src/usbd_core.o
                0x0000000008009f02                USBD_RunTestMode
 .text.USBD_SetClassConfig
                0x0000000008009f18       0x38 Middlewares/ST/STM32_USB_Device_Library/Core/Src/usbd_core.o
                0x0000000008009f18                USBD_SetClassConfig
 .text.USBD_ClrClassConfig
                0x0000000008009f50       0x30 Middlewares/ST/STM32_USB_Device_Library/Core/Src/usbd_core.o
                0x0000000008009f50                USBD_ClrClassConfig
 .text.USBD_LL_SetupStage
                0x0000000008009f80       0xa6 Middlewares/ST/STM32_USB_Device_Library/Core/Src/usbd_core.o
                0x0000000008009f80                USBD_LL_SetupStage
 .text.USBD_LL_DataOutStage
                0x000000000800a026       0xc6 Middlewares/ST/STM32_USB_Device_Library/Core/Src/usbd_core.o
                0x000000000800a026                USBD_LL_DataOutStage
 .text.USBD_LL_DataInStage
                0x000000000800a0ec      0x12c Middlewares/ST/STM32_USB_Device_Library/Core/Src/usbd_core.o
                0x000000000800a0ec                USBD_LL_DataInStage
 .text.USBD_LL_Reset
                0x000000000800a218       0x82 Middlewares/ST/STM32_USB_Device_Library/Core/Src/usbd_core.o
                0x000000000800a218                USBD_LL_Reset
 .text.USBD_LL_SetSpeed
                0x000000000800a29a       0x20 Middlewares/ST/STM32_USB_Device_Library/Core/Src/usbd_core.o
                0x000000000800a29a                USBD_LL_SetSpeed
 .text.USBD_LL_Suspend
                0x000000000800a2ba       0x2a Middlewares/ST/STM32_USB_Device_Library/Core/Src/usbd_core.o
                0x000000000800a2ba                USBD_LL_Suspend
 .text.USBD_LL_Resume
                0x000000000800a2e4       0x2c Middlewares/ST/STM32_USB_Device_Library/Core/Src/usbd_core.o
                0x000000000800a2e4                USBD_LL_Resume
 .text.USBD_LL_SOF
                0x000000000800a310       0x34 Middlewares/ST/STM32_USB_Device_Library/Core/Src/usbd_core.o
                0x000000000800a310                USBD_LL_SOF
 .text.USBD_LL_IsoINIncomplete
                0x000000000800a344       0x1a Middlewares/ST/STM32_USB_Device_Library/Core/Src/usbd_core.o
                0x000000000800a344                USBD_LL_IsoINIncomplete
 .text.USBD_LL_IsoOUTIncomplete
                0x000000000800a35e       0x1a Middlewares/ST/STM32_USB_Device_Library/Core/Src/usbd_core.o
                0x000000000800a35e                USBD_LL_IsoOUTIncomplete
 .text.USBD_LL_DevConnected
                0x000000000800a378       0x16 Middlewares/ST/STM32_USB_Device_Library/Core/Src/usbd_core.o
                0x000000000800a378                USBD_LL_DevConnected
 .text.USBD_LL_DevDisconnected
                0x000000000800a38e       0x38 Middlewares/ST/STM32_USB_Device_Library/Core/Src/usbd_core.o
                0x000000000800a38e                USBD_LL_DevDisconnected
 .text.SWAPBYTE
                0x000000000800a3c6       0x3c Middlewares/ST/STM32_USB_Device_Library/Core/Src/usbd_ctlreq.o
 *fill*         0x000000000800a402        0x2 
 .text.USBD_StdDevReq
                0x000000000800a404       0xdc Middlewares/ST/STM32_USB_Device_Library/Core/Src/usbd_ctlreq.o
                0x000000000800a404                USBD_StdDevReq
 .text.USBD_StdItfReq
                0x000000000800a4e0       0x8c Middlewares/ST/STM32_USB_Device_Library/Core/Src/usbd_ctlreq.o
                0x000000000800a4e0                USBD_StdItfReq
 .text.USBD_StdEPReq
                0x000000000800a56c      0x2aa Middlewares/ST/STM32_USB_Device_Library/Core/Src/usbd_ctlreq.o
                0x000000000800a56c                USBD_StdEPReq
 *fill*         0x000000000800a816        0x2 
 .text.USBD_GetDescriptor
                0x000000000800a818      0x2d4 Middlewares/ST/STM32_USB_Device_Library/Core/Src/usbd_ctlreq.o
 .text.USBD_SetAddress
                0x000000000800aaec       0x84 Middlewares/ST/STM32_USB_Device_Library/Core/Src/usbd_ctlreq.o
 .text.USBD_SetConfig
                0x000000000800ab70      0x148 Middlewares/ST/STM32_USB_Device_Library/Core/Src/usbd_ctlreq.o
 .text.USBD_GetConfig
                0x000000000800acb8       0x68 Middlewares/ST/STM32_USB_Device_Library/Core/Src/usbd_ctlreq.o
 .text.USBD_GetStatus
                0x000000000800ad20       0x66 Middlewares/ST/STM32_USB_Device_Library/Core/Src/usbd_ctlreq.o
 .text.USBD_SetFeature
                0x000000000800ad86       0x28 Middlewares/ST/STM32_USB_Device_Library/Core/Src/usbd_ctlreq.o
 .text.USBD_ClrFeature
                0x000000000800adae       0x42 Middlewares/ST/STM32_USB_Device_Library/Core/Src/usbd_ctlreq.o
 .text.USBD_ParseSetupRequest
                0x000000000800adf0       0x74 Middlewares/ST/STM32_USB_Device_Library/Core/Src/usbd_ctlreq.o
                0x000000000800adf0                USBD_ParseSetupRequest
 .text.USBD_CtlError
                0x000000000800ae64       0x22 Middlewares/ST/STM32_USB_Device_Library/Core/Src/usbd_ctlreq.o
                0x000000000800ae64                USBD_CtlError
 .text.USBD_GetString
                0x000000000800ae86       0x8c Middlewares/ST/STM32_USB_Device_Library/Core/Src/usbd_ctlreq.o
                0x000000000800ae86                USBD_GetString
 .text.USBD_GetLen
                0x000000000800af12       0x34 Middlewares/ST/STM32_USB_Device_Library/Core/Src/usbd_ctlreq.o
 .text.USBD_CtlSendData
                0x000000000800af46       0x36 Middlewares/ST/STM32_USB_Device_Library/Core/Src/usbd_ioreq.o
                0x000000000800af46                USBD_CtlSendData
 .text.USBD_CtlContinueSendData
                0x000000000800af7c       0x22 Middlewares/ST/STM32_USB_Device_Library/Core/Src/usbd_ioreq.o
                0x000000000800af7c                USBD_CtlContinueSendData
 .text.USBD_CtlPrepareRx
                0x000000000800af9e       0x3a Middlewares/ST/STM32_USB_Device_Library/Core/Src/usbd_ioreq.o
                0x000000000800af9e                USBD_CtlPrepareRx
 .text.USBD_CtlContinueRx
                0x000000000800afd8       0x22 Middlewares/ST/STM32_USB_Device_Library/Core/Src/usbd_ioreq.o
                0x000000000800afd8                USBD_CtlContinueRx
 .text.USBD_CtlSendStatus
                0x000000000800affa       0x26 Middlewares/ST/STM32_USB_Device_Library/Core/Src/usbd_ioreq.o
                0x000000000800affa                USBD_CtlSendStatus
 .text.USBD_CtlReceiveStatus
                0x000000000800b020       0x26 Middlewares/ST/STM32_USB_Device_Library/Core/Src/usbd_ioreq.o
                0x000000000800b020                USBD_CtlReceiveStatus
 .text.arm_fir_decimate_init_q15
                0x000000000800b046       0x6a Src/arm_fir_decimate_init_q15.o
                0x000000000800b046                arm_fir_decimate_init_q15
 .text.arm_fir_decimate_q15
                0x000000000800b0b0      0x7aa Src/arm_fir_decimate_q15.o
                0x000000000800b0b0                arm_fir_decimate_q15
 .text.CCA02M1_AUDIO_IN_HalfTransfer_CallBack
                0x000000000800b85a       0x14 Src/audio_application.o
                0x000000000800b85a                CCA02M1_AUDIO_IN_HalfTransfer_CallBack
 .text.CCA02M1_AUDIO_IN_TransferComplete_CallBack
                0x000000000800b86e       0x14 Src/audio_application.o
                0x000000000800b86e                CCA02M1_AUDIO_IN_TransferComplete_CallBack
 *fill*         0x000000000800b882        0x2 
 .text.AudioProcess
                0x000000000800b884       0x90 Src/audio_application.o
                0x000000000800b884                AudioProcess
 .text.Init_Acquisition_Peripherals
                0x000000000800b914       0x40 Src/audio_application.o
                0x000000000800b914                Init_Acquisition_Peripherals
 .text.Start_Acquisition
                0x000000000800b954       0x18 Src/audio_application.o
                0x000000000800b954                Start_Acquisition
 .text.SystemClock_Config
                0x000000000800b96c       0xa4 Src/cube_hal_f4.o
                0x000000000800b96c                SystemClock_Config
 .text.__io_putchar
                0x000000000800ba10       0x2c Src/main.o
                0x000000000800ba10                __io_putchar
 .text.main     0x000000000800ba3c       0xc4 Src/main.o
                0x000000000800ba3c                main
 .text.Error_Handler
                0x000000000800bb00        0xe Src/main.o
                0x000000000800bb00                Error_Handler
 .text.NMI_Handler
                0x000000000800bb0e        0xe Src/stm32xx_it.o
                0x000000000800bb0e                NMI_Handler
 .text.HardFault_Handler
                0x000000000800bb1c        0x6 Src/stm32xx_it.o
                0x000000000800bb1c                HardFault_Handler
 .text.SVC_Handler
                0x000000000800bb22        0xe Src/stm32xx_it.o
                0x000000000800bb22                SVC_Handler
 .text.DebugMon_Handler
                0x000000000800bb30        0xe Src/stm32xx_it.o
                0x000000000800bb30                DebugMon_Handler
 .text.PendSV_Handler
                0x000000000800bb3e        0xe Src/stm32xx_it.o
                0x000000000800bb3e                PendSV_Handler
 .text.SysTick_Handler
                0x000000000800bb4c        0xc Src/stm32xx_it.o
                0x000000000800bb4c                SysTick_Handler
 .text.OTG_FS_IRQHandler
                0x000000000800bb58       0x14 Src/stm32xx_it.o
                0x000000000800bb58                OTG_FS_IRQHandler
 .text.DMA1_Stream3_IRQHandler
                0x000000000800bb6c       0x18 Src/stm32xx_it.o
                0x000000000800bb6c                DMA1_Stream3_IRQHandler
 .text._read    0x000000000800bb84       0x3a Src/syscalls.o
                0x000000000800bb84                _read
 .text._write   0x000000000800bbbe       0x38 Src/syscalls.o
                0x000000000800bbbe                _write
 .text._close   0x000000000800bbf6       0x18 Src/syscalls.o
                0x000000000800bbf6                _close
 .text._fstat   0x000000000800bc0e       0x20 Src/syscalls.o
                0x000000000800bc0e                _fstat
 .text._isatty  0x000000000800bc2e       0x16 Src/syscalls.o
                0x000000000800bc2e                _isatty
 .text._lseek   0x000000000800bc44       0x1a Src/syscalls.o
                0x000000000800bc44                _lseek
 *fill*         0x000000000800bc5e        0x2 
 .text._sbrk    0x000000000800bc60       0x58 Src/sysmem.o
                0x000000000800bc60                _sbrk
 .text.SystemInit
                0x000000000800bcb8       0x2c Src/system_stm32f4xx.o
                0x000000000800bcb8                SystemInit
 .text.MX_USART1_UART_Init
                0x000000000800bce4       0x64 Src/usart.o
                0x000000000800bce4                MX_USART1_UART_Init
 .text.HAL_UART_MspInit
                0x000000000800bd48      0x108 Src/usart.o
                0x000000000800bd48                HAL_UART_MspInit
 .text.Audio_Init
                0x000000000800be50       0x1a Src/usbd_audio_if.o
 .text.Audio_DeInit
                0x000000000800be6a       0x16 Src/usbd_audio_if.o
 .text.Audio_Record
                0x000000000800be80       0x10 Src/usbd_audio_if.o
 .text.Audio_VolumeCtl
                0x000000000800be90       0x68 Src/usbd_audio_if.o
 .text.Audio_MuteCtl
                0x000000000800bef8       0x18 Src/usbd_audio_if.o
 .text.Audio_Stop
                0x000000000800bf10       0x10 Src/usbd_audio_if.o
 .text.Audio_Pause
                0x000000000800bf20       0x10 Src/usbd_audio_if.o
 .text.Audio_Resume
                0x000000000800bf30       0x10 Src/usbd_audio_if.o
 .text.Audio_CommandMgr
                0x000000000800bf40       0x18 Src/usbd_audio_if.o
 .text.Send_Audio_to_USB
                0x000000000800bf58       0x24 Src/usbd_audio_if.o
                0x000000000800bf58                Send_Audio_to_USB
 .text.__NVIC_SetPriority
                0x000000000800bf7c       0x54 Src/usbd_conf_f4.o
 .text.HAL_PCD_MspInit
                0x000000000800bfd0       0x98 Src/usbd_conf_f4.o
                0x000000000800bfd0                HAL_PCD_MspInit
 .text.HAL_PCD_SetupStageCallback
                0x000000000800c068       0x24 Src/usbd_conf_f4.o
                0x000000000800c068                HAL_PCD_SetupStageCallback
 .text.HAL_PCD_DataOutStageCallback
                0x000000000800c08c       0x36 Src/usbd_conf_f4.o
                0x000000000800c08c                HAL_PCD_DataOutStageCallback
 .text.HAL_PCD_DataInStageCallback
                0x000000000800c0c2       0x34 Src/usbd_conf_f4.o
                0x000000000800c0c2                HAL_PCD_DataInStageCallback
 .text.HAL_PCD_SOFCallback
                0x000000000800c0f6       0x1c Src/usbd_conf_f4.o
                0x000000000800c0f6                HAL_PCD_SOFCallback
 .text.HAL_PCD_ResetCallback
                0x000000000800c112       0x50 Src/usbd_conf_f4.o
                0x000000000800c112                HAL_PCD_ResetCallback
 .text.HAL_PCD_SuspendCallback
                0x000000000800c162       0x1c Src/usbd_conf_f4.o
                0x000000000800c162                HAL_PCD_SuspendCallback
 .text.HAL_PCD_ResumeCallback
                0x000000000800c17e       0x1c Src/usbd_conf_f4.o
                0x000000000800c17e                HAL_PCD_ResumeCallback
 .text.HAL_PCD_ISOOUTIncompleteCallback
                0x000000000800c19a       0x24 Src/usbd_conf_f4.o
                0x000000000800c19a                HAL_PCD_ISOOUTIncompleteCallback
 .text.HAL_PCD_ISOINIncompleteCallback
                0x000000000800c1be       0x24 Src/usbd_conf_f4.o
                0x000000000800c1be                HAL_PCD_ISOINIncompleteCallback
 .text.HAL_PCD_ConnectCallback
                0x000000000800c1e2       0x1c Src/usbd_conf_f4.o
                0x000000000800c1e2                HAL_PCD_ConnectCallback
 .text.HAL_PCD_DisconnectCallback
                0x000000000800c1fe       0x1c Src/usbd_conf_f4.o
                0x000000000800c1fe                HAL_PCD_DisconnectCallback
 *fill*         0x000000000800c21a        0x2 
 .text.USBD_LL_Init
                0x000000000800c21c       0x90 Src/usbd_conf_f4.o
                0x000000000800c21c                USBD_LL_Init
 .text.USBD_LL_Start
                0x000000000800c2ac       0x1e Src/usbd_conf_f4.o
                0x000000000800c2ac                USBD_LL_Start
 .text.USBD_LL_OpenEP
                0x000000000800c2ca       0x34 Src/usbd_conf_f4.o
                0x000000000800c2ca                USBD_LL_OpenEP
 .text.USBD_LL_CloseEP
                0x000000000800c2fe       0x26 Src/usbd_conf_f4.o
                0x000000000800c2fe                USBD_LL_CloseEP
 .text.USBD_LL_FlushEP
                0x000000000800c324       0x26 Src/usbd_conf_f4.o
                0x000000000800c324                USBD_LL_FlushEP
 .text.USBD_LL_StallEP
                0x000000000800c34a       0x26 Src/usbd_conf_f4.o
                0x000000000800c34a                USBD_LL_StallEP
 .text.USBD_LL_ClearStallEP
                0x000000000800c370       0x26 Src/usbd_conf_f4.o
                0x000000000800c370                USBD_LL_ClearStallEP
 .text.USBD_LL_IsStallEP
                0x000000000800c396       0x58 Src/usbd_conf_f4.o
                0x000000000800c396                USBD_LL_IsStallEP
 .text.USBD_LL_SetUSBAddress
                0x000000000800c3ee       0x26 Src/usbd_conf_f4.o
                0x000000000800c3ee                USBD_LL_SetUSBAddress
 .text.USBD_LL_Transmit
                0x000000000800c414       0x2a Src/usbd_conf_f4.o
                0x000000000800c414                USBD_LL_Transmit
 .text.USBD_LL_PrepareReceive
                0x000000000800c43e       0x2a Src/usbd_conf_f4.o
                0x000000000800c43e                USBD_LL_PrepareReceive
 .text.USBD_AUDIO_DeviceDescriptor
                0x000000000800c468       0x24 Src/usbd_desc.o
                0x000000000800c468                USBD_AUDIO_DeviceDescriptor
 .text.USBD_AUDIO_LangIDStrDescriptor
                0x000000000800c48c       0x24 Src/usbd_desc.o
                0x000000000800c48c                USBD_AUDIO_LangIDStrDescriptor
 .text.USBD_AUDIO_ProductStrDescriptor
                0x000000000800c4b0       0x40 Src/usbd_desc.o
                0x000000000800c4b0                USBD_AUDIO_ProductStrDescriptor
 .text.USBD_AUDIO_ManufacturerStrDescriptor
                0x000000000800c4f0       0x28 Src/usbd_desc.o
                0x000000000800c4f0                USBD_AUDIO_ManufacturerStrDescriptor
 .text.USBD_AUDIO_SerialStrDescriptor
                0x000000000800c518       0x40 Src/usbd_desc.o
                0x000000000800c518                USBD_AUDIO_SerialStrDescriptor
 .text.USBD_AUDIO_ConfigStrDescriptor
                0x000000000800c558       0x3c Src/usbd_desc.o
                0x000000000800c558                USBD_AUDIO_ConfigStrDescriptor
 .text.USBD_AUDIO_InterfaceStrDescriptor
                0x000000000800c594       0x3c Src/usbd_desc.o
                0x000000000800c594                USBD_AUDIO_InterfaceStrDescriptor
 .text.Reset_Handler
                0x000000000800c5d0       0x50 Startup/startup_stm32f446retx.o
                0x000000000800c5d0                Reset_Handler
 .text.Default_Handler
                0x000000000800c620        0x2 Startup/startup_stm32f446retx.o
                0x000000000800c620                RTC_Alarm_IRQHandler
                0x000000000800c620                EXTI2_IRQHandler
                0x000000000800c620                TIM8_CC_IRQHandler
                0x000000000800c620                FMPI2C1_EV_IRQHandler
                0x000000000800c620                SPI4_IRQHandler
                0x000000000800c620                TIM1_CC_IRQHandler
                0x000000000800c620                DMA2_Stream5_IRQHandler
                0x000000000800c620                DMA1_Stream5_IRQHandler
                0x000000000800c620                PVD_IRQHandler
                0x000000000800c620                SDIO_IRQHandler
                0x000000000800c620                TAMP_STAMP_IRQHandler
                0x000000000800c620                CAN2_RX1_IRQHandler
                0x000000000800c620                EXTI3_IRQHandler
                0x000000000800c620                TIM8_TRG_COM_TIM14_IRQHandler
                0x000000000800c620                TIM1_UP_TIM10_IRQHandler
                0x000000000800c620                TIM8_UP_TIM13_IRQHandler
                0x000000000800c620                I2C3_ER_IRQHandler
                0x000000000800c620                EXTI0_IRQHandler
                0x000000000800c620                I2C2_EV_IRQHandler
                0x000000000800c620                DMA1_Stream2_IRQHandler
                0x000000000800c620                CAN1_RX0_IRQHandler
                0x000000000800c620                FPU_IRQHandler
                0x000000000800c620                OTG_HS_WKUP_IRQHandler
                0x000000000800c620                UsageFault_Handler
                0x000000000800c620                CAN2_SCE_IRQHandler
                0x000000000800c620                DMA2_Stream2_IRQHandler
                0x000000000800c620                SPI1_IRQHandler
                0x000000000800c620                TIM6_DAC_IRQHandler
                0x000000000800c620                TIM1_BRK_TIM9_IRQHandler
                0x000000000800c620                DCMI_IRQHandler
                0x000000000800c620                CAN2_RX0_IRQHandler
                0x000000000800c620                DMA2_Stream3_IRQHandler
                0x000000000800c620                SAI2_IRQHandler
                0x000000000800c620                USART6_IRQHandler
                0x000000000800c620                USART3_IRQHandler
                0x000000000800c620                CAN1_RX1_IRQHandler
                0x000000000800c620                UART5_IRQHandler
                0x000000000800c620                DMA2_Stream0_IRQHandler
                0x000000000800c620                TIM4_IRQHandler
                0x000000000800c620                QUADSPI_IRQHandler
                0x000000000800c620                I2C1_EV_IRQHandler
                0x000000000800c620                DMA1_Stream6_IRQHandler
                0x000000000800c620                DMA1_Stream1_IRQHandler
                0x000000000800c620                UART4_IRQHandler
                0x000000000800c620                TIM3_IRQHandler
                0x000000000800c620                RCC_IRQHandler
                0x000000000800c620                TIM8_BRK_TIM12_IRQHandler
                0x000000000800c620                Default_Handler
                0x000000000800c620                CEC_IRQHandler
                0x000000000800c620                EXTI15_10_IRQHandler
                0x000000000800c620                ADC_IRQHandler
                0x000000000800c620                DMA1_Stream7_IRQHandler
                0x000000000800c620                TIM7_IRQHandler
                0x000000000800c620                CAN2_TX_IRQHandler
                0x000000000800c620                TIM5_IRQHandler
                0x000000000800c620                DMA2_Stream7_IRQHandler
                0x000000000800c620                I2C3_EV_IRQHandler
                0x000000000800c620                EXTI9_5_IRQHandler
                0x000000000800c620                RTC_WKUP_IRQHandler
                0x000000000800c620                SPDIF_RX_IRQHandler
                0x000000000800c620                SPI2_IRQHandler
                0x000000000800c620                OTG_HS_EP1_IN_IRQHandler
                0x000000000800c620                MemManage_Handler
                0x000000000800c620                DMA1_Stream0_IRQHandler
                0x000000000800c620                CAN1_TX_IRQHandler
                0x000000000800c620                FMPI2C1_ER_IRQHandler
                0x000000000800c620                EXTI4_IRQHandler
                0x000000000800c620                OTG_HS_EP1_OUT_IRQHandler
                0x000000000800c620                WWDG_IRQHandler
                0x000000000800c620                TIM2_IRQHandler
                0x000000000800c620                OTG_FS_WKUP_IRQHandler
                0x000000000800c620                TIM1_TRG_COM_TIM11_IRQHandler
                0x000000000800c620                OTG_HS_IRQHandler
                0x000000000800c620                EXTI1_IRQHandler
                0x000000000800c620                USART2_IRQHandler
                0x000000000800c620                I2C2_ER_IRQHandler
                0x000000000800c620                DMA2_Stream1_IRQHandler
                0x000000000800c620                CAN1_SCE_IRQHandler
                0x000000000800c620                FLASH_IRQHandler
                0x000000000800c620                DMA2_Stream4_IRQHandler
                0x000000000800c620                BusFault_Handler
                0x000000000800c620                USART1_IRQHandler
                0x000000000800c620                SPI3_IRQHandler
                0x000000000800c620                DMA1_Stream4_IRQHandler
                0x000000000800c620                I2C1_ER_IRQHandler
                0x000000000800c620                FMC_IRQHandler
                0x000000000800c620                DMA2_Stream6_IRQHandler
                0x000000000800c620                SAI1_IRQHandler
 *fill*         0x000000000800c622        0x2 
 .text.D16_GENERIC
                0x000000000800c624      0x120 C:\Users\10007069\STM32CubeIDE\workspace_1.0.2\MEMS_RECORDER\Middlewares\ST\STM32_Audio\Addons\PDM\Lib\libPDMFilter_CM4_GCC_wc32.a(pdm_filter.o)
 .text.D24_GENERIC
                0x000000000800c744      0x190 C:\Users\10007069\STM32CubeIDE\workspace_1.0.2\MEMS_RECORDER\Middlewares\ST\STM32_Audio\Addons\PDM\Lib\libPDMFilter_CM4_GCC_wc32.a(pdm_filter.o)
 .text.D32_GENERIC
                0x000000000800c8d4      0x198 C:\Users\10007069\STM32CubeIDE\workspace_1.0.2\MEMS_RECORDER\Middlewares\ST\STM32_Audio\Addons\PDM\Lib\libPDMFilter_CM4_GCC_wc32.a(pdm_filter.o)
 .text.D48_GENERIC
                0x000000000800ca6c      0x1ec C:\Users\10007069\STM32CubeIDE\workspace_1.0.2\MEMS_RECORDER\Middlewares\ST\STM32_Audio\Addons\PDM\Lib\libPDMFilter_CM4_GCC_wc32.a(pdm_filter.o)
 .text.D64_GENERIC
                0x000000000800cc58      0x220 C:\Users\10007069\STM32CubeIDE\workspace_1.0.2\MEMS_RECORDER\Middlewares\ST\STM32_Audio\Addons\PDM\Lib\libPDMFilter_CM4_GCC_wc32.a(pdm_filter.o)
 .text.D80_GENERIC
                0x000000000800ce78      0x2a0 C:\Users\10007069\STM32CubeIDE\workspace_1.0.2\MEMS_RECORDER\Middlewares\ST\STM32_Audio\Addons\PDM\Lib\libPDMFilter_CM4_GCC_wc32.a(pdm_filter.o)
 .text.D128_GENERIC
                0x000000000800d118      0x3f0 C:\Users\10007069\STM32CubeIDE\workspace_1.0.2\MEMS_RECORDER\Middlewares\ST\STM32_Audio\Addons\PDM\Lib\libPDMFilter_CM4_GCC_wc32.a(pdm_filter.o)
 .text.D16_1CH_HTONS_VOL_HP
                0x000000000800d508       0xe4 C:\Users\10007069\STM32CubeIDE\workspace_1.0.2\MEMS_RECORDER\Middlewares\ST\STM32_Audio\Addons\PDM\Lib\libPDMFilter_CM4_GCC_wc32.a(pdm_filter.o)
 .text.D24_1CH_HTONS_VOL_HP
                0x000000000800d5ec      0x138 C:\Users\10007069\STM32CubeIDE\workspace_1.0.2\MEMS_RECORDER\Middlewares\ST\STM32_Audio\Addons\PDM\Lib\libPDMFilter_CM4_GCC_wc32.a(pdm_filter.o)
 .text.D32_1CH_HTONS_VOL_HP
                0x000000000800d724      0x144 C:\Users\10007069\STM32CubeIDE\workspace_1.0.2\MEMS_RECORDER\Middlewares\ST\STM32_Audio\Addons\PDM\Lib\libPDMFilter_CM4_GCC_wc32.a(pdm_filter.o)
 .text.D48_1CH_HTONS_VOL_HP
                0x000000000800d868      0x16c C:\Users\10007069\STM32CubeIDE\workspace_1.0.2\MEMS_RECORDER\Middlewares\ST\STM32_Audio\Addons\PDM\Lib\libPDMFilter_CM4_GCC_wc32.a(pdm_filter.o)
 .text.D64_1CH_HTONS_VOL_HP
                0x000000000800d9d4      0x1b8 C:\Users\10007069\STM32CubeIDE\workspace_1.0.2\MEMS_RECORDER\Middlewares\ST\STM32_Audio\Addons\PDM\Lib\libPDMFilter_CM4_GCC_wc32.a(pdm_filter.o)
 .text.D80_1CH_HTONS_VOL_HP
                0x000000000800db8c      0x214 C:\Users\10007069\STM32CubeIDE\workspace_1.0.2\MEMS_RECORDER\Middlewares\ST\STM32_Audio\Addons\PDM\Lib\libPDMFilter_CM4_GCC_wc32.a(pdm_filter.o)
 .text.D128_1CH_HTONS_VOL_HP
                0x000000000800dda0      0x324 C:\Users\10007069\STM32CubeIDE\workspace_1.0.2\MEMS_RECORDER\Middlewares\ST\STM32_Audio\Addons\PDM\Lib\libPDMFilter_CM4_GCC_wc32.a(pdm_filter.o)
 .text.PDM_Filter_Init
                0x000000000800e0c4      0x114 C:\Users\10007069\STM32CubeIDE\workspace_1.0.2\MEMS_RECORDER\Middlewares\ST\STM32_Audio\Addons\PDM\Lib\libPDMFilter_CM4_GCC_wc32.a(pdm_filter.o)
                0x000000000800e0c4                PDM_Filter_Init
 .text.PDM_Filter_setConfig
                0x000000000800e1d8      0x1e4 C:\Users\10007069\STM32CubeIDE\workspace_1.0.2\MEMS_RECORDER\Middlewares\ST\STM32_Audio\Addons\PDM\Lib\libPDMFilter_CM4_GCC_wc32.a(pdm_filter.o)
                0x000000000800e1d8                PDM_Filter_setConfig
 .text.PDM_Filter
                0x000000000800e3bc       0x38 C:\Users\10007069\STM32CubeIDE\workspace_1.0.2\MEMS_RECORDER\Middlewares\ST\STM32_Audio\Addons\PDM\Lib\libPDMFilter_CM4_GCC_wc32.a(pdm_filter.o)
                0x000000000800e3bc                PDM_Filter
 .text.CRC_Lock
                0x000000000800e3f4       0x7c C:\Users\10007069\STM32CubeIDE\workspace_1.0.2\MEMS_RECORDER\Middlewares\ST\STM32_Audio\Addons\PDM\Lib\libPDMFilter_CM4_GCC_wc32.a(stm32_crc_lock.o)
                0x000000000800e3f4                CRC_Lock
 .text.__errno  0x000000000800e470        0xc c:/st/stm32cubeide_1.0.2/stm32cubeide/plugins/com.st.stm32cube.ide.mcu.externaltools.gnu-tools-for-stm32.7-2018-q2-update.win32_1.0.0.201904181610/tools/bin/../lib/gcc/arm-none-eabi/7.3.1/../../../../arm-none-eabi/lib/thumb/v7e-m/fpv4-sp/hard\libc_nano.a(lib_a-errno.o)
                0x000000000800e470                __errno
 .text.__libc_init_array
                0x000000000800e47c       0x48 c:/st/stm32cubeide_1.0.2/stm32cubeide/plugins/com.st.stm32cube.ide.mcu.externaltools.gnu-tools-for-stm32.7-2018-q2-update.win32_1.0.0.201904181610/tools/bin/../lib/gcc/arm-none-eabi/7.3.1/../../../../arm-none-eabi/lib/thumb/v7e-m/fpv4-sp/hard\libc_nano.a(lib_a-init.o)
                0x000000000800e47c                __libc_init_array
 .text.malloc   0x000000000800e4c4       0x10 c:/st/stm32cubeide_1.0.2/stm32cubeide/plugins/com.st.stm32cube.ide.mcu.externaltools.gnu-tools-for-stm32.7-2018-q2-update.win32_1.0.0.201904181610/tools/bin/../lib/gcc/arm-none-eabi/7.3.1/../../../../arm-none-eabi/lib/thumb/v7e-m/fpv4-sp/hard\libc_nano.a(lib_a-malloc.o)
                0x000000000800e4c4                malloc
 .text.free     0x000000000800e4d4       0x10 c:/st/stm32cubeide_1.0.2/stm32cubeide/plugins/com.st.stm32cube.ide.mcu.externaltools.gnu-tools-for-stm32.7-2018-q2-update.win32_1.0.0.201904181610/tools/bin/../lib/gcc/arm-none-eabi/7.3.1/../../../../arm-none-eabi/lib/thumb/v7e-m/fpv4-sp/hard\libc_nano.a(lib_a-malloc.o)
                0x000000000800e4d4                free
 .text.memcpy   0x000000000800e4e4       0x16 c:/st/stm32cubeide_1.0.2/stm32cubeide/plugins/com.st.stm32cube.ide.mcu.externaltools.gnu-tools-for-stm32.7-2018-q2-update.win32_1.0.0.201904181610/tools/bin/../lib/gcc/arm-none-eabi/7.3.1/../../../../arm-none-eabi/lib/thumb/v7e-m/fpv4-sp/hard\libc_nano.a(lib_a-memcpy-stub.o)
                0x000000000800e4e4                memcpy
 .text.memset   0x000000000800e4fa       0x10 c:/st/stm32cubeide_1.0.2/stm32cubeide/plugins/com.st.stm32cube.ide.mcu.externaltools.gnu-tools-for-stm32.7-2018-q2-update.win32_1.0.0.201904181610/tools/bin/../lib/gcc/arm-none-eabi/7.3.1/../../../../arm-none-eabi/lib/thumb/v7e-m/fpv4-sp/hard\libc_nano.a(lib_a-memset.o)
                0x000000000800e4fa                memset
 *fill*         0x000000000800e50a        0x2 
 .text._free_r  0x000000000800e50c       0x9c c:/st/stm32cubeide_1.0.2/stm32cubeide/plugins/com.st.stm32cube.ide.mcu.externaltools.gnu-tools-for-stm32.7-2018-q2-update.win32_1.0.0.201904181610/tools/bin/../lib/gcc/arm-none-eabi/7.3.1/../../../../arm-none-eabi/lib/thumb/v7e-m/fpv4-sp/hard\libc_nano.a(lib_a-nano-freer.o)
                0x000000000800e50c                _free_r
 .text._malloc_r
                0x000000000800e5a8       0xb4 c:/st/stm32cubeide_1.0.2/stm32cubeide/plugins/com.st.stm32cube.ide.mcu.externaltools.gnu-tools-for-stm32.7-2018-q2-update.win32_1.0.0.201904181610/tools/bin/../lib/gcc/arm-none-eabi/7.3.1/../../../../arm-none-eabi/lib/thumb/v7e-m/fpv4-sp/hard\libc_nano.a(lib_a-nano-mallocr.o)
                0x000000000800e5a8                _malloc_r
 .text.printf   0x000000000800e65c       0x30 c:/st/stm32cubeide_1.0.2/stm32cubeide/plugins/com.st.stm32cube.ide.mcu.externaltools.gnu-tools-for-stm32.7-2018-q2-update.win32_1.0.0.201904181610/tools/bin/../lib/gcc/arm-none-eabi/7.3.1/../../../../arm-none-eabi/lib/thumb/v7e-m/fpv4-sp/hard\libc_nano.a(lib_a-printf.o)
                0x000000000800e65c                iprintf
                0x000000000800e65c                printf
 .text._sbrk_r  0x000000000800e68c       0x20 c:/st/stm32cubeide_1.0.2/stm32cubeide/plugins/com.st.stm32cube.ide.mcu.externaltools.gnu-tools-for-stm32.7-2018-q2-update.win32_1.0.0.201904181610/tools/bin/../lib/gcc/arm-none-eabi/7.3.1/../../../../arm-none-eabi/lib/thumb/v7e-m/fpv4-sp/hard\libc_nano.a(lib_a-sbrkr.o)
                0x000000000800e68c                _sbrk_r
 .text.std      0x000000000800e6ac       0x48 c:/st/stm32cubeide_1.0.2/stm32cubeide/plugins/com.st.stm32cube.ide.mcu.externaltools.gnu-tools-for-stm32.7-2018-q2-update.win32_1.0.0.201904181610/tools/bin/../lib/gcc/arm-none-eabi/7.3.1/../../../../arm-none-eabi/lib/thumb/v7e-m/fpv4-sp/hard\libc_nano.a(lib_a-findfp.o)
 .text._cleanup_r
                0x000000000800e6f4        0xc c:/st/stm32cubeide_1.0.2/stm32cubeide/plugins/com.st.stm32cube.ide.mcu.externaltools.gnu-tools-for-stm32.7-2018-q2-update.win32_1.0.0.201904181610/tools/bin/../lib/gcc/arm-none-eabi/7.3.1/../../../../arm-none-eabi/lib/thumb/v7e-m/fpv4-sp/hard\libc_nano.a(lib_a-findfp.o)
                0x000000000800e6f4                _cleanup_r
 .text.__sfmoreglue
                0x000000000800e700       0x2c c:/st/stm32cubeide_1.0.2/stm32cubeide/plugins/com.st.stm32cube.ide.mcu.externaltools.gnu-tools-for-stm32.7-2018-q2-update.win32_1.0.0.201904181610/tools/bin/../lib/gcc/arm-none-eabi/7.3.1/../../../../arm-none-eabi/lib/thumb/v7e-m/fpv4-sp/hard\libc_nano.a(lib_a-findfp.o)
                0x000000000800e700                __sfmoreglue
 .text.__sinit  0x000000000800e72c       0x60 c:/st/stm32cubeide_1.0.2/stm32cubeide/plugins/com.st.stm32cube.ide.mcu.externaltools.gnu-tools-for-stm32.7-2018-q2-update.win32_1.0.0.201904181610/tools/bin/../lib/gcc/arm-none-eabi/7.3.1/../../../../arm-none-eabi/lib/thumb/v7e-m/fpv4-sp/hard\libc_nano.a(lib_a-findfp.o)
                0x000000000800e72c                __sinit
 .text.__sfp    0x000000000800e78c       0x78 c:/st/stm32cubeide_1.0.2/stm32cubeide/plugins/com.st.stm32cube.ide.mcu.externaltools.gnu-tools-for-stm32.7-2018-q2-update.win32_1.0.0.201904181610/tools/bin/../lib/gcc/arm-none-eabi/7.3.1/../../../../arm-none-eabi/lib/thumb/v7e-m/fpv4-sp/hard\libc_nano.a(lib_a-findfp.o)
                0x000000000800e78c                __sfp
 .text._fwalk_reent
                0x000000000800e804       0x3c c:/st/stm32cubeide_1.0.2/stm32cubeide/plugins/com.st.stm32cube.ide.mcu.externaltools.gnu-tools-for-stm32.7-2018-q2-update.win32_1.0.0.201904181610/tools/bin/../lib/gcc/arm-none-eabi/7.3.1/../../../../arm-none-eabi/lib/thumb/v7e-m/fpv4-sp/hard\libc_nano.a(lib_a-fwalk.o)
                0x000000000800e804                _fwalk_reent
 .text.__malloc_lock
                0x000000000800e840        0x2 c:/st/stm32cubeide_1.0.2/stm32cubeide/plugins/com.st.stm32cube.ide.mcu.externaltools.gnu-tools-for-stm32.7-2018-q2-update.win32_1.0.0.201904181610/tools/bin/../lib/gcc/arm-none-eabi/7.3.1/../../../../arm-none-eabi/lib/thumb/v7e-m/fpv4-sp/hard\libc_nano.a(lib_a-mlock.o)
                0x000000000800e840                __malloc_lock
 .text.__malloc_unlock
                0x000000000800e842        0x2 c:/st/stm32cubeide_1.0.2/stm32cubeide/plugins/com.st.stm32cube.ide.mcu.externaltools.gnu-tools-for-stm32.7-2018-q2-update.win32_1.0.0.201904181610/tools/bin/../lib/gcc/arm-none-eabi/7.3.1/../../../../arm-none-eabi/lib/thumb/v7e-m/fpv4-sp/hard\libc_nano.a(lib_a-mlock.o)
                0x000000000800e842                __malloc_unlock
 .text.__sfputc_r
                0x000000000800e844       0x2e c:/st/stm32cubeide_1.0.2/stm32cubeide/plugins/com.st.stm32cube.ide.mcu.externaltools.gnu-tools-for-stm32.7-2018-q2-update.win32_1.0.0.201904181610/tools/bin/../lib/gcc/arm-none-eabi/7.3.1/../../../../arm-none-eabi/lib/thumb/v7e-m/fpv4-sp/hard\libc_nano.a(lib_a-nano-vfprintf.o)
 .text.__sfputs_r
                0x000000000800e872       0x24 c:/st/stm32cubeide_1.0.2/stm32cubeide/plugins/com.st.stm32cube.ide.mcu.externaltools.gnu-tools-for-stm32.7-2018-q2-update.win32_1.0.0.201904181610/tools/bin/../lib/gcc/arm-none-eabi/7.3.1/../../../../arm-none-eabi/lib/thumb/v7e-m/fpv4-sp/hard\libc_nano.a(lib_a-nano-vfprintf.o)
                0x000000000800e872                __sfputs_r
 *fill*         0x000000000800e896        0x2 
 .text._vfprintf_r
                0x000000000800e898      0x22c c:/st/stm32cubeide_1.0.2/stm32cubeide/plugins/com.st.stm32cube.ide.mcu.externaltools.gnu-tools-for-stm32.7-2018-q2-update.win32_1.0.0.201904181610/tools/bin/../lib/gcc/arm-none-eabi/7.3.1/../../../../arm-none-eabi/lib/thumb/v7e-m/fpv4-sp/hard\libc_nano.a(lib_a-nano-vfprintf.o)
                0x000000000800e898                _vfprintf_r
                0x000000000800e898                _vfiprintf_r
 .text._printf_common
                0x000000000800eac4       0xea c:/st/stm32cubeide_1.0.2/stm32cubeide/plugins/com.st.stm32cube.ide.mcu.externaltools.gnu-tools-for-stm32.7-2018-q2-update.win32_1.0.0.201904181610/tools/bin/../lib/gcc/arm-none-eabi/7.3.1/../../../../arm-none-eabi/lib/thumb/v7e-m/fpv4-sp/hard\libc_nano.a(lib_a-nano-vfprintf_i.o)
                0x000000000800eac4                _printf_common
 *fill*         0x000000000800ebae        0x2 
 .text._printf_i
                0x000000000800ebb0      0x224 c:/st/stm32cubeide_1.0.2/stm32cubeide/plugins/com.st.stm32cube.ide.mcu.externaltools.gnu-tools-for-stm32.7-2018-q2-update.win32_1.0.0.201904181610/tools/bin/../lib/gcc/arm-none-eabi/7.3.1/../../../../arm-none-eabi/lib/thumb/v7e-m/fpv4-sp/hard\libc_nano.a(lib_a-nano-vfprintf_i.o)
                0x000000000800ebb0                _printf_i
 .text.__sread  0x000000000800edd4       0x22 c:/st/stm32cubeide_1.0.2/stm32cubeide/plugins/com.st.stm32cube.ide.mcu.externaltools.gnu-tools-for-stm32.7-2018-q2-update.win32_1.0.0.201904181610/tools/bin/../lib/gcc/arm-none-eabi/7.3.1/../../../../arm-none-eabi/lib/thumb/v7e-m/fpv4-sp/hard\libc_nano.a(lib_a-stdio.o)
                0x000000000800edd4                __sread
 .text.__swrite
                0x000000000800edf6       0x38 c:/st/stm32cubeide_1.0.2/stm32cubeide/plugins/com.st.stm32cube.ide.mcu.externaltools.gnu-tools-for-stm32.7-2018-q2-update.win32_1.0.0.201904181610/tools/bin/../lib/gcc/arm-none-eabi/7.3.1/../../../../arm-none-eabi/lib/thumb/v7e-m/fpv4-sp/hard\libc_nano.a(lib_a-stdio.o)
                0x000000000800edf6                __swrite
 .text.__sseek  0x000000000800ee2e       0x24 c:/st/stm32cubeide_1.0.2/stm32cubeide/plugins/com.st.stm32cube.ide.mcu.externaltools.gnu-tools-for-stm32.7-2018-q2-update.win32_1.0.0.201904181610/tools/bin/../lib/gcc/arm-none-eabi/7.3.1/../../../../arm-none-eabi/lib/thumb/v7e-m/fpv4-sp/hard\libc_nano.a(lib_a-stdio.o)
                0x000000000800ee2e                __sseek
 .text.__sclose
                0x000000000800ee52        0x8 c:/st/stm32cubeide_1.0.2/stm32cubeide/plugins/com.st.stm32cube.ide.mcu.externaltools.gnu-tools-for-stm32.7-2018-q2-update.win32_1.0.0.201904181610/tools/bin/../lib/gcc/arm-none-eabi/7.3.1/../../../../arm-none-eabi/lib/thumb/v7e-m/fpv4-sp/hard\libc_nano.a(lib_a-stdio.o)
                0x000000000800ee52                __sclose
 *fill*         0x000000000800ee5a        0x2 
 .text.__swbuf_r
                0x000000000800ee5c       0xa4 c:/st/stm32cubeide_1.0.2/stm32cubeide/plugins/com.st.stm32cube.ide.mcu.externaltools.gnu-tools-for-stm32.7-2018-q2-update.win32_1.0.0.201904181610/tools/bin/../lib/gcc/arm-none-eabi/7.3.1/../../../../arm-none-eabi/lib/thumb/v7e-m/fpv4-sp/hard\libc_nano.a(lib_a-wbuf.o)
                0x000000000800ee5c                __swbuf_r
 .text._write_r
                0x000000000800ef00       0x24 c:/st/stm32cubeide_1.0.2/stm32cubeide/plugins/com.st.stm32cube.ide.mcu.externaltools.gnu-tools-for-stm32.7-2018-q2-update.win32_1.0.0.201904181610/tools/bin/../lib/gcc/arm-none-eabi/7.3.1/../../../../arm-none-eabi/lib/thumb/v7e-m/fpv4-sp/hard\libc_nano.a(lib_a-writer.o)
                0x000000000800ef00                _write_r
 .text.__swsetup_r
                0x000000000800ef24       0xdc c:/st/stm32cubeide_1.0.2/stm32cubeide/plugins/com.st.stm32cube.ide.mcu.externaltools.gnu-tools-for-stm32.7-2018-q2-update.win32_1.0.0.201904181610/tools/bin/../lib/gcc/arm-none-eabi/7.3.1/../../../../arm-none-eabi/lib/thumb/v7e-m/fpv4-sp/hard\libc_nano.a(lib_a-wsetup.o)
                0x000000000800ef24                __swsetup_r
 .text._close_r
                0x000000000800f000       0x20 c:/st/stm32cubeide_1.0.2/stm32cubeide/plugins/com.st.stm32cube.ide.mcu.externaltools.gnu-tools-for-stm32.7-2018-q2-update.win32_1.0.0.201904181610/tools/bin/../lib/gcc/arm-none-eabi/7.3.1/../../../../arm-none-eabi/lib/thumb/v7e-m/fpv4-sp/hard\libc_nano.a(lib_a-closer.o)
                0x000000000800f000                _close_r
 .text.__sflush_r
                0x000000000800f020      0x10c c:/st/stm32cubeide_1.0.2/stm32cubeide/plugins/com.st.stm32cube.ide.mcu.externaltools.gnu-tools-for-stm32.7-2018-q2-update.win32_1.0.0.201904181610/tools/bin/../lib/gcc/arm-none-eabi/7.3.1/../../../../arm-none-eabi/lib/thumb/v7e-m/fpv4-sp/hard\libc_nano.a(lib_a-fflush.o)
                0x000000000800f020                __sflush_r
 .text._fflush_r
                0x000000000800f12c       0x54 c:/st/stm32cubeide_1.0.2/stm32cubeide/plugins/com.st.stm32cube.ide.mcu.externaltools.gnu-tools-for-stm32.7-2018-q2-update.win32_1.0.0.201904181610/tools/bin/../lib/gcc/arm-none-eabi/7.3.1/../../../../arm-none-eabi/lib/thumb/v7e-m/fpv4-sp/hard\libc_nano.a(lib_a-fflush.o)
                0x000000000800f12c                _fflush_r
 .text._lseek_r
                0x000000000800f180       0x24 c:/st/stm32cubeide_1.0.2/stm32cubeide/plugins/com.st.stm32cube.ide.mcu.externaltools.gnu-tools-for-stm32.7-2018-q2-update.win32_1.0.0.201904181610/tools/bin/../lib/gcc/arm-none-eabi/7.3.1/../../../../arm-none-eabi/lib/thumb/v7e-m/fpv4-sp/hard\libc_nano.a(lib_a-lseekr.o)
                0x000000000800f180                _lseek_r
 .text.__swhatbuf_r
                0x000000000800f1a4       0x48 c:/st/stm32cubeide_1.0.2/stm32cubeide/plugins/com.st.stm32cube.ide.mcu.externaltools.gnu-tools-for-stm32.7-2018-q2-update.win32_1.0.0.201904181610/tools/bin/../lib/gcc/arm-none-eabi/7.3.1/../../../../arm-none-eabi/lib/thumb/v7e-m/fpv4-sp/hard\libc_nano.a(lib_a-makebuf.o)
                0x000000000800f1a4                __swhatbuf_r
 .text.__smakebuf_r
                0x000000000800f1ec       0x80 c:/st/stm32cubeide_1.0.2/stm32cubeide/plugins/com.st.stm32cube.ide.mcu.externaltools.gnu-tools-for-stm32.7-2018-q2-update.win32_1.0.0.201904181610/tools/bin/../lib/gcc/arm-none-eabi/7.3.1/../../../../arm-none-eabi/lib/thumb/v7e-m/fpv4-sp/hard\libc_nano.a(lib_a-makebuf.o)
                0x000000000800f1ec                __smakebuf_r
 .text._read_r  0x000000000800f26c       0x24 c:/st/stm32cubeide_1.0.2/stm32cubeide/plugins/com.st.stm32cube.ide.mcu.externaltools.gnu-tools-for-stm32.7-2018-q2-update.win32_1.0.0.201904181610/tools/bin/../lib/gcc/arm-none-eabi/7.3.1/../../../../arm-none-eabi/lib/thumb/v7e-m/fpv4-sp/hard\libc_nano.a(lib_a-readr.o)
                0x000000000800f26c                _read_r
 .text._fstat_r
                0x000000000800f290       0x24 c:/st/stm32cubeide_1.0.2/stm32cubeide/plugins/com.st.stm32cube.ide.mcu.externaltools.gnu-tools-for-stm32.7-2018-q2-update.win32_1.0.0.201904181610/tools/bin/../lib/gcc/arm-none-eabi/7.3.1/../../../../arm-none-eabi/lib/thumb/v7e-m/fpv4-sp/hard\libc_nano.a(lib_a-fstatr.o)
                0x000000000800f290                _fstat_r
 .text._isatty_r
                0x000000000800f2b4       0x20 c:/st/stm32cubeide_1.0.2/stm32cubeide/plugins/com.st.stm32cube.ide.mcu.externaltools.gnu-tools-for-stm32.7-2018-q2-update.win32_1.0.0.201904181610/tools/bin/../lib/gcc/arm-none-eabi/7.3.1/../../../../arm-none-eabi/lib/thumb/v7e-m/fpv4-sp/hard\libc_nano.a(lib_a-isattyr.o)
                0x000000000800f2b4                _isatty_r
 .text.roundf   0x000000000800f2d4       0x4c c:/st/stm32cubeide_1.0.2/stm32cubeide/plugins/com.st.stm32cube.ide.mcu.externaltools.gnu-tools-for-stm32.7-2018-q2-update.win32_1.0.0.201904181610/tools/bin/../lib/gcc/arm-none-eabi/7.3.1/../../../../arm-none-eabi/lib/thumb/v7e-m/fpv4-sp/hard\libm.a(lib_a-sf_round.o)
                0x000000000800f2d4                roundf
 .text.powf     0x000000000800f320      0x2c8 c:/st/stm32cubeide_1.0.2/stm32cubeide/plugins/com.st.stm32cube.ide.mcu.externaltools.gnu-tools-for-stm32.7-2018-q2-update.win32_1.0.0.201904181610/tools/bin/../lib/gcc/arm-none-eabi/7.3.1/../../../../arm-none-eabi/lib/thumb/v7e-m/fpv4-sp/hard\libm.a(lib_a-wf_pow.o)
                0x000000000800f320                powf
 .text.__ieee754_powf
                0x000000000800f5e8      0x580 c:/st/stm32cubeide_1.0.2/stm32cubeide/plugins/com.st.stm32cube.ide.mcu.externaltools.gnu-tools-for-stm32.7-2018-q2-update.win32_1.0.0.201904181610/tools/bin/../lib/gcc/arm-none-eabi/7.3.1/../../../../arm-none-eabi/lib/thumb/v7e-m/fpv4-sp/hard\libm.a(lib_a-ef_pow.o)
                0x000000000800f5e8                __ieee754_powf
 .text.__ieee754_sqrtf
                0x000000000800fb68        0x6 c:/st/stm32cubeide_1.0.2/stm32cubeide/plugins/com.st.stm32cube.ide.mcu.externaltools.gnu-tools-for-stm32.7-2018-q2-update.win32_1.0.0.201904181610/tools/bin/../lib/gcc/arm-none-eabi/7.3.1/../../../../arm-none-eabi/lib/thumb/v7e-m/fpv4-sp/hard\libm.a(lib_a-ef_sqrt.o)
                0x000000000800fb68                __ieee754_sqrtf
 .text.matherr  0x000000000800fb6e        0x4 c:/st/stm32cubeide_1.0.2/stm32cubeide/plugins/com.st.stm32cube.ide.mcu.externaltools.gnu-tools-for-stm32.7-2018-q2-update.win32_1.0.0.201904181610/tools/bin/../lib/gcc/arm-none-eabi/7.3.1/../../../../arm-none-eabi/lib/thumb/v7e-m/fpv4-sp/hard\libm.a(lib_a-s_matherr.o)
                0x000000000800fb6e                matherr
 .text.fabsf    0x000000000800fb72        0xe c:/st/stm32cubeide_1.0.2/stm32cubeide/plugins/com.st.stm32cube.ide.mcu.externaltools.gnu-tools-for-stm32.7-2018-q2-update.win32_1.0.0.201904181610/tools/bin/../lib/gcc/arm-none-eabi/7.3.1/../../../../arm-none-eabi/lib/thumb/v7e-m/fpv4-sp/hard\libm.a(lib_a-sf_fabs.o)
                0x000000000800fb72                fabsf
 .text.finitef  0x000000000800fb80       0x14 c:/st/stm32cubeide_1.0.2/stm32cubeide/plugins/com.st.stm32cube.ide.mcu.externaltools.gnu-tools-for-stm32.7-2018-q2-update.win32_1.0.0.201904181610/tools/bin/../lib/gcc/arm-none-eabi/7.3.1/../../../../arm-none-eabi/lib/thumb/v7e-m/fpv4-sp/hard\libm.a(lib_a-sf_finite.o)
                0x000000000800fb80                finitef
 .text.nanf     0x000000000800fb94        0xc c:/st/stm32cubeide_1.0.2/stm32cubeide/plugins/com.st.stm32cube.ide.mcu.externaltools.gnu-tools-for-stm32.7-2018-q2-update.win32_1.0.0.201904181610/tools/bin/../lib/gcc/arm-none-eabi/7.3.1/../../../../arm-none-eabi/lib/thumb/v7e-m/fpv4-sp/hard\libm.a(lib_a-sf_nan.o)
                0x000000000800fb94                nanf
 .text.rintf    0x000000000800fba0       0xb4 c:/st/stm32cubeide_1.0.2/stm32cubeide/plugins/com.st.stm32cube.ide.mcu.externaltools.gnu-tools-for-stm32.7-2018-q2-update.win32_1.0.0.201904181610/tools/bin/../lib/gcc/arm-none-eabi/7.3.1/../../../../arm-none-eabi/lib/thumb/v7e-m/fpv4-sp/hard\libm.a(lib_a-sf_rint.o)
                0x000000000800fba0                rintf
 .text.scalbnf  0x000000000800fc54       0xc0 c:/st/stm32cubeide_1.0.2/stm32cubeide/plugins/com.st.stm32cube.ide.mcu.externaltools.gnu-tools-for-stm32.7-2018-q2-update.win32_1.0.0.201904181610/tools/bin/../lib/gcc/arm-none-eabi/7.3.1/../../../../arm-none-eabi/lib/thumb/v7e-m/fpv4-sp/hard\libm.a(lib_a-sf_scalbn.o)
                0x000000000800fc54                scalbnf
 .text.copysignf
                0x000000000800fd14       0x18 c:/st/stm32cubeide_1.0.2/stm32cubeide/plugins/com.st.stm32cube.ide.mcu.externaltools.gnu-tools-for-stm32.7-2018-q2-update.win32_1.0.0.201904181610/tools/bin/../lib/gcc/arm-none-eabi/7.3.1/../../../../arm-none-eabi/lib/thumb/v7e-m/fpv4-sp/hard\libm.a(lib_a-sf_copysign.o)
                0x000000000800fd14                copysignf
 *(.glue_7)
 .glue_7        0x000000000800fd2c        0x0 linker stubs
 *(.glue_7t)
 .glue_7t       0x000000000800fd2c        0x0 linker stubs
 *(.eh_frame)
 .eh_frame      0x000000000800fd2c        0x0 c:/st/stm32cubeide_1.0.2/stm32cubeide/plugins/com.st.stm32cube.ide.mcu.externaltools.gnu-tools-for-stm32.7-2018-q2-update.win32_1.0.0.201904181610/tools/bin/../lib/gcc/arm-none-eabi/7.3.1/thumb/v7e-m/fpv4-sp/hard/crtbegin.o
 *(.init)
 .init          0x000000000800fd2c        0x4 c:/st/stm32cubeide_1.0.2/stm32cubeide/plugins/com.st.stm32cube.ide.mcu.externaltools.gnu-tools-for-stm32.7-2018-q2-update.win32_1.0.0.201904181610/tools/bin/../lib/gcc/arm-none-eabi/7.3.1/thumb/v7e-m/fpv4-sp/hard/crti.o
                0x000000000800fd2c                _init
 .init          0x000000000800fd30        0x8 c:/st/stm32cubeide_1.0.2/stm32cubeide/plugins/com.st.stm32cube.ide.mcu.externaltools.gnu-tools-for-stm32.7-2018-q2-update.win32_1.0.0.201904181610/tools/bin/../lib/gcc/arm-none-eabi/7.3.1/thumb/v7e-m/fpv4-sp/hard/crtn.o
 *(.fini)
 .fini          0x000000000800fd38        0x4 c:/st/stm32cubeide_1.0.2/stm32cubeide/plugins/com.st.stm32cube.ide.mcu.externaltools.gnu-tools-for-stm32.7-2018-q2-update.win32_1.0.0.201904181610/tools/bin/../lib/gcc/arm-none-eabi/7.3.1/thumb/v7e-m/fpv4-sp/hard/crti.o
                0x000000000800fd38                _fini
 .fini          0x000000000800fd3c        0x8 c:/st/stm32cubeide_1.0.2/stm32cubeide/plugins/com.st.stm32cube.ide.mcu.externaltools.gnu-tools-for-stm32.7-2018-q2-update.win32_1.0.0.201904181610/tools/bin/../lib/gcc/arm-none-eabi/7.3.1/thumb/v7e-m/fpv4-sp/hard/crtn.o
                0x000000000800fd44                . = ALIGN (0x4)
                0x000000000800fd44                _etext = .

.vfp11_veneer   0x000000000800fd44        0x0
 .vfp11_veneer  0x000000000800fd44        0x0 linker stubs

.v4_bx          0x000000000800fd44        0x0
 .v4_bx         0x000000000800fd44        0x0 linker stubs

.iplt           0x000000000800fd44        0x0
 .iplt          0x000000000800fd44        0x0 c:/st/stm32cubeide_1.0.2/stm32cubeide/plugins/com.st.stm32cube.ide.mcu.externaltools.gnu-tools-for-stm32.7-2018-q2-update.win32_1.0.0.201904181610/tools/bin/../lib/gcc/arm-none-eabi/7.3.1/thumb/v7e-m/fpv4-sp/hard/crtbegin.o

.rodata         0x000000000800fd44      0x240
                0x000000000800fd44                . = ALIGN (0x4)
 *(.rodata)
 .rodata        0x000000000800fd44        0xa Src/main.o
 *fill*         0x000000000800fd4e        0x2 
 .rodata        0x000000000800fd50       0x9c Src/usbd_desc.o
 .rodata        0x000000000800fdec       0x38 C:\Users\10007069\STM32CubeIDE\workspace_1.0.2\MEMS_RECORDER\Middlewares\ST\STM32_Audio\Addons\PDM\Lib\libPDMFilter_CM4_GCC_wc32.a(pdm_filter.o)
 *(.rodata*)
 .rodata.flagBitshiftOffset.8868
                0x000000000800fe24        0x8 Drivers/STM32F4xx_HAL_Driver/Src/stm32f4xx_hal_dma.o
 .rodata.AHBPrescTable
                0x000000000800fe2c       0x10 Src/system_stm32f4xx.o
                0x000000000800fe2c                AHBPrescTable
 .rodata.APBPrescTable
                0x000000000800fe3c        0x8 Src/system_stm32f4xx.o
                0x000000000800fe3c                APBPrescTable
 .rodata.vol_table
                0x000000000800fe44       0x82 Src/usbd_audio_if.o
                0x000000000800fe44                vol_table
 *fill*         0x000000000800fec6        0x2 
 .rodata._global_impure_ptr
                0x000000000800fec8        0x4 c:/st/stm32cubeide_1.0.2/stm32cubeide/plugins/com.st.stm32cube.ide.mcu.externaltools.gnu-tools-for-stm32.7-2018-q2-update.win32_1.0.0.201904181610/tools/bin/../lib/gcc/arm-none-eabi/7.3.1/../../../../arm-none-eabi/lib/thumb/v7e-m/fpv4-sp/hard\libc_nano.a(lib_a-impure.o)
                0x000000000800fec8                _global_impure_ptr
 .rodata.__sf_fake_stderr
                0x000000000800fecc       0x20 c:/st/stm32cubeide_1.0.2/stm32cubeide/plugins/com.st.stm32cube.ide.mcu.externaltools.gnu-tools-for-stm32.7-2018-q2-update.win32_1.0.0.201904181610/tools/bin/../lib/gcc/arm-none-eabi/7.3.1/../../../../arm-none-eabi/lib/thumb/v7e-m/fpv4-sp/hard\libc_nano.a(lib_a-findfp.o)
                0x000000000800fecc                __sf_fake_stderr
 .rodata.__sf_fake_stdin
                0x000000000800feec       0x20 c:/st/stm32cubeide_1.0.2/stm32cubeide/plugins/com.st.stm32cube.ide.mcu.externaltools.gnu-tools-for-stm32.7-2018-q2-update.win32_1.0.0.201904181610/tools/bin/../lib/gcc/arm-none-eabi/7.3.1/../../../../arm-none-eabi/lib/thumb/v7e-m/fpv4-sp/hard\libc_nano.a(lib_a-findfp.o)
                0x000000000800feec                __sf_fake_stdin
 .rodata.__sf_fake_stdout
                0x000000000800ff0c       0x20 c:/st/stm32cubeide_1.0.2/stm32cubeide/plugins/com.st.stm32cube.ide.mcu.externaltools.gnu-tools-for-stm32.7-2018-q2-update.win32_1.0.0.201904181610/tools/bin/../lib/gcc/arm-none-eabi/7.3.1/../../../../arm-none-eabi/lib/thumb/v7e-m/fpv4-sp/hard\libc_nano.a(lib_a-findfp.o)
                0x000000000800ff0c                __sf_fake_stdout
 .rodata._vfprintf_r.str1.1
                0x000000000800ff2c       0x11 c:/st/stm32cubeide_1.0.2/stm32cubeide/plugins/com.st.stm32cube.ide.mcu.externaltools.gnu-tools-for-stm32.7-2018-q2-update.win32_1.0.0.201904181610/tools/bin/../lib/gcc/arm-none-eabi/7.3.1/../../../../arm-none-eabi/lib/thumb/v7e-m/fpv4-sp/hard\libc_nano.a(lib_a-nano-vfprintf.o)
 .rodata._printf_i.str1.1
                0x000000000800ff3d       0x22 c:/st/stm32cubeide_1.0.2/stm32cubeide/plugins/com.st.stm32cube.ide.mcu.externaltools.gnu-tools-for-stm32.7-2018-q2-update.win32_1.0.0.201904181610/tools/bin/../lib/gcc/arm-none-eabi/7.3.1/../../../../arm-none-eabi/lib/thumb/v7e-m/fpv4-sp/hard\libc_nano.a(lib_a-nano-vfprintf_i.o)
 .rodata.powf.str1.1
                0x000000000800ff5f        0x5 c:/st/stm32cubeide_1.0.2/stm32cubeide/plugins/com.st.stm32cube.ide.mcu.externaltools.gnu-tools-for-stm32.7-2018-q2-update.win32_1.0.0.201904181610/tools/bin/../lib/gcc/arm-none-eabi/7.3.1/../../../../arm-none-eabi/lib/thumb/v7e-m/fpv4-sp/hard\libm.a(lib_a-wf_pow.o)
 .rodata.__ieee754_powf.str1.1
                0x000000000800ff64        0x5 c:/st/stm32cubeide_1.0.2/stm32cubeide/plugins/com.st.stm32cube.ide.mcu.externaltools.gnu-tools-for-stm32.7-2018-q2-update.win32_1.0.0.201904181610/tools/bin/../lib/gcc/arm-none-eabi/7.3.1/../../../../arm-none-eabi/lib/thumb/v7e-m/fpv4-sp/hard\libm.a(lib_a-ef_pow.o)
                                          0x1 (size before relaxing)
 .rodata.bp     0x000000000800ff64        0x8 c:/st/stm32cubeide_1.0.2/stm32cubeide/plugins/com.st.stm32cube.ide.mcu.externaltools.gnu-tools-for-stm32.7-2018-q2-update.win32_1.0.0.201904181610/tools/bin/../lib/gcc/arm-none-eabi/7.3.1/../../../../arm-none-eabi/lib/thumb/v7e-m/fpv4-sp/hard\libm.a(lib_a-ef_pow.o)