Archive member included to satisfy reference by file (symbol)

C:\Users\10007069\STM32CubeIDE\workspace_1.0.2\MEMS_RECORDER\Middlewares\ST\STM32_Audio\Addons\PDM\Lib\libPDMFilter_CM4_GCC_wc32.a(pdm_filter.o)
                              Drivers/BSP/CCA02M1/cca02m1_audio.o (PDM_Filter_Init)
C:\Users\10007069\STM32CubeIDE\workspace_1.0.2\MEMS_RECORDER\Middlewares\ST\STM32_Audio\Addons\PDM\Lib\libPDMFilter_CM4_GCC_wc32.a(stm32_crc_lock.o)
                              C:\Users\10007069\STM32CubeIDE\workspace_1.0.2\MEMS_RECORDER\Middlewares\ST\STM32_Audio\Addons\PDM\Lib\libPDMFilter_CM4_GCC_wc32.a(pdm_filter.o) (CRC_Lock)
c:/st/stm32cubeide_1.0.2/stm32cubeide/plugins/com.st.stm32cube.ide.mcu.externaltools.gnu-tools-for-stm32.7-2018-q2-update.win32_1.0.0.201904181610/tools/bin/../lib/gcc/arm-none-eabi/7.3.1/../../../../arm-none-eabi/lib/thumb/v7e-m/fpv4-sp/hard\libc_nano.a(lib_a-errno.o)
                              Src/syscalls.o (__errno)
c:/st/stm32cubeide_1.0.2/stm32cubeide/plugins/com.st.stm32cube.ide.mcu.externaltools.gnu-tools-for-stm32.7-2018-q2-update.win32_1.0.0.201904181610/tools/bin/../lib/gcc/arm-none-eabi/7.3.1/../../../../arm-none-eabi/lib/thumb/v7e-m/fpv4-sp/hard\libc_nano.a(lib_a-exit.o)
                              c:/st/stm32cubeide_1.0.2/stm32cubeide/plugins/com.st.stm32cube.ide.mcu.externaltools.gnu-tools-for-stm32.7-2018-q2-update.win32_1.0.0.201904181610/tools/bin/../lib/gcc/arm-none-eabi/7.3.1/../../../../arm-none-eabi/lib/thumb/v7e-m/fpv4-sp/hard/crt0.o (exit)
c:/st/stm32cubeide_1.0.2/stm32cubeide/plugins/com.st.stm32cube.ide.mcu.externaltools.gnu-tools-for-stm32.7-2018-q2-update.win32_1.0.0.201904181610/tools/bin/../lib/gcc/arm-none-eabi/7.3.1/../../../../arm-none-eabi/lib/thumb/v7e-m/fpv4-sp/hard\libc_nano.a(lib_a-impure.o)
                              c:/st/stm32cubeide_1.0.2/stm32cubeide/plugins/com.st.stm32cube.ide.mcu.externaltools.gnu-tools-for-stm32.7-2018-q2-update.win32_1.0.0.201904181610/tools/bin/../lib/gcc/arm-none-eabi/7.3.1/../../../../arm-none-eabi/lib/thumb/v7e-m/fpv4-sp/hard\libc_nano.a(lib_a-exit.o) (_global_impure_ptr)
c:/st/stm32cubeide_1.0.2/stm32cubeide/plugins/com.st.stm32cube.ide.mcu.externaltools.gnu-tools-for-stm32.7-2018-q2-update.win32_1.0.0.201904181610/tools/bin/../lib/gcc/arm-none-eabi/7.3.1/../../../../arm-none-eabi/lib/thumb/v7e-m/fpv4-sp/hard\libc_nano.a(lib_a-init.o)
                              c:/st/stm32cubeide_1.0.2/stm32cubeide/plugins/com.st.stm32cube.ide.mcu.externaltools.gnu-tools-for-stm32.7-2018-q2-update.win32_1.0.0.201904181610/tools/bin/../lib/gcc/arm-none-eabi/7.3.1/../../../../arm-none-eabi/lib/thumb/v7e-m/fpv4-sp/hard/crt0.o (__libc_init_array)
c:/st/stm32cubeide_1.0.2/stm32cubeide/plugins/com.st.stm32cube.ide.mcu.externaltools.gnu-tools-for-stm32.7-2018-q2-update.win32_1.0.0.201904181610/tools/bin/../lib/gcc/arm-none-eabi/7.3.1/../../../../arm-none-eabi/lib/thumb/v7e-m/fpv4-sp/hard\libc_nano.a(lib_a-malloc.o)
                              Middlewares/ST/STM32_USB_Device_Library/Class/AUDIO/Src/usbd_audio_in.o (malloc)
c:/st/stm32cubeide_1.0.2/stm32cubeide/plugins/com.st.stm32cube.ide.mcu.externaltools.gnu-tools-for-stm32.7-2018-q2-update.win32_1.0.0.201904181610/tools/bin/../lib/gcc/arm-none-eabi/7.3.1/../../../../arm-none-eabi/lib/thumb/v7e-m/fpv4-sp/hard\libc_nano.a(lib_a-memcpy-stub.o)
                              Middlewares/ST/STM32_USB_Device_Library/Class/AUDIO/Src/usbd_audio_in.o (memcpy)
c:/st/stm32cubeide_1.0.2/stm32cubeide/plugins/com.st.stm32cube.ide.mcu.externaltools.gnu-tools-for-stm32.7-2018-q2-update.win32_1.0.0.201904181610/tools/bin/../lib/gcc/arm-none-eabi/7.3.1/../../../../arm-none-eabi/lib/thumb/v7e-m/fpv4-sp/hard\libc_nano.a(lib_a-memset.o)
                              c:/st/stm32cubeide_1.0.2/stm32cubeide/plugins/com.st.stm32cube.ide.mcu.externaltools.gnu-tools-for-stm32.7-2018-q2-update.win32_1.0.0.201904181610/tools/bin/../lib/gcc/arm-none-eabi/7.3.1/../../../../arm-none-eabi/lib/thumb/v7e-m/fpv4-sp/hard/crt0.o (memset)
c:/st/stm32cubeide_1.0.2/stm32cubeide/plugins/com.st.stm32cube.ide.mcu.externaltools.gnu-tools-for-stm32.7-2018-q2-update.win32_1.0.0.201904181610/tools/bin/../lib/gcc/arm-none-eabi/7.3.1/../../../../arm-none-eabi/lib/thumb/v7e-m/fpv4-sp/hard\libc_nano.a(lib_a-nano-freer.o)
                              c:/st/stm32cubeide_1.0.2/stm32cubeide/plugins/com.st.stm32cube.ide.mcu.externaltools.gnu-tools-for-stm32.7-2018-q2-update.win32_1.0.0.201904181610/tools/bin/../lib/gcc/arm-none-eabi/7.3.1/../../../../arm-none-eabi/lib/thumb/v7e-m/fpv4-sp/hard\libc_nano.a(lib_a-malloc.o) (_free_r)
c:/st/stm32cubeide_1.0.2/stm32cubeide/plugins/com.st.stm32cube.ide.mcu.externaltools.gnu-tools-for-stm32.7-2018-q2-update.win32_1.0.0.201904181610/tools/bin/../lib/gcc/arm-none-eabi/7.3.1/../../../../arm-none-eabi/lib/thumb/v7e-m/fpv4-sp/hard\libc_nano.a(lib_a-nano-mallocr.o)
[...]
Memory Configuration

Name             Origin             Length             Attributes
RAM              0x0000000020000000 0x0000000000020000 xrw
FLASH            0x0000000008000000 0x0000000000080000 xr
*default*        0x0000000000000000 0xffffffffffffffff

Linker script and memory map

LOAD c:/st/stm32cubeide_1.0.2/stm32cubeide/plugins/com.st.stm32cube.ide.mcu.externaltools.gnu-tools-for-stm32.7-2018-q2-update.win32_1.0.0.201904181610/tools/bin/../lib/gcc/arm-none-eabi/7.3.1/thumb/v7e-m/fpv4-sp/hard/crti.o
LOAD c:/st/stm32cubeide_1.0.2/stm32cubeide/plugins/com.st.stm32cube.ide.mcu.externaltools.gnu-tools-for-stm32.7-2018-q2-update.win32_1.0.0.201904181610/tools/bin/../lib/gcc/arm-none-eabi/7.3.1/thumb/v7e-m/fpv4-sp/hard/crtbegin.o
LOAD c:/st/stm32cubeide_1.0.2/stm32cubeide/plugins/com.st.stm32cube.ide.mcu.externaltools.gnu-tools-for-stm32.7-2018-q2-update.win32_1.0.0.201904181610/tools/bin/../lib/gcc/arm-none-eabi/7.3.1/../../../../arm-none-eabi/lib/thumb/v7e-m/fpv4-sp/hard/crt0.o
LOAD Drivers/BSP/CCA02M1/cca02m1_audio.o
LOAD Drivers/BSP/Components/ad1974/ad1974.o
LOAD Drivers/BSP/Components/ad1974/ad1974_reg.o
LOAD Drivers/BSP/Components/adau1978/adau1978.o
LOAD Drivers/BSP/Components/adau1978/adau1978_reg.o
LOAD Drivers/BSP/STM32F4xx-Nucleo/stm32f4xx_nucleo.o
LOAD Drivers/STM32F4xx_HAL_Driver/Src/Legacy/stm32f4xx_hal_can.o
LOAD Drivers/STM32F4xx_HAL_Driver/Src/stm32f4xx_hal.o
LOAD Drivers/STM32F4xx_HAL_Driver/Src/stm32f4xx_hal_adc.o
LOAD Drivers/STM32F4xx_HAL_Driver/Src/stm32f4xx_hal_adc_ex.o
LOAD Drivers/STM32F4xx_HAL_Driver/Src/stm32f4xx_hal_cortex.o
LOAD Drivers/STM32F4xx_HAL_Driver/Src/stm32f4xx_hal_dma.o
LOAD Drivers/STM32F4xx_HAL_Driver/Src/stm32f4xx_hal_dma_ex.o
LOAD Drivers/STM32F4xx_HAL_Driver/Src/stm32f4xx_hal_flash.o
LOAD Drivers/STM32F4xx_HAL_Driver/Src/stm32f4xx_hal_flash_ex.o
LOAD Drivers/STM32F4xx_HAL_Driver/Src/stm32f4xx_hal_flash_ramfunc.o
LOAD Drivers/STM32F4xx_HAL_Driver/Src/stm32f4xx_hal_gpio.o
LOAD Drivers/STM32F4xx_HAL_Driver/Src/stm32f4xx_hal_i2c.o
LOAD Drivers/STM32F4xx_HAL_Driver/Src/stm32f4xx_hal_i2c_ex.o
LOAD Drivers/STM32F4xx_HAL_Driver/Src/stm32f4xx_hal_i2s.o
LOAD Drivers/STM32F4xx_HAL_Driver/Src/stm32f4xx_hal_i2s_ex.o
LOAD Drivers/STM32F4xx_HAL_Driver/Src/stm32f4xx_hal_pcd.o
LOAD Drivers/STM32F4xx_HAL_Driver/Src/stm32f4xx_hal_pcd_ex.o
LOAD Drivers/STM32F4xx_HAL_Driver/Src/stm32f4xx_hal_pwr.o
LOAD Drivers/STM32F4xx_HAL_Driver/Src/stm32f4xx_hal_rcc.o
LOAD Drivers/STM32F4xx_HAL_Driver/Src/stm32f4xx_hal_rcc_ex.o
LOAD Drivers/STM32F4xx_HAL_Driver/Src/stm32f4xx_hal_spi.o
LOAD Drivers/STM32F4xx_HAL_Driver/Src/stm32f4xx_hal_tim.o
LOAD Drivers/STM32F4xx_HAL_Driver/Src/stm32f4xx_hal_tim_ex.o
LOAD Drivers/STM32F4xx_HAL_Driver/Src/stm32f4xx_ll_usb.o
LOAD Middlewares/ST/STM32_USB_Device_Library/Class/AUDIO/Src/usbd_audio_if_template.o
LOAD Middlewares/ST/STM32_USB_Device_Library/Class/AUDIO/Src/usbd_audio_in.o
LOAD Middlewares/ST/STM32_USB_Device_Library/Core/Src/usbd_core.o
LOAD Middlewares/ST/STM32_USB_Device_Library/Core/Src/usbd_ctlreq.o
LOAD Middlewares/ST/STM32_USB_Device_Library/Core/Src/usbd_ioreq.o
LOAD Src/arm_fir_decimate_init_q15.o
LOAD Src/arm_fir_decimate_q15.o
LOAD Src/audio_application.o
LOAD Src/cube_hal_f4.o
LOAD Src/main.o
LOAD Src/stm32xx_it.o
LOAD Src/syscalls.o
LOAD Src/sysmem.o
LOAD Src/system_stm32f4xx.o
LOAD Src/usbd_audio_if.o
LOAD Src/usbd_conf_f4.o
LOAD Src/usbd_desc.o
LOAD Startup/startup_stm32f446retx.o
LOAD C:\Users\10007069\STM32CubeIDE\workspace_1.0.2\MEMS_RECORDER\Middlewares\ST\STM32_Audio\Addons\PDM\Lib\libPDMFilter_CM4_GCC_wc32.a
START GROUP
LOAD c:/st/stm32cubeide_1.0.2/stm32cubeide/plugins/com.st.stm32cube.ide.mcu.externaltools.gnu-tools-for-stm32.7-2018-q2-update.win32_1.0.0.201904181610/tools/bin/../lib/gcc/arm-none-eabi/7.3.1/../../../../arm-none-eabi/lib/thumb/v7e-m/fpv4-sp/hard\libc_nano.a
LOAD c:/st/stm32cubeide_1.0.2/stm32cubeide/plugins/com.st.stm32cube.ide.mcu.externaltools.gnu-tools-for-stm32.7-2018-q2-update.win32_1.0.0.201904181610/tools/bin/../lib/gcc/arm-none-eabi/7.3.1/../../../../arm-none-eabi/lib/thumb/v7e-m/fpv4-sp/hard\libm.a
END GROUP
START GROUP
LOAD c:/st/stm32cubeide_1.0.2/stm32cubeide/plugins/com.st.stm32cube.ide.mcu.externaltools.gnu-tools-for-stm32.7-2018-q2-update.win32_1.0.0.201904181610/tools/bin/../lib/gcc/arm-none-eabi/7.3.1/thumb/v7e-m/fpv4-sp/hard\libgcc.a
LOAD c:/st/stm32cubeide_1.0.2/stm32cubeide/plugins/com.st.stm32cube.ide.mcu.externaltools.gnu-tools-for-stm32.7-2018-q2-update.win32_1.0.0.201904181610/tools/bin/../lib/gcc/arm-none-eabi/7.3.1/../../../../arm-none-eabi/lib/thumb/v7e-m/fpv4-sp/hard\libc_nano.a
END GROUP
START GROUP
LOAD c:/st/stm32cubeide_1.0.2/stm32cubeide/plugins/com.st.stm32cube.ide.mcu.externaltools.gnu-tools-for-stm32.7-2018-q2-update.win32_1.0.0.201904181610/tools/bin/../lib/gcc/arm-none-eabi/7.3.1/thumb/v7e-m/fpv4-sp/hard\libgcc.a
LOAD c:/st/stm32cubeide_1.0.2/stm32cubeide/plugins/com.st.stm32cube.ide.mcu.externaltools.gnu-tools-for-stm32.7-2018-q2-update.win32_1.0.0.201904181610/tools/bin/../lib/gcc/arm-none-eabi/7.3.1/../../../../arm-none-eabi/lib/thumb/v7e-m/fpv4-sp/hard\libc_nano.a
LOAD c:/st/stm32cubeide_1.0.2/stm32cubeide/plugins/com.st.stm32cube.ide.mcu.externaltools.gnu-tools-for-stm32.7-2018-q2-update.win32_1.0.0.201904181610/tools/bin/../lib/gcc/arm-none-eabi/7.3.1/../../../../arm-none-eabi/lib/thumb/v7e-m/fpv4-sp/hard\libnosys.a
END GROUP
START GROUP
LOAD c:/st/stm32cubeide_1.0.2/stm32cubeide/plugins/com.st.stm32cube.ide.mcu.externaltools.gnu-tools-for-stm32.7-2018-q2-update.win32_1.0.0.201904181610/tools/bin/../lib/gcc/arm-none-eabi/7.3.1/thumb/v7e-m/fpv4-sp/hard\libgcc.a
LOAD c:/st/stm32cubeide_1.0.2/stm32cubeide/plugins/com.st.stm32cube.ide.mcu.externaltools.gnu-tools-for-stm32.7-2018-q2-update.win32_1.0.0.201904181610/tools/bin/../lib/gcc/arm-none-eabi/7.3.1/../../../../arm-none-eabi/lib/thumb/v7e-m/fpv4-sp/hard\libc_nano.a
LOAD c:/st/stm32cubeide_1.0.2/stm32cubeide/plugins/com.st.stm32cube.ide.mcu.externaltools.gnu-tools-for-stm32.7-2018-q2-update.win32_1.0.0.201904181610/tools/bin/../lib/gcc/arm-none-eabi/7.3.1/../../../../arm-none-eabi/lib/thumb/v7e-m/fpv4-sp/hard\libnosys.a
END GROUP
LOAD c:/st/stm32cubeide_1.0.2/stm32cubeide/plugins/com.st.stm32cube.ide.mcu.externaltools.gnu-tools-for-stm32.7-2018-q2-update.win32_1.0.0.201904181610/tools/bin/../lib/gcc/arm-none-eabi/7.3.1/thumb/v7e-m/fpv4-sp/hard/crtend.o
LOAD c:/st/stm32cubeide_1.0.2/stm32cubeide/plugins/com.st.stm32cube.ide.mcu.externaltools.gnu-tools-for-stm32.7-2018-q2-update.win32_1.0.0.201904181610/tools/bin/../lib/gcc/arm-none-eabi/7.3.1/thumb/v7e-m/fpv4-sp/hard/crtn.o
                0x0000000020020000                _estack = 0x20020000
                0x0000000000000200                _Min_Heap_Size = 0x200
                0x0000000000000400                _Min_Stack_Size = 0x400

.isr_vector     0x0000000008000000      0x1c4
                0x0000000008000000                . = ALIGN (0x4)
 *(.isr_vector)
 .isr_vector    0x0000000008000000      0x1c4 Startup/startup_stm32f446retx.o
                0x0000000008000000                g_pfnVectors
                0x00000000080001c4                . = ALIGN (0x4)

.text           0x00000000080001c4     0xe184
                0x00000000080001c4                . = ALIGN (0x4)
 *(.text)
 .text          0x00000000080001c4       0x40 c:/st/stm32cubeide_1.0.2/stm32cubeide/plugins/com.st.stm32cube.ide.mcu.externaltools.gnu-tools-for-stm32.7-2018-q2-update.win32_1.0.0.201904181610/tools/bin/../lib/gcc/arm-none-eabi/7.3.1/thumb/v7e-m/fpv4-sp/hard/crtbegin.o
 .text          0x0000000008000204      0x378 c:/st/stm32cubeide_1.0.2/stm32cubeide/plugins/com.st.stm32cube.ide.mcu.externaltools.gnu-tools-for-stm32.7-2018-q2-update.win32_1.0.0.201904181610/tools/bin/../lib/gcc/arm-none-eabi/7.3.1/thumb/v7e-m/fpv4-sp/hard\libgcc.a(_arm_addsubdf3.o)
                0x0000000008000204                __aeabi_drsub
                0x000000000800020c                __aeabi_dsub
                0x000000000800020c                __subdf3
                0x0000000008000210                __aeabi_dadd
                0x0000000008000210                __adddf3
                0x0000000008000488                __floatunsidf
                0x0000000008000488                __aeabi_ui2d
                0x00000000080004a8                __floatsidf
                0x00000000080004a8                __aeabi_i2d
                0x00000000080004cc                __aeabi_f2d
                0x00000000080004cc                __extendsfdf2
                0x0000000008000510                __floatundidf
                0x0000000008000510                __aeabi_ul2d
                0x0000000008000520                __floatdidf
                0x0000000008000520                __aeabi_l2d
 .text          0x000000000800057c       0xa0 c:/st/stm32cubeide_1.0.2/stm32cubeide/plugins/com.st.stm32cube.ide.mcu.externaltools.gnu-tools-for-stm32.7-2018-q2-update.win32_1.0.0.201904181610/tools/bin/../lib/gcc/arm-none-eabi/7.3.1/thumb/v7e-m/fpv4-sp/hard\libgcc.a(_arm_truncdfsf2.o)
                0x000000000800057c                __truncdfsf2
                0x000000000800057c                __aeabi_d2f
 .text          0x000000000800061c       0x30 c:/st/stm32cubeide_1.0.2/stm32cubeide/plugins/com.st.stm32cube.ide.mcu.externaltools.gnu-tools-for-stm32.7-2018-q2-update.win32_1.0.0.201904181610/tools/bin/../lib/gcc/arm-none-eabi/7.3.1/thumb/v7e-m/fpv4-sp/hard\libgcc.a(_aeabi_uldivmod.o)
                0x000000000800061c                __aeabi_uldivmod
 .text          0x000000000800064c      0x2cc c:/st/stm32cubeide_1.0.2/stm32cubeide/plugins/com.st.stm32cube.ide.mcu.externaltools.gnu-tools-for-stm32.7-2018-q2-update.win32_1.0.0.201904181610/tools/bin/../lib/gcc/arm-none-eabi/7.3.1/thumb/v7e-m/fpv4-sp/hard\libgcc.a(_udivmoddi4.o)
                0x000000000800064c                __udivmoddi4
 .text          0x0000000008000918        0x4 c:/st/stm32cubeide_1.0.2/stm32cubeide/plugins/com.st.stm32cube.ide.mcu.externaltools.gnu-tools-for-stm32.7-2018-q2-update.win32_1.0.0.201904181610/tools/bin/../lib/gcc/arm-none-eabi/7.3.1/thumb/v7e-m/fpv4-sp/hard\libgcc.a(_dvmd_tls.o)
                0x0000000008000918                __aeabi_idiv0
                0x0000000008000918                __aeabi_ldiv0
 *(.text*)
 .text.CCA02M1_AUDIO_IN_Init
                0x000000000800091c      0x2b8 Drivers/BSP/CCA02M1/cca02m1_audio.o
                0x000000000800091c                CCA02M1_AUDIO_IN_Init
 .text.MX_I2S_IN_ClockConfig
                0x0000000008000bd4       0x80 Drivers/BSP/CCA02M1/cca02m1_audio.o
                0x0000000008000bd4                MX_I2S_IN_ClockConfig
 .text.MX_SPI_Init
                0x0000000008000c54       0xf4 Drivers/BSP/CCA02M1/cca02m1_audio.o
                0x0000000008000c54                MX_SPI_Init
 .text.MX_I2S_IN_Init
                0x0000000008000d48      0x128 Drivers/BSP/CCA02M1/cca02m1_audio.o
                0x0000000008000d48                MX_I2S_IN_Init
 .text.CCA02M1_AUDIO_IN_PDMToPCM_Init
                0x0000000008000e70      0x2c8 Drivers/BSP/CCA02M1/cca02m1_audio.o
                0x0000000008000e70                CCA02M1_AUDIO_IN_PDMToPCM_Init
 .text.CCA02M1_AUDIO_IN_PDMToPCM
                0x0000000008001138      0x108 Drivers/BSP/CCA02M1/cca02m1_audio.o
                0x0000000008001138                CCA02M1_AUDIO_IN_PDMToPCM
 .text.CCA02M1_AUDIO_IN_Record
                0x0000000008001240       0xfc Drivers/BSP/CCA02M1/cca02m1_audio.o
                0x0000000008001240                CCA02M1_AUDIO_IN_Record
 .text.CCA02M1_AUDIO_IN_SetVolume
                0x000000000800133c       0xd0 Drivers/BSP/CCA02M1/cca02m1_audio.o
                0x000000000800133c                CCA02M1_AUDIO_IN_SetVolume
 .text.HAL_I2S_RxCpltCallback
                0x000000000800140c      0x24c Drivers/BSP/CCA02M1/cca02m1_audio.o
                0x000000000800140c                HAL_I2S_RxCpltCallback
 .text.HAL_I2S_RxHalfCpltCallback
                0x0000000008001658      0x224 Drivers/BSP/CCA02M1/cca02m1_audio.o
                0x0000000008001658                HAL_I2S_RxHalfCpltCallback
 .text.I2S_MspInit
                0x000000000800187c       0xa4 Drivers/BSP/CCA02M1/cca02m1_audio.o
 .text.SPI_MspInit
                0x0000000008001920       0xd8 Drivers/BSP/CCA02M1/cca02m1_audio.o
 .text.AUDIO_IN_Timer_Init
                0x00000000080019f8      0x168 Drivers/BSP/CCA02M1/cca02m1_audio.o
 .text.AUDIO_IN_Timer_Start
                0x0000000008001b60       0x3c Drivers/BSP/CCA02M1/cca02m1_audio.o
 .text.HAL_Init
                0x0000000008001b9c       0x44 Drivers/STM32F4xx_HAL_Driver/Src/stm32f4xx_hal.o
                0x0000000008001b9c                HAL_Init
 .text.HAL_MspInit
                0x0000000008001be0        0xe Drivers/STM32F4xx_HAL_Driver/Src/stm32f4xx_hal.o
                0x0000000008001be0                HAL_MspInit
 *fill*         0x0000000008001bee        0x2 
 .text.HAL_InitTick
                0x0000000008001bf0       0x60 Drivers/STM32F4xx_HAL_Driver/Src/stm32f4xx_hal.o
                0x0000000008001bf0                HAL_InitTick
 .text.HAL_IncTick
                0x0000000008001c50       0x28 Drivers/STM32F4xx_HAL_Driver/Src/stm32f4xx_hal.o
                0x0000000008001c50                HAL_IncTick
 .text.HAL_GetTick
                0x0000000008001c78       0x18 Drivers/STM32F4xx_HAL_Driver/Src/stm32f4xx_hal.o
                0x0000000008001c78                HAL_GetTick
 .text.HAL_Delay
                0x0000000008001c90       0x44 Drivers/STM32F4xx_HAL_Driver/Src/stm32f4xx_hal.o
                0x0000000008001c90                HAL_Delay
 .text.__NVIC_SetPriorityGrouping
                0x0000000008001cd4       0x48 Drivers/STM32F4xx_HAL_Driver/Src/stm32f4xx_hal_cortex.o
 .text.__NVIC_GetPriorityGrouping
                0x0000000008001d1c       0x1c Drivers/STM32F4xx_HAL_Driver/Src/stm32f4xx_hal_cortex.o
 .text.__NVIC_EnableIRQ
                0x0000000008001d38       0x3c Drivers/STM32F4xx_HAL_Driver/Src/stm32f4xx_hal_cortex.o
 .text.__NVIC_SetPriority
                0x0000000008001d74       0x54 Drivers/STM32F4xx_HAL_Driver/Src/stm32f4xx_hal_cortex.o
 .text.NVIC_EncodePriority
                0x0000000008001dc8       0x66 Drivers/STM32F4xx_HAL_Driver/Src/stm32f4xx_hal_cortex.o
 *fill*         0x0000000008001e2e        0x2 
 .text.SysTick_Config
                0x0000000008001e30       0x44 Drivers/STM32F4xx_HAL_Driver/Src/stm32f4xx_hal_cortex.o
 .text.HAL_NVIC_SetPriorityGrouping
                0x0000000008001e74       0x16 Drivers/STM32F4xx_HAL_Driver/Src/stm32f4xx_hal_cortex.o
                0x0000000008001e74                HAL_NVIC_SetPriorityGrouping
 .text.HAL_NVIC_SetPriority
                0x0000000008001e8a       0x38 Drivers/STM32F4xx_HAL_Driver/Src/stm32f4xx_hal_cortex.o
                0x0000000008001e8a                HAL_NVIC_SetPriority
 .text.HAL_NVIC_EnableIRQ
                0x0000000008001ec2       0x1c Drivers/STM32F4xx_HAL_Driver/Src/stm32f4xx_hal_cortex.o
                0x0000000008001ec2                HAL_NVIC_EnableIRQ
 .text.HAL_SYSTICK_Config
                0x0000000008001ede       0x18 Drivers/STM32F4xx_HAL_Driver/Src/stm32f4xx_hal_cortex.o
                0x0000000008001ede                HAL_SYSTICK_Config
 *fill*         0x0000000008001ef6        0x2 
 .text.HAL_DMA_Init
                0x0000000008001ef8      0x15c Drivers/STM32F4xx_HAL_Driver/Src/stm32f4xx_hal_dma.o
                0x0000000008001ef8                HAL_DMA_Init
 .text.HAL_DMA_DeInit
                0x0000000008002054       0xbc Drivers/STM32F4xx_HAL_Driver/Src/stm32f4xx_hal_dma.o
                0x0000000008002054                HAL_DMA_DeInit
 .text.HAL_DMA_Start_IT
                0x0000000008002110       0xb0 Drivers/STM32F4xx_HAL_Driver/Src/stm32f4xx_hal_dma.o
                0x0000000008002110                HAL_DMA_Start_IT
 .text.HAL_DMA_IRQHandler
                0x00000000080021c0      0x314 Drivers/STM32F4xx_HAL_Driver/Src/stm32f4xx_hal_dma.o
                0x00000000080021c0                HAL_DMA_IRQHandler
 .text.DMA_SetConfig
                0x00000000080024d4       0x5c Drivers/STM32F4xx_HAL_Driver/Src/stm32f4xx_hal_dma.o
 .text.DMA_CalcBaseAndBitshift
                0x0000000008002530       0x6c Drivers/STM32F4xx_HAL_Driver/Src/stm32f4xx_hal_dma.o
 .text.DMA_CheckFifoParam
                0x000000000800259c       0xf4 Drivers/STM32F4xx_HAL_Driver/Src/stm32f4xx_hal_dma.o
 .text.HAL_GPIO_Init
                0x0000000008002690      0x324 Drivers/STM32F4xx_HAL_Driver/Src/stm32f4xx_hal_gpio.o
                0x0000000008002690                HAL_GPIO_Init
 .text.HAL_I2S_Init
                0x00000000080029b4      0x1f0 Drivers/STM32F4xx_HAL_Driver/Src/stm32f4xx_hal_i2s.o
                0x00000000080029b4                HAL_I2S_Init
 .text.HAL_I2S_MspInit
                0x0000000008002ba4       0x14 Drivers/STM32F4xx_HAL_Driver/Src/stm32f4xx_hal_i2s.o
                0x0000000008002ba4                HAL_I2S_MspInit
 .text.HAL_I2S_Receive_DMA
                0x0000000008002bb8      0x178 Drivers/STM32F4xx_HAL_Driver/Src/stm32f4xx_hal_i2s.o
                0x0000000008002bb8                HAL_I2S_Receive_DMA
 .text.HAL_I2S_TxCpltCallback
                0x0000000008002d30       0x14 Drivers/STM32F4xx_HAL_Driver/Src/stm32f4xx_hal_i2s.o
                0x0000000008002d30                HAL_I2S_TxCpltCallback
 .text.HAL_I2S_ErrorCallback
                0x0000000008002d44       0x14 Drivers/STM32F4xx_HAL_Driver/Src/stm32f4xx_hal_i2s.o
                0x0000000008002d44                HAL_I2S_ErrorCallback
 .text.I2S_DMARxCplt
                0x0000000008002d58       0x42 Drivers/STM32F4xx_HAL_Driver/Src/stm32f4xx_hal_i2s.o
 .text.I2S_DMARxHalfCplt
                0x0000000008002d9a       0x1c Drivers/STM32F4xx_HAL_Driver/Src/stm32f4xx_hal_i2s.o
 .text.I2S_DMAError
                0x0000000008002db6       0x4c Drivers/STM32F4xx_HAL_Driver/Src/stm32f4xx_hal_i2s.o
 .text.I2S_Transmit_IT
                0x0000000008002e02       0x5c Drivers/STM32F4xx_HAL_Driver/Src/stm32f4xx_hal_i2s.o
 .text.I2S_Receive_IT
                0x0000000008002e5e       0x5e Drivers/STM32F4xx_HAL_Driver/Src/stm32f4xx_hal_i2s.o
 .text.I2S_IRQHandler
                0x0000000008002ebc      0x114 Drivers/STM32F4xx_HAL_Driver/Src/stm32f4xx_hal_i2s.o
 .text.HAL_PCD_Init
                0x0000000008002fd0      0x248 Drivers/STM32F4xx_HAL_Driver/Src/stm32f4xx_hal_pcd.o
                0x0000000008002fd0                HAL_PCD_Init
 .text.HAL_PCD_Start
                0x0000000008003218       0x66 Drivers/STM32F4xx_HAL_Driver/Src/stm32f4xx_hal_pcd.o
                0x0000000008003218                HAL_PCD_Start
 .text.HAL_PCD_IRQHandler
                0x000000000800327e      0x7be Drivers/STM32F4xx_HAL_Driver/Src/stm32f4xx_hal_pcd.o
                0x000000000800327e                HAL_PCD_IRQHandler
 .text.HAL_PCD_SetAddress
                0x0000000008003a3c       0x4a Drivers/STM32F4xx_HAL_Driver/Src/stm32f4xx_hal_pcd.o
                0x0000000008003a3c                HAL_PCD_SetAddress
 .text.HAL_PCD_EP_Open
                0x0000000008003a86       0xd0 Drivers/STM32F4xx_HAL_Driver/Src/stm32f4xx_hal_pcd.o
                0x0000000008003a86                HAL_PCD_EP_Open
 .text.HAL_PCD_EP_Close
                0x0000000008003b56       0x94 Drivers/STM32F4xx_HAL_Driver/Src/stm32f4xx_hal_pcd.o
                0x0000000008003b56                HAL_PCD_EP_Close
 .text.HAL_PCD_EP_Receive
                0x0000000008003bea       0x96 Drivers/STM32F4xx_HAL_Driver/Src/stm32f4xx_hal_pcd.o
                0x0000000008003bea                HAL_PCD_EP_Receive
 .text.HAL_PCD_EP_Transmit
                0x0000000008003c80       0x94 Drivers/STM32F4xx_HAL_Driver/Src/stm32f4xx_hal_pcd.o
                0x0000000008003c80                HAL_PCD_EP_Transmit
 .text.HAL_PCD_EP_SetStall
                0x0000000008003d14       0xc8 Drivers/STM32F4xx_HAL_Driver/Src/stm32f4xx_hal_pcd.o
                0x0000000008003d14                HAL_PCD_EP_SetStall
 .text.HAL_PCD_EP_ClrStall
                0x0000000008003ddc       0xac Drivers/STM32F4xx_HAL_Driver/Src/stm32f4xx_hal_pcd.o
                0x0000000008003ddc                HAL_PCD_EP_ClrStall
 .text.HAL_PCD_EP_Flush
                0x0000000008003e88       0x5a Drivers/STM32F4xx_HAL_Driver/Src/stm32f4xx_hal_pcd.o
                0x0000000008003e88                HAL_PCD_EP_Flush
 .text.PCD_WriteEmptyTxFifo
                0x0000000008003ee2      0x11a Drivers/STM32F4xx_HAL_Driver/Src/stm32f4xx_hal_pcd.o
 .text.PCD_EP_OutXfrComplete_int
                0x0000000008003ffc      0x218 Drivers/STM32F4xx_HAL_Driver/Src/stm32f4xx_hal_pcd.o
 .text.PCD_EP_OutSetupPacket_int
                0x0000000008004214       0x8c Drivers/STM32F4xx_HAL_Driver/Src/stm32f4xx_hal_pcd.o
 .text.HAL_PCDEx_SetTxFiFo
                0x00000000080042a0       0x8e Drivers/STM32F4xx_HAL_Driver/Src/stm32f4xx_hal_pcd_ex.o
                0x00000000080042a0                HAL_PCDEx_SetTxFiFo
 .text.HAL_PCDEx_SetRxFiFo
                0x000000000800432e       0x22 Drivers/STM32F4xx_HAL_Driver/Src/stm32f4xx_hal_pcd_ex.o
                0x000000000800432e                HAL_PCDEx_SetRxFiFo
 .text.HAL_PCDEx_ActivateLPM
                0x0000000008004350       0x48 Drivers/STM32F4xx_HAL_Driver/Src/stm32f4xx_hal_pcd_ex.o
                0x0000000008004350                HAL_PCDEx_ActivateLPM
 .text.HAL_PCDEx_LPM_Callback
                0x0000000008004398       0x18 Drivers/STM32F4xx_HAL_Driver/Src/stm32f4xx_hal_pcd_ex.o
                0x0000000008004398                HAL_PCDEx_LPM_Callback
 .text.HAL_RCC_ClockConfig
                0x00000000080043b0      0x1cc Drivers/STM32F4xx_HAL_Driver/Src/stm32f4xx_hal_rcc.o
                0x00000000080043b0                HAL_RCC_ClockConfig
 .text.HAL_RCC_GetHCLKFreq
                0x000000000800457c       0x18 Drivers/STM32F4xx_HAL_Driver/Src/stm32f4xx_hal_rcc.o
                0x000000000800457c                HAL_RCC_GetHCLKFreq
 .text.HAL_RCCEx_PeriphCLKConfig
                0x0000000008004594      0x654 Drivers/STM32F4xx_HAL_Driver/Src/stm32f4xx_hal_rcc_ex.o
                0x0000000008004594                HAL_RCCEx_PeriphCLKConfig
 .text.HAL_RCCEx_GetPeriphCLKConfig
                0x0000000008004be8      0x18c Drivers/STM32F4xx_HAL_Driver/Src/stm32f4xx_hal_rcc_ex.o
                0x0000000008004be8                HAL_RCCEx_GetPeriphCLKConfig
 .text.HAL_RCCEx_GetPeriphCLKFreq
                0x0000000008004d74      0x43c Drivers/STM32F4xx_HAL_Driver/Src/stm32f4xx_hal_rcc_ex.o
                0x0000000008004d74                HAL_RCCEx_GetPeriphCLKFreq
 .text.HAL_RCC_GetSysClockFreq
                0x00000000080051b0      0x340 Drivers/STM32F4xx_HAL_Driver/Src/stm32f4xx_hal_rcc_ex.o
                0x00000000080051b0                HAL_RCC_GetSysClockFreq
 .text.HAL_RCC_OscConfig
                0x00000000080054f0      0x4bc Drivers/STM32F4xx_HAL_Driver/Src/stm32f4xx_hal_rcc_ex.o
                0x00000000080054f0                HAL_RCC_OscConfig
 .text.HAL_SPI_Init
                0x00000000080059ac       0xc8 Drivers/STM32F4xx_HAL_Driver/Src/stm32f4xx_hal_spi.o
                0x00000000080059ac                HAL_SPI_Init
 .text.HAL_SPI_MspInit
                0x0000000008005a74       0x14 Drivers/STM32F4xx_HAL_Driver/Src/stm32f4xx_hal_spi.o
                0x0000000008005a74                HAL_SPI_MspInit
 .text.HAL_SPI_Receive_DMA
                0x0000000008005a88      0x180 Drivers/STM32F4xx_HAL_Driver/Src/stm32f4xx_hal_spi.o
                0x0000000008005a88                HAL_SPI_Receive_DMA
 .text.HAL_SPI_TransmitReceive_DMA
                0x0000000008005c08      0x204 Drivers/STM32F4xx_HAL_Driver/Src/stm32f4xx_hal_spi.o
                0x0000000008005c08                HAL_SPI_TransmitReceive_DMA
 .text.HAL_SPI_RxCpltCallback
                0x0000000008005e0c       0x14 Drivers/STM32F4xx_HAL_Driver/Src/stm32f4xx_hal_spi.o
                0x0000000008005e0c                HAL_SPI_RxCpltCallback
 .text.HAL_SPI_TxRxCpltCallback
                0x0000000008005e20       0x14 Drivers/STM32F4xx_HAL_Driver/Src/stm32f4xx_hal_spi.o
                0x0000000008005e20                HAL_SPI_TxRxCpltCallback
 .text.HAL_SPI_RxHalfCpltCallback
                0x0000000008005e34       0x14 Drivers/STM32F4xx_HAL_Driver/Src/stm32f4xx_hal_spi.o
                0x0000000008005e34                HAL_SPI_RxHalfCpltCallback
 .text.HAL_SPI_TxRxHalfCpltCallback
                0x0000000008005e48       0x14 Drivers/STM32F4xx_HAL_Driver/Src/stm32f4xx_hal_spi.o
                0x0000000008005e48                HAL_SPI_TxRxHalfCpltCallback
 .text.HAL_SPI_ErrorCallback
                0x0000000008005e5c       0x14 Drivers/STM32F4xx_HAL_Driver/Src/stm32f4xx_hal_spi.o
                0x0000000008005e5c                HAL_SPI_ErrorCallback
 .text.SPI_DMAReceiveCplt
                0x0000000008005e70       0xa8 Drivers/STM32F4xx_HAL_Driver/Src/stm32f4xx_hal_spi.o
 .text.SPI_DMATransmitReceiveCplt
                0x0000000008005f18       0x90 Drivers/STM32F4xx_HAL_Driver/Src/stm32f4xx_hal_spi.o
 .text.SPI_DMAHalfReceiveCplt
                0x0000000008005fa8       0x1c Drivers/STM32F4xx_HAL_Driver/Src/stm32f4xx_hal_spi.o
 .text.SPI_DMAHalfTransmitReceiveCplt
                0x0000000008005fc4       0x1c Drivers/STM32F4xx_HAL_Driver/Src/stm32f4xx_hal_spi.o
 .text.SPI_DMAError
                0x0000000008005fe0       0x40 Drivers/STM32F4xx_HAL_Driver/Src/stm32f4xx_hal_spi.o
 .text.SPI_WaitFlagStateUntilTimeout
                0x0000000008006020       0xd4 Drivers/STM32F4xx_HAL_Driver/Src/stm32f4xx_hal_spi.o
 .text.SPI_EndRxTransaction
                0x00000000080060f4       0xca Drivers/STM32F4xx_HAL_Driver/Src/stm32f4xx_hal_spi.o
 *fill*         0x00000000080061be        0x2 
 .text.SPI_EndRxTxTransaction
                0x00000000080061c0       0x84 Drivers/STM32F4xx_HAL_Driver/Src/stm32f4xx_hal_spi.o
 .text.HAL_TIM_OC_Start
                0x0000000008006244       0x7c Drivers/STM32F4xx_HAL_Driver/Src/stm32f4xx_hal_tim.o
                0x0000000008006244                HAL_TIM_OC_Start
 .text.HAL_TIM_PWM_Init
                0x00000000080062c0       0x56 Drivers/STM32F4xx_HAL_Driver/Src/stm32f4xx_hal_tim.o
                0x00000000080062c0                HAL_TIM_PWM_Init
 .text.HAL_TIM_PWM_MspInit
                0x0000000008006316       0x14 Drivers/STM32F4xx_HAL_Driver/Src/stm32f4xx_hal_tim.o
                0x0000000008006316                HAL_TIM_PWM_MspInit
 .text.HAL_TIM_IC_Start
                0x000000000800632a       0x44 Drivers/STM32F4xx_HAL_Driver/Src/stm32f4xx_hal_tim.o
                0x000000000800632a                HAL_TIM_IC_Start
 .text.HAL_TIM_IC_ConfigChannel
                0x000000000800636e      0x138 Drivers/STM32F4xx_HAL_Driver/Src/stm32f4xx_hal_tim.o
                0x000000000800636e                HAL_TIM_IC_ConfigChannel
 *fill*         0x00000000080064a6        0x2 
 .text.HAL_TIM_PWM_ConfigChannel
                0x00000000080064a8      0x18c Drivers/STM32F4xx_HAL_Driver/Src/stm32f4xx_hal_tim.o
                0x00000000080064a8                HAL_TIM_PWM_ConfigChannel
 .text.HAL_TIM_SlaveConfigSynchro
                0x0000000008006634       0x84 Drivers/STM32F4xx_HAL_Driver/Src/stm32f4xx_hal_tim.o
                0x0000000008006634                HAL_TIM_SlaveConfigSynchro
 .text.TIM_Base_SetConfig
                0x00000000080066b8      0x140 Drivers/STM32F4xx_HAL_Driver/Src/stm32f4xx_hal_tim.o
                0x00000000080066b8                TIM_Base_SetConfig
 .text.TIM_OC1_SetConfig
                0x00000000080067f8       0xe0 Drivers/STM32F4xx_HAL_Driver/Src/stm32f4xx_hal_tim.o
 .text.TIM_OC2_SetConfig
                0x00000000080068d8       0xec Drivers/STM32F4xx_HAL_Driver/Src/stm32f4xx_hal_tim.o
                0x00000000080068d8                TIM_OC2_SetConfig
 .text.TIM_OC3_SetConfig
                0x00000000080069c4       0xe8 Drivers/STM32F4xx_HAL_Driver/Src/stm32f4xx_hal_tim.o
 .text.TIM_OC4_SetConfig
                0x0000000008006aac       0xac Drivers/STM32F4xx_HAL_Driver/Src/stm32f4xx_hal_tim.o
 .text.TIM_SlaveTimer_SetConfig
                0x0000000008006b58      0x10c Drivers/STM32F4xx_HAL_Driver/Src/stm32f4xx_hal_tim.o
 .text.TIM_TI1_SetConfig
                0x0000000008006c64       0xe8 Drivers/STM32F4xx_HAL_Driver/Src/stm32f4xx_hal_tim.o
                0x0000000008006c64                TIM_TI1_SetConfig
 .text.TIM_TI1_ConfigInputStage
                0x0000000008006d4c       0x5e Drivers/STM32F4xx_HAL_Driver/Src/stm32f4xx_hal_tim.o
 .text.TIM_TI2_SetConfig
                0x0000000008006daa       0x7a Drivers/STM32F4xx_HAL_Driver/Src/stm32f4xx_hal_tim.o
 .text.TIM_TI2_ConfigInputStage
                0x0000000008006e24       0x60 Drivers/STM32F4xx_HAL_Driver/Src/stm32f4xx_hal_tim.o
 .text.TIM_TI3_SetConfig
                0x0000000008006e84       0x78 Drivers/STM32F4xx_HAL_Driver/Src/stm32f4xx_hal_tim.o
 .text.TIM_TI4_SetConfig
                0x0000000008006efc       0x7a Drivers/STM32F4xx_HAL_Driver/Src/stm32f4xx_hal_tim.o
 .text.TIM_ETR_SetConfig
                0x0000000008006f76       0x40 Drivers/STM32F4xx_HAL_Driver/Src/stm32f4xx_hal_tim.o
                0x0000000008006f76                TIM_ETR_SetConfig
 .text.TIM_CCxChannelCmd
                0x0000000008006fb6       0x4a Drivers/STM32F4xx_HAL_Driver/Src/stm32f4xx_hal_tim.o
                0x0000000008006fb6                TIM_CCxChannelCmd
 .text.USB_CoreInit
                0x0000000008007000       0xc2 Drivers/STM32F4xx_HAL_Driver/Src/stm32f4xx_ll_usb.o
                0x0000000008007000                USB_CoreInit
 *fill*         0x00000000080070c2        0x2 
 .text.USB_SetTurnaroundTime
                0x00000000080070c4      0x144 Drivers/STM32F4xx_HAL_Driver/Src/stm32f4xx_ll_usb.o
                0x00000000080070c4                USB_SetTurnaroundTime
 .text.USB_EnableGlobalInt
                0x0000000008007208       0x22 Drivers/STM32F4xx_HAL_Driver/Src/stm32f4xx_ll_usb.o
                0x0000000008007208                USB_EnableGlobalInt
 .text.USB_DisableGlobalInt
                0x000000000800722a       0x22 Drivers/STM32F4xx_HAL_Driver/Src/stm32f4xx_ll_usb.o
                0x000000000800722a                USB_DisableGlobalInt
 .text.USB_SetCurrentMode
                0x000000000800724c       0x54 Drivers/STM32F4xx_HAL_Driver/Src/stm32f4xx_ll_usb.o
                0x000000000800724c                USB_SetCurrentMode
 .text.USB_DevInit
                0x00000000080072a0      0x2bc Drivers/STM32F4xx_HAL_Driver/Src/stm32f4xx_ll_usb.o
                0x00000000080072a0                USB_DevInit
 .text.USB_FlushTxFifo
                0x000000000800755c       0x4c Drivers/STM32F4xx_HAL_Driver/Src/stm32f4xx_ll_usb.o
                0x000000000800755c                USB_FlushTxFifo
 .text.USB_FlushRxFifo
                0x00000000080075a8       0x44 Drivers/STM32F4xx_HAL_Driver/Src/stm32f4xx_ll_usb.o
                0x00000000080075a8                USB_FlushRxFifo
 .text.USB_SetDevSpeed
                0x00000000080075ec       0x32 Drivers/STM32F4xx_HAL_Driver/Src/stm32f4xx_ll_usb.o
                0x00000000080075ec                USB_SetDevSpeed
 .text.USB_GetDevSpeed
                0x000000000800761e       0x4a Drivers/STM32F4xx_HAL_Driver/Src/stm32f4xx_ll_usb.o
                0x000000000800761e                USB_GetDevSpeed
 .text.USB_ActivateEndpoint
                0x0000000008007668      0x10e Drivers/STM32F4xx_HAL_Driver/Src/stm32f4xx_ll_usb.o
                0x0000000008007668                USB_ActivateEndpoint
 *fill*         0x0000000008007776        0x2 
 .text.USB_DeactivateEndpoint
                0x0000000008007778      0x1b8 Drivers/STM32F4xx_HAL_Driver/Src/stm32f4xx_ll_usb.o
                0x0000000008007778                USB_DeactivateEndpoint
 .text.USB_EPStartXfer
                0x0000000008007930      0x488 Drivers/STM32F4xx_HAL_Driver/Src/stm32f4xx_ll_usb.o
                0x0000000008007930                USB_EPStartXfer
 .text.USB_EP0StartXfer
                0x0000000008007db8      0x2a6 Drivers/STM32F4xx_HAL_Driver/Src/stm32f4xx_ll_usb.o
                0x0000000008007db8                USB_EP0StartXfer
 .text.USB_WritePacket
                0x000000000800805e       0x6a Drivers/STM32F4xx_HAL_Driver/Src/stm32f4xx_ll_usb.o
                0x000000000800805e                USB_WritePacket
 .text.USB_ReadPacket
                0x00000000080080c8       0x52 Drivers/STM32F4xx_HAL_Driver/Src/stm32f4xx_ll_usb.o
                0x00000000080080c8                USB_ReadPacket
 .text.USB_EPSetStall
                0x000000000800811a       0xdc Drivers/STM32F4xx_HAL_Driver/Src/stm32f4xx_ll_usb.o
                0x000000000800811a                USB_EPSetStall
 .text.USB_EPClearStall
                0x00000000080081f6       0xcc Drivers/STM32F4xx_HAL_Driver/Src/stm32f4xx_ll_usb.o
                0x00000000080081f6                USB_EPClearStall
 .text.USB_SetDevAddress
                0x00000000080082c2       0x4c Drivers/STM32F4xx_HAL_Driver/Src/stm32f4xx_ll_usb.o
                0x00000000080082c2                USB_SetDevAddress
 .text.USB_DevConnect
                0x000000000800830e       0x30 Drivers/STM32F4xx_HAL_Driver/Src/stm32f4xx_ll_usb.o
                0x000000000800830e                USB_DevConnect
 .text.USB_DevDisconnect
                0x000000000800833e       0x30 Drivers/STM32F4xx_HAL_Driver/Src/stm32f4xx_ll_usb.o
                0x000000000800833e                USB_DevDisconnect
 .text.USB_ReadInterrupts
                0x000000000800836e       0x26 Drivers/STM32F4xx_HAL_Driver/Src/stm32f4xx_ll_usb.o
                0x000000000800836e                USB_ReadInterrupts
 .text.USB_ReadDevAllOutEpInterrupt
                0x0000000008008394       0x34 Drivers/STM32F4xx_HAL_Driver/Src/stm32f4xx_ll_usb.o
                0x0000000008008394                USB_ReadDevAllOutEpInterrupt
 .text.USB_ReadDevAllInEpInterrupt
                0x00000000080083c8       0x34 Drivers/STM32F4xx_HAL_Driver/Src/stm32f4xx_ll_usb.o
                0x00000000080083c8                USB_ReadDevAllInEpInterrupt
 .text.USB_ReadDevOutEPInterrupt
                0x00000000080083fc       0x3c Drivers/STM32F4xx_HAL_Driver/Src/stm32f4xx_ll_usb.o
                0x00000000080083fc                USB_ReadDevOutEPInterrupt
 .text.USB_ReadDevInEPInterrupt
                0x0000000008008438       0x5c Drivers/STM32F4xx_HAL_Driver/Src/stm32f4xx_ll_usb.o
                0x0000000008008438                USB_ReadDevInEPInterrupt
 .text.USB_GetMode
                0x0000000008008494       0x1c Drivers/STM32F4xx_HAL_Driver/Src/stm32f4xx_ll_usb.o
                0x0000000008008494                USB_GetMode
 .text.USB_ActivateSetup
                0x00000000080084b0       0x46 Drivers/STM32F4xx_HAL_Driver/Src/stm32f4xx_ll_usb.o
                0x00000000080084b0                USB_ActivateSetup
 *fill*         0x00000000080084f6        0x2 
 .text.USB_EP0_OutStart
                0x00000000080084f8       0xbc Drivers/STM32F4xx_HAL_Driver/Src/stm32f4xx_ll_usb.o
                0x00000000080084f8                USB_EP0_OutStart
 .text.USB_CoreReset
                0x00000000080085b4       0x68 Drivers/STM32F4xx_HAL_Driver/Src/stm32f4xx_ll_usb.o
 .text.USBD_AUDIO_Init
                0x000000000800861c       0xac Middlewares/ST/STM32_USB_Device_Library/Class/AUDIO/Src/usbd_audio_in.o
 .text.USBD_AUDIO_DeInit
                0x00000000080086c8       0x40 Middlewares/ST/STM32_USB_Device_Library/Class/AUDIO/Src/usbd_audio_in.o
 .text.USBD_AUDIO_Setup
                0x0000000008008708      0x104 Middlewares/ST/STM32_USB_Device_Library/Class/AUDIO/Src/usbd_audio_in.o
 .text.USBD_AUDIO_GetCfgDesc
                0x000000000800880c       0x20 Middlewares/ST/STM32_USB_Device_Library/Class/AUDIO/Src/usbd_audio_in.o
 .text.USBD_AUDIO_DataIn
                0x000000000800882c      0x15c Middlewares/ST/STM32_USB_Device_Library/Class/AUDIO/Src/usbd_audio_in.o
 .text.USBD_AUDIO_EP0_RxReady
                0x0000000008008988       0x64 Middlewares/ST/STM32_USB_Device_Library/Class/AUDIO/Src/usbd_audio_in.o
 .text.USBD_AUDIO_EP0_TxReady
                0x00000000080089ec       0x16 Middlewares/ST/STM32_USB_Device_Library/Class/AUDIO/Src/usbd_audio_in.o
 .text.USBD_AUDIO_SOF
                0x0000000008008a02       0x16 Middlewares/ST/STM32_USB_Device_Library/Class/AUDIO/Src/usbd_audio_in.o
 .text.USBD_AUDIO_IsoINIncomplete
                0x0000000008008a18       0x1a Middlewares/ST/STM32_USB_Device_Library/Class/AUDIO/Src/usbd_audio_in.o
 .text.USBD_AUDIO_IsoOutIncomplete
                0x0000000008008a32       0x1a Middlewares/ST/STM32_USB_Device_Library/Class/AUDIO/Src/usbd_audio_in.o
 .text.USBD_AUDIO_DataOut
                0x0000000008008a4c       0x1a Middlewares/ST/STM32_USB_Device_Library/Class/AUDIO/Src/usbd_audio_in.o
 *fill*         0x0000000008008a66        0x2 
 .text.USBD_AUDIO_GetDeviceQualifierDesc
                0x0000000008008a68       0x20 Middlewares/ST/STM32_USB_Device_Library/Class/AUDIO/Src/usbd_audio_in.o
 .text.AUDIO_REQ_GetMaximum
                0x0000000008008a88       0x38 Middlewares/ST/STM32_USB_Device_Library/Class/AUDIO/Src/usbd_audio_in.o
 .text.AUDIO_REQ_GetMinimum
                0x0000000008008ac0       0x38 Middlewares/ST/STM32_USB_Device_Library/Class/AUDIO/Src/usbd_audio_in.o
 .text.AUDIO_REQ_GetResolution
                0x0000000008008af8       0x38 Middlewares/ST/STM32_USB_Device_Library/Class/AUDIO/Src/usbd_audio_in.o
 .text.AUDIO_REQ_GetCurrent
                0x0000000008008b30       0x50 Middlewares/ST/STM32_USB_Device_Library/Class/AUDIO/Src/usbd_audio_in.o
 .text.AUDIO_REQ_SetCurrent
                0x0000000008008b80       0x58 Middlewares/ST/STM32_USB_Device_Library/Class/AUDIO/Src/usbd_audio_in.o
 .text.USBD_AUDIO_Data_Transfer
                0x0000000008008bd8      0x19c Middlewares/ST/STM32_USB_Device_Library/Class/AUDIO/Src/usbd_audio_in.o
                0x0000000008008bd8                USBD_AUDIO_Data_Transfer
 .text.USBD_AUDIO_RegisterInterface
                0x0000000008008d74       0x26 Middlewares/ST/STM32_USB_Device_Library/Class/AUDIO/Src/usbd_audio_in.o
                0x0000000008008d74                USBD_AUDIO_RegisterInterface
 *fill*         0x0000000008008d9a        0x2 
 .text.USBD_AUDIO_Init_Microphone_Descriptor
                0x0000000008008d9c      0x64c Middlewares/ST/STM32_USB_Device_Library/Class/AUDIO/Src/usbd_audio_in.o
                0x0000000008008d9c                USBD_AUDIO_Init_Microphone_Descriptor
 .text.USBD_Init
                0x00000000080093e8       0x6c Middlewares/ST/STM32_USB_Device_Library/Core/Src/usbd_core.o
                0x00000000080093e8                USBD_Init
 .text.USBD_RegisterClass
                0x0000000008009454       0x42 Middlewares/ST/STM32_USB_Device_Library/Core/Src/usbd_core.o
                0x0000000008009454                USBD_RegisterClass
 .text.USBD_Start
                0x0000000008009496       0x18 Middlewares/ST/STM32_USB_Device_Library/Core/Src/usbd_core.o
                0x0000000008009496                USBD_Start
 .text.USBD_RunTestMode
                0x00000000080094ae       0x16 Middlewares/ST/STM32_USB_Device_Library/Core/Src/usbd_core.o
                0x00000000080094ae                USBD_RunTestMode
 .text.USBD_SetClassConfig
                0x00000000080094c4       0x38 Middlewares/ST/STM32_USB_Device_Library/Core/Src/usbd_core.o
                0x00000000080094c4                USBD_SetClassConfig
 .text.USBD_ClrClassConfig
                0x00000000080094fc       0x30 Middlewares/ST/STM32_USB_Device_Library/Core/Src/usbd_core.o
                0x00000000080094fc                USBD_ClrClassConfig
 .text.USBD_LL_SetupStage
                0x000000000800952c       0xa6 Middlewares/ST/STM32_USB_Device_Library/Core/Src/usbd_core.o
                0x000000000800952c                USBD_LL_SetupStage
 .text.USBD_LL_DataOutStage
                0x00000000080095d2       0xc6 Middlewares/ST/STM32_USB_Device_Library/Core/Src/usbd_core.o
                0x00000000080095d2                USBD_LL_DataOutStage
 .text.USBD_LL_DataInStage
                0x0000000008009698      0x12c Middlewares/ST/STM32_USB_Device_Library/Core/Src/usbd_core.o
                0x0000000008009698                USBD_LL_DataInStage
 .text.USBD_LL_Reset
                0x00000000080097c4       0x82 Middlewares/ST/STM32_USB_Device_Library/Core/Src/usbd_core.o
                0x00000000080097c4                USBD_LL_Reset
 .text.USBD_LL_SetSpeed
                0x0000000008009846       0x20 Middlewares/ST/STM32_USB_Device_Library/Core/Src/usbd_core.o
                0x0000000008009846                USBD_LL_SetSpeed
 .text.USBD_LL_Suspend
                0x0000000008009866       0x2a Middlewares/ST/STM32_USB_Device_Library/Core/Src/usbd_core.o
                0x0000000008009866                USBD_LL_Suspend
 .text.USBD_LL_Resume
                0x0000000008009890       0x2c Middlewares/ST/STM32_USB_Device_Library/Core/Src/usbd_core.o
                0x0000000008009890                USBD_LL_Resume
 .text.USBD_LL_SOF
                0x00000000080098bc       0x34 Middlewares/ST/STM32_USB_Device_Library/Core/Src/usbd_core.o
                0x00000000080098bc                USBD_LL_SOF
 .text.USBD_LL_IsoINIncomplete
                0x00000000080098f0       0x1a Middlewares/ST/STM32_USB_Device_Library/Core/Src/usbd_core.o
                0x00000000080098f0                USBD_LL_IsoINIncomplete
 .text.USBD_LL_IsoOUTIncomplete
                0x000000000800990a       0x1a Middlewares/ST/STM32_USB_Device_Library/Core/Src/usbd_core.o
                0x000000000800990a                USBD_LL_IsoOUTIncomplete
 .text.USBD_LL_DevConnected
                0x0000000008009924       0x16 Middlewares/ST/STM32_USB_Device_Library/Core/Src/usbd_core.o
                0x0000000008009924                USBD_LL_DevConnected
 .text.USBD_LL_DevDisconnected
                0x000000000800993a       0x38 Middlewares/ST/STM32_USB_Device_Library/Core/Src/usbd_core.o
                0x000000000800993a                USBD_LL_DevDisconnected
 .text.SWAPBYTE
                0x0000000008009972       0x3c Middlewares/ST/STM32_USB_Device_Library/Core/Src/usbd_ctlreq.o
 *fill*         0x00000000080099ae        0x2 
 .text.USBD_StdDevReq
                0x00000000080099b0       0xdc Middlewares/ST/STM32_USB_Device_Library/Core/Src/usbd_ctlreq.o
                0x00000000080099b0                USBD_StdDevReq
 .text.USBD_StdItfReq
                0x0000000008009a8c       0x8c Middlewares/ST/STM32_USB_Device_Library/Core/Src/usbd_ctlreq.o
                0x0000000008009a8c                USBD_StdItfReq
 .text.USBD_StdEPReq
                0x0000000008009b18      0x2aa Middlewares/ST/STM32_USB_Device_Library/Core/Src/usbd_ctlreq.o
                0x0000000008009b18                USBD_StdEPReq
 *fill*         0x0000000008009dc2        0x2 
 .text.USBD_GetDescriptor
                0x0000000008009dc4      0x2d4 Middlewares/ST/STM32_USB_Device_Library/Core/Src/usbd_ctlreq.o
 .text.USBD_SetAddress
                0x000000000800a098       0x84 Middlewares/ST/STM32_USB_Device_Library/Core/Src/usbd_ctlreq.o
 .text.USBD_SetConfig
                0x000000000800a11c      0x148 Middlewares/ST/STM32_USB_Device_Library/Core/Src/usbd_ctlreq.o
 .text.USBD_GetConfig
                0x000000000800a264       0x68 Middlewares/ST/STM32_USB_Device_Library/Core/Src/usbd_ctlreq.o
 .text.USBD_GetStatus
                0x000000000800a2cc       0x66 Middlewares/ST/STM32_USB_Device_Library/Core/Src/usbd_ctlreq.o
 .text.USBD_SetFeature
                0x000000000800a332       0x28 Middlewares/ST/STM32_USB_Device_Library/Core/Src/usbd_ctlreq.o
 .text.USBD_ClrFeature
                0x000000000800a35a       0x42 Middlewares/ST/STM32_USB_Device_Library/Core/Src/usbd_ctlreq.o
 .text.USBD_ParseSetupRequest
                0x000000000800a39c       0x74 Middlewares/ST/STM32_USB_Device_Library/Core/Src/usbd_ctlreq.o
                0x000000000800a39c                USBD_ParseSetupRequest
 .text.USBD_CtlError
                0x000000000800a410       0x22 Middlewares/ST/STM32_USB_Device_Library/Core/Src/usbd_ctlreq.o
                0x000000000800a410                USBD_CtlError
 .text.USBD_GetString
                0x000000000800a432       0x8c Middlewares/ST/STM32_USB_Device_Library/Core/Src/usbd_ctlreq.o
                0x000000000800a432                USBD_GetString
 .text.USBD_GetLen
                0x000000000800a4be       0x34 Middlewares/ST/STM32_USB_Device_Library/Core/Src/usbd_ctlreq.o
 .text.USBD_CtlSendData
                0x000000000800a4f2       0x36 Middlewares/ST/STM32_USB_Device_Library/Core/Src/usbd_ioreq.o
                0x000000000800a4f2                USBD_CtlSendData
 .text.USBD_CtlContinueSendData
                0x000000000800a528       0x22 Middlewares/ST/STM32_USB_Device_Library/Core/Src/usbd_ioreq.o
                0x000000000800a528                USBD_CtlContinueSendData
 .text.USBD_CtlPrepareRx
                0x000000000800a54a       0x3a Middlewares/ST/STM32_USB_Device_Library/Core/Src/usbd_ioreq.o
                0x000000000800a54a                USBD_CtlPrepareRx
 .text.USBD_CtlContinueRx
                0x000000000800a584       0x22 Middlewares/ST/STM32_USB_Device_Library/Core/Src/usbd_ioreq.o
                0x000000000800a584                USBD_CtlContinueRx
 .text.USBD_CtlSendStatus
                0x000000000800a5a6       0x26 Middlewares/ST/STM32_USB_Device_Library/Core/Src/usbd_ioreq.o
                0x000000000800a5a6                USBD_CtlSendStatus
 .text.USBD_CtlReceiveStatus
                0x000000000800a5cc       0x26 Middlewares/ST/STM32_USB_Device_Library/Core/Src/usbd_ioreq.o
                0x000000000800a5cc                USBD_CtlReceiveStatus
 .text.arm_fir_decimate_init_q15
                0x000000000800a5f2       0x6a Src/arm_fir_decimate_init_q15.o
                0x000000000800a5f2                arm_fir_decimate_init_q15
 .text.arm_fir_decimate_q15
                0x000000000800a65c      0x7aa Src/arm_fir_decimate_q15.o
                0x000000000800a65c                arm_fir_decimate_q15
 .text.CCA02M1_AUDIO_IN_HalfTransfer_CallBack
                0x000000000800ae06       0x14 Src/audio_application.o
                0x000000000800ae06                CCA02M1_AUDIO_IN_HalfTransfer_CallBack
 .text.CCA02M1_AUDIO_IN_TransferComplete_CallBack
                0x000000000800ae1a       0x14 Src/audio_application.o
                0x000000000800ae1a                CCA02M1_AUDIO_IN_TransferComplete_CallBack
 *fill*         0x000000000800ae2e        0x2 
 .text.AudioProcess
                0x000000000800ae30       0x24 Src/audio_application.o
                0x000000000800ae30                AudioProcess
 .text.Init_Acquisition_Peripherals
                0x000000000800ae54       0x40 Src/audio_application.o
                0x000000000800ae54                Init_Acquisition_Peripherals
 .text.Start_Acquisition
                0x000000000800ae94       0x18 Src/audio_application.o
                0x000000000800ae94                Start_Acquisition
 .text.SystemClock_Config
                0x000000000800aeac       0xa4 Src/cube_hal_f4.o
                0x000000000800aeac                SystemClock_Config
 .text.main     0x000000000800af50       0x5c Src/main.o
                0x000000000800af50                main
 .text.NMI_Handler
                0x000000000800afac        0xe Src/stm32xx_it.o
                0x000000000800afac                NMI_Handler
 .text.HardFault_Handler
                0x000000000800afba        0x6 Src/stm32xx_it.o
                0x000000000800afba                HardFault_Handler
 .text.SVC_Handler
                0x000000000800afc0        0xe Src/stm32xx_it.o
                0x000000000800afc0                SVC_Handler
 .text.DebugMon_Handler
                0x000000000800afce        0xe Src/stm32xx_it.o
                0x000000000800afce                DebugMon_Handler
 .text.PendSV_Handler
                0x000000000800afdc        0xe Src/stm32xx_it.o
                0x000000000800afdc                PendSV_Handler
 .text.SysTick_Handler
                0x000000000800afea        0xc Src/stm32xx_it.o
                0x000000000800afea                SysTick_Handler
 *fill*         0x000000000800aff6        0x2 
 .text.OTG_FS_IRQHandler
                0x000000000800aff8       0x14 Src/stm32xx_it.o
                0x000000000800aff8                OTG_FS_IRQHandler
 .text.DMA1_Stream3_IRQHandler
                0x000000000800b00c       0x18 Src/stm32xx_it.o
                0x000000000800b00c                DMA1_Stream3_IRQHandler
 .text._sbrk    0x000000000800b024       0x58 Src/sysmem.o
                0x000000000800b024                _sbrk
 .text.SystemInit
                0x000000000800b07c       0x2c Src/system_stm32f4xx.o
                0x000000000800b07c                SystemInit
 .text.Audio_Init
                0x000000000800b0a8       0x1a Src/usbd_audio_if.o
 .text.Audio_DeInit
                0x000000000800b0c2       0x16 Src/usbd_audio_if.o
 .text.Audio_Record
                0x000000000800b0d8       0x10 Src/usbd_audio_if.o
 .text.Audio_VolumeCtl
                0x000000000800b0e8       0x68 Src/usbd_audio_if.o
 .text.Audio_MuteCtl
                0x000000000800b150       0x18 Src/usbd_audio_if.o
 .text.Audio_Stop
                0x000000000800b168       0x10 Src/usbd_audio_if.o
 .text.Audio_Pause
                0x000000000800b178       0x10 Src/usbd_audio_if.o
 .text.Audio_Resume
                0x000000000800b188       0x10 Src/usbd_audio_if.o
 .text.Audio_CommandMgr
                0x000000000800b198       0x18 Src/usbd_audio_if.o
 .text.Send_Audio_to_USB
                0x000000000800b1b0       0x24 Src/usbd_audio_if.o
                0x000000000800b1b0                Send_Audio_to_USB
 .text.__NVIC_SetPriority
                0x000000000800b1d4       0x54 Src/usbd_conf_f4.o
 .text.HAL_PCD_MspInit
                0x000000000800b228       0x98 Src/usbd_conf_f4.o
                0x000000000800b228                HAL_PCD_MspInit
 .text.HAL_PCD_SetupStageCallback
                0x000000000800b2c0       0x24 Src/usbd_conf_f4.o
                0x000000000800b2c0                HAL_PCD_SetupStageCallback
 .text.HAL_PCD_DataOutStageCallback
                0x000000000800b2e4       0x36 Src/usbd_conf_f4.o
                0x000000000800b2e4                HAL_PCD_DataOutStageCallback
 .text.HAL_PCD_DataInStageCallback
                0x000000000800b31a       0x34 Src/usbd_conf_f4.o
                0x000000000800b31a                HAL_PCD_DataInStageCallback
 .text.HAL_PCD_SOFCallback
                0x000000000800b34e       0x1c Src/usbd_conf_f4.o
                0x000000000800b34e                HAL_PCD_SOFCallback
 .text.HAL_PCD_ResetCallback
                0x000000000800b36a       0x50 Src/usbd_conf_f4.o
                0x000000000800b36a                HAL_PCD_ResetCallback
 .text.HAL_PCD_SuspendCallback
                0x000000000800b3ba       0x1c Src/usbd_conf_f4.o
                0x000000000800b3ba                HAL_PCD_SuspendCallback
 .text.HAL_PCD_ResumeCallback
                0x000000000800b3d6       0x1c Src/usbd_conf_f4.o
                0x000000000800b3d6                HAL_PCD_ResumeCallback
 .text.HAL_PCD_ISOOUTIncompleteCallback
                0x000000000800b3f2       0x24 Src/usbd_conf_f4.o
                0x000000000800b3f2                HAL_PCD_ISOOUTIncompleteCallback
 .text.HAL_PCD_ISOINIncompleteCallback
                0x000000000800b416       0x24 Src/usbd_conf_f4.o
                0x000000000800b416                HAL_PCD_ISOINIncompleteCallback
 .text.HAL_PCD_ConnectCallback
                0x000000000800b43a       0x1c Src/usbd_conf_f4.o
                0x000000000800b43a                HAL_PCD_ConnectCallback
 .text.HAL_PCD_DisconnectCallback
                0x000000000800b456       0x1c Src/usbd_conf_f4.o
                0x000000000800b456                HAL_PCD_DisconnectCallback
 *fill*         0x000000000800b472        0x2 
 .text.USBD_LL_Init
                0x000000000800b474       0x90 Src/usbd_conf_f4.o
                0x000000000800b474                USBD_LL_Init
 .text.USBD_LL_Start
                0x000000000800b504       0x1e Src/usbd_conf_f4.o
                0x000000000800b504                USBD_LL_Start
 .text.USBD_LL_OpenEP
                0x000000000800b522       0x34 Src/usbd_conf_f4.o
                0x000000000800b522                USBD_LL_OpenEP
 .text.USBD_LL_CloseEP
                0x000000000800b556       0x26 Src/usbd_conf_f4.o
                0x000000000800b556                USBD_LL_CloseEP
 .text.USBD_LL_FlushEP
                0x000000000800b57c       0x26 Src/usbd_conf_f4.o
                0x000000000800b57c                USBD_LL_FlushEP
 .text.USBD_LL_StallEP
                0x000000000800b5a2       0x26 Src/usbd_conf_f4.o
                0x000000000800b5a2                USBD_LL_StallEP
 .text.USBD_LL_ClearStallEP
                0x000000000800b5c8       0x26 Src/usbd_conf_f4.o
                0x000000000800b5c8                USBD_LL_ClearStallEP
 .text.USBD_LL_IsStallEP
                0x000000000800b5ee       0x58 Src/usbd_conf_f4.o
                0x000000000800b5ee                USBD_LL_IsStallEP
 .text.USBD_LL_SetUSBAddress
                0x000000000800b646       0x26 Src/usbd_conf_f4.o
                0x000000000800b646                USBD_LL_SetUSBAddress
 .text.USBD_LL_Transmit
                0x000000000800b66c       0x2a Src/usbd_conf_f4.o
                0x000000000800b66c                USBD_LL_Transmit
 .text.USBD_LL_PrepareReceive
                0x000000000800b696       0x2a Src/usbd_conf_f4.o
                0x000000000800b696                USBD_LL_PrepareReceive
 .text.USBD_AUDIO_DeviceDescriptor
                0x000000000800b6c0       0x24 Src/usbd_desc.o
                0x000000000800b6c0                USBD_AUDIO_DeviceDescriptor
 .text.USBD_AUDIO_LangIDStrDescriptor
                0x000000000800b6e4       0x24 Src/usbd_desc.o
                0x000000000800b6e4                USBD_AUDIO_LangIDStrDescriptor
 .text.USBD_AUDIO_ProductStrDescriptor
                0x000000000800b708       0x40 Src/usbd_desc.o
                0x000000000800b708                USBD_AUDIO_ProductStrDescriptor
 .text.USBD_AUDIO_ManufacturerStrDescriptor
                0x000000000800b748       0x28 Src/usbd_desc.o
                0x000000000800b748                USBD_AUDIO_ManufacturerStrDescriptor
 .text.USBD_AUDIO_SerialStrDescriptor
                0x000000000800b770       0x40 Src/usbd_desc.o
                0x000000000800b770                USBD_AUDIO_SerialStrDescriptor
 .text.USBD_AUDIO_ConfigStrDescriptor
                0x000000000800b7b0       0x3c Src/usbd_desc.o
                0x000000000800b7b0                USBD_AUDIO_ConfigStrDescriptor
 .text.USBD_AUDIO_InterfaceStrDescriptor
                0x000000000800b7ec       0x3c Src/usbd_desc.o
                0x000000000800b7ec                USBD_AUDIO_InterfaceStrDescriptor
 .text.Reset_Handler
                0x000000000800b828       0x50 Startup/startup_stm32f446retx.o
                0x000000000800b828                Reset_Handler
 .text.Default_Handler
                0x000000000800b878        0x2 Startup/startup_stm32f446retx.o
                0x000000000800b878                RTC_Alarm_IRQHandler
                0x000000000800b878                EXTI2_IRQHandler
                0x000000000800b878                TIM8_CC_IRQHandler
                0x000000000800b878                FMPI2C1_EV_IRQHandler
                0x000000000800b878                SPI4_IRQHandler
                0x000000000800b878                TIM1_CC_IRQHandler
                0x000000000800b878                DMA2_Stream5_IRQHandler
                0x000000000800b878                DMA1_Stream5_IRQHandler
                0x000000000800b878                PVD_IRQHandler
                0x000000000800b878                SDIO_IRQHandler
                0x000000000800b878                TAMP_STAMP_IRQHandler
                0x000000000800b878                CAN2_RX1_IRQHandler
                0x000000000800b878                EXTI3_IRQHandler
                0x000000000800b878                TIM8_TRG_COM_TIM14_IRQHandler
                0x000000000800b878                TIM1_UP_TIM10_IRQHandler
                0x000000000800b878                TIM8_UP_TIM13_IRQHandler
                0x000000000800b878                I2C3_ER_IRQHandler
                0x000000000800b878                EXTI0_IRQHandler
                0x000000000800b878                I2C2_EV_IRQHandler
                0x000000000800b878                DMA1_Stream2_IRQHandler
                0x000000000800b878                CAN1_RX0_IRQHandler
                0x000000000800b878                FPU_IRQHandler
                0x000000000800b878                OTG_HS_WKUP_IRQHandler
                0x000000000800b878                UsageFault_Handler
                0x000000000800b878                CAN2_SCE_IRQHandler
                0x000000000800b878                DMA2_Stream2_IRQHandler
                0x000000000800b878                SPI1_IRQHandler
                0x000000000800b878                TIM6_DAC_IRQHandler
                0x000000000800b878                TIM1_BRK_TIM9_IRQHandler
                0x000000000800b878                DCMI_IRQHandler
                0x000000000800b878                CAN2_RX0_IRQHandler
                0x000000000800b878                DMA2_Stream3_IRQHandler
                0x000000000800b878                SAI2_IRQHandler
                0x000000000800b878                USART6_IRQHandler
                0x000000000800b878                USART3_IRQHandler
                0x000000000800b878                CAN1_RX1_IRQHandler
                0x000000000800b878                UART5_IRQHandler
                0x000000000800b878                DMA2_Stream0_IRQHandler
                0x000000000800b878                TIM4_IRQHandler
                0x000000000800b878                QUADSPI_IRQHandler
                0x000000000800b878                I2C1_EV_IRQHandler
                0x000000000800b878                DMA1_Stream6_IRQHandler
                0x000000000800b878                DMA1_Stream1_IRQHandler
                0x000000000800b878                UART4_IRQHandler
                0x000000000800b878                TIM3_IRQHandler
                0x000000000800b878                RCC_IRQHandler
                0x000000000800b878                TIM8_BRK_TIM12_IRQHandler
                0x000000000800b878                Default_Handler
                0x000000000800b878                CEC_IRQHandler
                0x000000000800b878                EXTI15_10_IRQHandler
                0x000000000800b878                ADC_IRQHandler
                0x000000000800b878                DMA1_Stream7_IRQHandler
                0x000000000800b878                TIM7_IRQHandler
                0x000000000800b878                CAN2_TX_IRQHandler
                0x000000000800b878                TIM5_IRQHandler
                0x000000000800b878                DMA2_Stream7_IRQHandler
                0x000000000800b878                I2C3_EV_IRQHandler
                0x000000000800b878                EXTI9_5_IRQHandler
                0x000000000800b878                RTC_WKUP_IRQHandler
                0x000000000800b878                SPDIF_RX_IRQHandler
                0x000000000800b878                SPI2_IRQHandler
                0x000000000800b878                OTG_HS_EP1_IN_IRQHandler
                0x000000000800b878                MemManage_Handler
                0x000000000800b878                DMA1_Stream0_IRQHandler
                0x000000000800b878                CAN1_TX_IRQHandler
                0x000000000800b878                FMPI2C1_ER_IRQHandler
                0x000000000800b878                EXTI4_IRQHandler
                0x000000000800b878                OTG_HS_EP1_OUT_IRQHandler
                0x000000000800b878                WWDG_IRQHandler
                0x000000000800b878                TIM2_IRQHandler
                0x000000000800b878                OTG_FS_WKUP_IRQHandler
                0x000000000800b878                TIM1_TRG_COM_TIM11_IRQHandler
                0x000000000800b878                OTG_HS_IRQHandler
                0x000000000800b878                EXTI1_IRQHandler
                0x000000000800b878                USART2_IRQHandler
                0x000000000800b878                I2C2_ER_IRQHandler
                0x000000000800b878                DMA2_Stream1_IRQHandler
                0x000000000800b878                CAN1_SCE_IRQHandler
                0x000000000800b878                FLASH_IRQHandler
                0x000000000800b878                DMA2_Stream4_IRQHandler
                0x000000000800b878                BusFault_Handler
                0x000000000800b878                USART1_IRQHandler
                0x000000000800b878                SPI3_IRQHandler
                0x000000000800b878                DMA1_Stream4_IRQHandler
                0x000000000800b878                I2C1_ER_IRQHandler
                0x000000000800b878                FMC_IRQHandler
                0x000000000800b878                DMA2_Stream6_IRQHandler
                0x000000000800b878                SAI1_IRQHandler
 *fill*         0x000000000800b87a        0x2 
 .text.D16_GENERIC
                0x000000000800b87c      0x120 C:\Users\10007069\STM32CubeIDE\workspace_1.0.2\MEMS_RECORDER\Middlewares\ST\STM32_Audio\Addons\PDM\Lib\libPDMFilter_CM4_GCC_wc32.a(pdm_filter.o)
 .text.D24_GENERIC
                0x000000000800b99c      0x190 C:\Users\10007069\STM32CubeIDE\workspace_1.0.2\MEMS_RECORDER\Middlewares\ST\STM32_Audio\Addons\PDM\Lib\libPDMFilter_CM4_GCC_wc32.a(pdm_filter.o)
 .text.D32_GENERIC
                0x000000000800bb2c      0x198 C:\Users\10007069\STM32CubeIDE\workspace_1.0.2\MEMS_RECORDER\Middlewares\ST\STM32_Audio\Addons\PDM\Lib\libPDMFilter_CM4_GCC_wc32.a(pdm_filter.o)
 .text.D48_GENERIC
                0x000000000800bcc4      0x1ec C:\Users\10007069\STM32CubeIDE\workspace_1.0.2\MEMS_RECORDER\Middlewares\ST\STM32_Audio\Addons\PDM\Lib\libPDMFilter_CM4_GCC_wc32.a(pdm_filter.o)
 .text.D64_GENERIC
                0x000000000800beb0      0x220 C:\Users\10007069\STM32CubeIDE\workspace_1.0.2\MEMS_RECORDER\Middlewares\ST\STM32_Audio\Addons\PDM\Lib\libPDMFilter_CM4_GCC_wc32.a(pdm_filter.o)
 .text.D80_GENERIC
                0x000000000800c0d0      0x2a0 C:\Users\10007069\STM32CubeIDE\workspace_1.0.2\MEMS_RECORDER\Middlewares\ST\STM32_Audio\Addons\PDM\Lib\libPDMFilter_CM4_GCC_wc32.a(pdm_filter.o)
 .text.D128_GENERIC
                0x000000000800c370      0x3f0 C:\Users\10007069\STM32CubeIDE\workspace_1.0.2\MEMS_RECORDER\Middlewares\ST\STM32_Audio\Addons\PDM\Lib\libPDMFilter_CM4_GCC_wc32.a(pdm_filter.o)
 .text.D16_1CH_HTONS_VOL_HP
                0x000000000800c760       0xe4 C:\Users\10007069\STM32CubeIDE\workspace_1.0.2\MEMS_RECORDER\Middlewares\ST\STM32_Audio\Addons\PDM\Lib\libPDMFilter_CM4_GCC_wc32.a(pdm_filter.o)
 .text.D24_1CH_HTONS_VOL_HP
                0x000000000800c844      0x138 C:\Users\10007069\STM32CubeIDE\workspace_1.0.2\MEMS_RECORDER\Middlewares\ST\STM32_Audio\Addons\PDM\Lib\libPDMFilter_CM4_GCC_wc32.a(pdm_filter.o)
 .text.D32_1CH_HTONS_VOL_HP
                0x000000000800c97c      0x144 C:\Users\10007069\STM32CubeIDE\workspace_1.0.2\MEMS_RECORDER\Middlewares\ST\STM32_Audio\Addons\PDM\Lib\libPDMFilter_CM4_GCC_wc32.a(pdm_filter.o)
 .text.D48_1CH_HTONS_VOL_HP
                0x000000000800cac0      0x16c C:\Users\10007069\STM32CubeIDE\workspace_1.0.2\MEMS_RECORDER\Middlewares\ST\STM32_Audio\Addons\PDM\Lib\libPDMFilter_CM4_GCC_wc32.a(pdm_filter.o)
 .text.D64_1CH_HTONS_VOL_HP
                0x000000000800cc2c      0x1b8 C:\Users\10007069\STM32CubeIDE\workspace_1.0.2\MEMS_RECORDER\Middlewares\ST\STM32_Audio\Addons\PDM\Lib\libPDMFilter_CM4_GCC_wc32.a(pdm_filter.o)
 .text.D80_1CH_HTONS_VOL_HP
                0x000000000800cde4      0x214 C:\Users\10007069\STM32CubeIDE\workspace_1.0.2\MEMS_RECORDER\Middlewares\ST\STM32_Audio\Addons\PDM\Lib\libPDMFilter_CM4_GCC_wc32.a(pdm_filter.o)
 .text.D128_1CH_HTONS_VOL_HP
                0x000000000800cff8      0x324 C:\Users\10007069\STM32CubeIDE\workspace_1.0.2\MEMS_RECORDER\Middlewares\ST\STM32_Audio\Addons\PDM\Lib\libPDMFilter_CM4_GCC_wc32.a(pdm_filter.o)
 .text.PDM_Filter_Init
                0x000000000800d31c      0x114 C:\Users\10007069\STM32CubeIDE\workspace_1.0.2\MEMS_RECORDER\Middlewares\ST\STM32_Audio\Addons\PDM\Lib\libPDMFilter_CM4_GCC_wc32.a(pdm_filter.o)
                0x000000000800d31c                PDM_Filter_Init
 .text.PDM_Filter_setConfig
                0x000000000800d430      0x1e4 C:\Users\10007069\STM32CubeIDE\workspace_1.0.2\MEMS_RECORDER\Middlewares\ST\STM32_Audio\Addons\PDM\Lib\libPDMFilter_CM4_GCC_wc32.a(pdm_filter.o)
                0x000000000800d430                PDM_Filter_setConfig
 .text.PDM_Filter
                0x000000000800d614       0x38 C:\Users\10007069\STM32CubeIDE\workspace_1.0.2\MEMS_RECORDER\Middlewares\ST\STM32_Audio\Addons\PDM\Lib\libPDMFilter_CM4_GCC_wc32.a(pdm_filter.o)
                0x000000000800d614                PDM_Filter
 .text.CRC_Lock
                0x000000000800d64c       0x7c C:\Users\10007069\STM32CubeIDE\workspace_1.0.2\MEMS_RECORDER\Middlewares\ST\STM32_Audio\Addons\PDM\Lib\libPDMFilter_CM4_GCC_wc32.a(stm32_crc_lock.o)
                0x000000000800d64c                CRC_Lock
 .text.__errno  0x000000000800d6c8        0xc c:/st/stm32cubeide_1.0.2/stm32cubeide/plugins/com.st.stm32cube.ide.mcu.externaltools.gnu-tools-for-stm32.7-2018-q2-update.win32_1.0.0.201904181610/tools/bin/../lib/gcc/arm-none-eabi/7.3.1/../../../../arm-none-eabi/lib/thumb/v7e-m/fpv4-sp/hard\libc_nano.a(lib_a-errno.o)
                0x000000000800d6c8                __errno
 .text.__libc_init_array
                0x000000000800d6d4       0x48 c:/st/stm32cubeide_1.0.2/stm32cubeide/plugins/com.st.stm32cube.ide.mcu.externaltools.gnu-tools-for-stm32.7-2018-q2-update.win32_1.0.0.201904181610/tools/bin/../lib/gcc/arm-none-eabi/7.3.1/../../../../arm-none-eabi/lib/thumb/v7e-m/fpv4-sp/hard\libc_nano.a(lib_a-init.o)
                0x000000000800d6d4                __libc_init_array
 .text.malloc   0x000000000800d71c       0x10 c:/st/stm32cubeide_1.0.2/stm32cubeide/plugins/com.st.stm32cube.ide.mcu.externaltools.gnu-tools-for-stm32.7-2018-q2-update.win32_1.0.0.201904181610/tools/bin/../lib/gcc/arm-none-eabi/7.3.1/../../../../arm-none-eabi/lib/thumb/v7e-m/fpv4-sp/hard\libc_nano.a(lib_a-malloc.o)
                0x000000000800d71c                malloc
 .text.free     0x000000000800d72c       0x10 c:/st/stm32cubeide_1.0.2/stm32cubeide/plugins/com.st.stm32cube.ide.mcu.externaltools.gnu-tools-for-stm32.7-2018-q2-update.win32_1.0.0.201904181610/tools/bin/../lib/gcc/arm-none-eabi/7.3.1/../../../../arm-none-eabi/lib/thumb/v7e-m/fpv4-sp/hard\libc_nano.a(lib_a-malloc.o)
                0x000000000800d72c                free
 .text.memcpy   0x000000000800d73c       0x16 c:/st/stm32cubeide_1.0.2/stm32cubeide/plugins/com.st.stm32cube.ide.mcu.externaltools.gnu-tools-for-stm32.7-2018-q2-update.win32_1.0.0.201904181610/tools/bin/../lib/gcc/arm-none-eabi/7.3.1/../../../../arm-none-eabi/lib/thumb/v7e-m/fpv4-sp/hard\libc_nano.a(lib_a-memcpy-stub.o)
                0x000000000800d73c                memcpy
 .text.memset   0x000000000800d752       0x10 c:/st/stm32cubeide_1.0.2/stm32cubeide/plugins/com.st.stm32cube.ide.mcu.externaltools.gnu-tools-for-stm32.7-2018-q2-update.win32_1.0.0.201904181610/tools/bin/../lib/gcc/arm-none-eabi/7.3.1/../../../../arm-none-eabi/lib/thumb/v7e-m/fpv4-sp/hard\libc_nano.a(lib_a-memset.o)
                0x000000000800d752                memset
 *fill*         0x000000000800d762        0x2 
 .text._free_r  0x000000000800d764       0x9c c:/st/stm32cubeide_1.0.2/stm32cubeide/plugins/com.st.stm32cube.ide.mcu.externaltools.gnu-tools-for-stm32.7-2018-q2-update.win32_1.0.0.201904181610/tools/bin/../lib/gcc/arm-none-eabi/7.3.1/../../../../arm-none-eabi/lib/thumb/v7e-m/fpv4-sp/hard\libc_nano.a(lib_a-nano-freer.o)
                0x000000000800d764                _free_r
 .text._malloc_r
                0x000000000800d800       0xb4 c:/st/stm32cubeide_1.0.2/stm32cubeide/plugins/com.st.stm32cube.ide.mcu.externaltools.gnu-tools-for-stm32.7-2018-q2-update.win32_1.0.0.201904181610/tools/bin/../lib/gcc/arm-none-eabi/7.3.1/../../../../arm-none-eabi/lib/thumb/v7e-m/fpv4-sp/hard\libc_nano.a(lib_a-nano-mallocr.o)
                0x000000000800d800                _malloc_r
 .text._sbrk_r  0x000000000800d8b4       0x20 c:/st/stm32cubeide_1.0.2/stm32cubeide/plugins/com.st.stm32cube.ide.mcu.externaltools.gnu-tools-for-stm32.7-2018-q2-update.win32_1.0.0.201904181610/tools/bin/../lib/gcc/arm-none-eabi/7.3.1/../../../../arm-none-eabi/lib/thumb/v7e-m/fpv4-sp/hard\libc_nano.a(lib_a-sbrkr.o)
                0x000000000800d8b4                _sbrk_r
 .text.__malloc_lock
                0x000000000800d8d4        0x2 c:/st/stm32cubeide_1.0.2/stm32cubeide/plugins/com.st.stm32cube.ide.mcu.externaltools.gnu-tools-for-stm32.7-2018-q2-update.win32_1.0.0.201904181610/tools/bin/../lib/gcc/arm-none-eabi/7.3.1/../../../../arm-none-eabi/lib/thumb/v7e-m/fpv4-sp/hard\libc_nano.a(lib_a-mlock.o)
                0x000000000800d8d4                __malloc_lock
 .text.__malloc_unlock
                0x000000000800d8d6        0x2 c:/st/stm32cubeide_1.0.2/stm32cubeide/plugins/com.st.stm32cube.ide.mcu.externaltools.gnu-tools-for-stm32.7-2018-q2-update.win32_1.0.0.201904181610/tools/bin/../lib/gcc/arm-none-eabi/7.3.1/../../../../arm-none-eabi/lib/thumb/v7e-m/fpv4-sp/hard\libc_nano.a(lib_a-mlock.o)
                0x000000000800d8d6                __malloc_unlock
 .text.roundf   0x000000000800d8d8       0x4c c:/st/stm32cubeide_1.0.2/stm32cubeide/plugins/com.st.stm32cube.ide.mcu.externaltools.gnu-tools-for-stm32.7-2018-q2-update.win32_1.0.0.201904181610/tools/bin/../lib/gcc/arm-none-eabi/7.3.1/../../../../arm-none-eabi/lib/thumb/v7e-m/fpv4-sp/hard\libm.a(lib_a-sf_round.o)
                0x000000000800d8d8                roundf
 .text.powf     0x000000000800d924      0x2c8 c:/st/stm32cubeide_1.0.2/stm32cubeide/plugins/com.st.stm32cube.ide.mcu.externaltools.gnu-tools-for-stm32.7-2018-q2-update.win32_1.0.0.201904181610/tools/bin/../lib/gcc/arm-none-eabi/7.3.1/../../../../arm-none-eabi/lib/thumb/v7e-m/fpv4-sp/hard\libm.a(lib_a-wf_pow.o)
                0x000000000800d924                powf
 .text.__ieee754_powf
                0x000000000800dbec      0x580 c:/st/stm32cubeide_1.0.2/stm32cubeide/plugins/com.st.stm32cube.ide.mcu.externaltools.gnu-tools-for-stm32.7-2018-q2-update.win32_1.0.0.201904181610/tools/bin/../lib/gcc/arm-none-eabi/7.3.1/../../../../arm-none-eabi/lib/thumb/v7e-m/fpv4-sp/hard\libm.a(lib_a-ef_pow.o)
                0x000000000800dbec                __ieee754_powf
 .text.__ieee754_sqrtf
                0x000000000800e16c        0x6 c:/st/stm32cubeide_1.0.2/stm32cubeide/plugins/com.st.stm32cube.ide.mcu.externaltools.gnu-tools-for-stm32.7-2018-q2-update.win32_1.0.0.201904181610/tools/bin/../lib/gcc/arm-none-eabi/7.3.1/../../../../arm-none-eabi/lib/thumb/v7e-m/fpv4-sp/hard\libm.a(lib_a-ef_sqrt.o)
                0x000000000800e16c                __ieee754_sqrtf
 .text.matherr  0x000000000800e172        0x4 c:/st/stm32cubeide_1.0.2/stm32cubeide/plugins/com.st.stm32cube.ide.mcu.externaltools.gnu-tools-for-stm32.7-2018-q2-update.win32_1.0.0.201904181610/tools/bin/../lib/gcc/arm-none-eabi/7.3.1/../../../../arm-none-eabi/lib/thumb/v7e-m/fpv4-sp/hard\libm.a(lib_a-s_matherr.o)
                0x000000000800e172                matherr
 .text.fabsf    0x000000000800e176        0xe c:/st/stm32cubeide_1.0.2/stm32cubeide/plugins/com.st.stm32cube.ide.mcu.externaltools.gnu-tools-for-stm32.7-2018-q2-update.win32_1.0.0.201904181610/tools/bin/../lib/gcc/arm-none-eabi/7.3.1/../../../../arm-none-eabi/lib/thumb/v7e-m/fpv4-sp/hard\libm.a(lib_a-sf_fabs.o)
                0x000000000800e176                fabsf
 .text.finitef  0x000000000800e184       0x14 c:/st/stm32cubeide_1.0.2/stm32cubeide/plugins/com.st.stm32cube.ide.mcu.externaltools.gnu-tools-for-stm32.7-2018-q2-update.win32_1.0.0.201904181610/tools/bin/../lib/gcc/arm-none-eabi/7.3.1/../../../../arm-none-eabi/lib/thumb/v7e-m/fpv4-sp/hard\libm.a(lib_a-sf_finite.o)
                0x000000000800e184                finitef
 .text.nanf     0x000000000800e198        0xc c:/st/stm32cubeide_1.0.2/stm32cubeide/plugins/com.st.stm32cube.ide.mcu.externaltools.gnu-tools-for-stm32.7-2018-q2-update.win32_1.0.0.201904181610/tools/bin/../lib/gcc/arm-none-eabi/7.3.1/../../../../arm-none-eabi/lib/thumb/v7e-m/fpv4-sp/hard\libm.a(lib_a-sf_nan.o)
                0x000000000800e198                nanf
 .text.rintf    0x000000000800e1a4       0xb4 c:/st/stm32cubeide_1.0.2/stm32cubeide/plugins/com.st.stm32cube.ide.mcu.externaltools.gnu-tools-for-stm32.7-2018-q2-update.win32_1.0.0.201904181610/tools/bin/../lib/gcc/arm-none-eabi/7.3.1/../../../../arm-none-eabi/lib/thumb/v7e-m/fpv4-sp/hard\libm.a(lib_a-sf_rint.o)
                0x000000000800e1a4                rintf
 .text.scalbnf  0x000000000800e258       0xc0 c:/st/stm32cubeide_1.0.2/stm32cubeide/plugins/com.st.stm32cube.ide.mcu.externaltools.gnu-tools-for-stm32.7-2018-q2-update.win32_1.0.0.201904181610/tools/bin/../lib/gcc/arm-none-eabi/7.3.1/../../../../arm-none-eabi/lib/thumb/v7e-m/fpv4-sp/hard\libm.a(lib_a-sf_scalbn.o)
                0x000000000800e258                scalbnf
 .text.copysignf
                0x000000000800e318       0x18 c:/st/stm32cubeide_1.0.2/stm32cubeide/plugins/com.st.stm32cube.ide.mcu.externaltools.gnu-tools-for-stm32.7-2018-q2-update.win32_1.0.0.201904181610/tools/bin/../lib/gcc/arm-none-eabi/7.3.1/../../../../arm-none-eabi/lib/thumb/v7e-m/fpv4-sp/hard\libm.a(lib_a-sf_copysign.o)
                0x000000000800e318                copysignf
 *(.glue_7)
 .glue_7        0x000000000800e330        0x0 linker stubs
 *(.glue_7t)
 .glue_7t       0x000000000800e330        0x0 linker stubs
 *(.eh_frame)
 .eh_frame      0x000000000800e330        0x0 c:/st/stm32cubeide_1.0.2/stm32cubeide/plugins/com.st.stm32cube.ide.mcu.externaltools.gnu-tools-for-stm32.7-2018-q2-update.win32_1.0.0.201904181610/tools/bin/../lib/gcc/arm-none-eabi/7.3.1/thumb/v7e-m/fpv4-sp/hard/crtbegin.o
 *(.init)
 .init          0x000000000800e330        0x4 c:/st/stm32cubeide_1.0.2/stm32cubeide/plugins/com.st.stm32cube.ide.mcu.externaltools.gnu-tools-for-stm32.7-2018-q2-update.win32_1.0.0.201904181610/tools/bin/../lib/gcc/arm-none-eabi/7.3.1/thumb/v7e-m/fpv4-sp/hard/crti.o
                0x000000000800e330                _init
 .init          0x000000000800e334        0x8 c:/st/stm32cubeide_1.0.2/stm32cubeide/plugins/com.st.stm32cube.ide.mcu.externaltools.gnu-tools-for-stm32.7-2018-q2-update.win32_1.0.0.201904181610/tools/bin/../lib/gcc/arm-none-eabi/7.3.1/thumb/v7e-m/fpv4-sp/hard/crtn.o
 *(.fini)
 .fini          0x000000000800e33c        0x4 c:/st/stm32cubeide_1.0.2/stm32cubeide/plugins/com.st.stm32cube.ide.mcu.externaltools.gnu-tools-for-stm32.7-2018-q2-update.win32_1.0.0.201904181610/tools/bin/../lib/gcc/arm-none-eabi/7.3.1/thumb/v7e-m/fpv4-sp/hard/crti.o
                0x000000000800e33c                _fini
 .fini          0x000000000800e340        0x8 c:/st/stm32cubeide_1.0.2/stm32cubeide/plugins/com.st.stm32cube.ide.mcu.externaltools.gnu-tools-for-stm32.7-2018-q2-update.win32_1.0.0.201904181610/tools/bin/../lib/gcc/arm-none-eabi/7.3.1/thumb/v7e-m/fpv4-sp/hard/crtn.o
                0x000000000800e348                . = ALIGN (0x4)
                0x000000000800e348                _etext = .

.vfp11_veneer   0x000000000800e348        0x0
 .vfp11_veneer  0x000000000800e348        0x0 linker stubs

.v4_bx          0x000000000800e348        0x0
 .v4_bx         0x000000000800e348        0x0 linker stubs

.iplt           0x000000000800e348        0x0
 .iplt          0x000000000800e348        0x0 c:/st/stm32cubeide_1.0.2/stm32cubeide/plugins/com.st.stm32cube.ide.mcu.externaltools.gnu-tools-for-stm32.7-2018-q2-update.win32_1.0.0.201904181610/tools/bin/../lib/gcc/arm-none-eabi/7.3.1/thumb/v7e-m/fpv4-sp/hard/crtbegin.o

.rodata         0x000000000800e348      0x194
                0x000000000800e348                . = ALIGN (0x4)
 *(.rodata)
 .rodata        0x000000000800e348       0x9c Src/usbd_desc.o
 .rodata        0x000000000800e3e4       0x38 C:\Users\10007069\STM32CubeIDE\workspace_1.0.2\MEMS_RECORDER\Middlewares\ST\STM32_Audio\Addons\PDM\Lib\libPDMFilter_CM4_GCC_wc32.a(pdm_filter.o)
 *(.rodata*)
 .rodata.flagBitshiftOffset.8740
                0x000000000800e41c        0x8 Drivers/STM32F4xx_HAL_Driver/Src/stm32f4xx_hal_dma.o
 .rodata.AHBPrescTable
                0x000000000800e424       0x10 Src/system_stm32f4xx.o
                0x000000000800e424                AHBPrescTable
 .rodata.vol_table
                0x000000000800e434       0x82 Src/usbd_audio_if.o
                0x000000000800e434                vol_table
 .rodata.powf.str1.1
                0x000000000800e4b6        0x5 c:/st/stm32cubeide_1.0.2/stm32cubeide/plugins/com.st.stm32cube.ide.mcu.externaltools.gnu-tools-for-stm32.7-2018-q2-update.win32_1.0.0.201904181610/tools/bin/../lib/gcc/arm-none-eabi/7.3.1/../../../../arm-none-eabi/lib/thumb/v7e-m/fpv4-sp/hard\libm.a(lib_a-wf_pow.o)
 .rodata.__ieee754_powf.str1.1
                0x000000000800e4bb        0x5 c:/st/stm32cubeide_1.0.2/stm32cubeide/plugins/com.st.stm32cube.ide.mcu.externaltools.gnu-tools-for-stm32.7-2018-q2-update.win32_1.0.0.201904181610/tools/bin/../lib/gcc/arm-none-eabi/7.3.1/../../../../arm-none-eabi/lib/thumb/v7e-m/fpv4-sp/hard\libm.a(lib_a-ef_pow.o)
                                          0x1 (size before relaxing)
 *fill*         0x000000000800e4bb        0x1 
 .rodata.bp     0x000000000800e4bc        0x8 c:/st/stm32cubeide_1.0.2/stm32cubeide/plugins/com.st.stm32cube.ide.mcu.externaltools.gnu-tools-for-stm32.7-2018-q2-update.win32_1.0.0.201904181610/tools/bin/../lib/gcc/arm-none-eabi/7.3.1/../../../../arm-none-eabi/lib/thumb/v7e-m/fpv4-sp/hard\libm.a(lib_a-ef_pow.o)
 .rodata.dp_h   0x000000000800e4c4        0x8 c:/st/stm32cubeide_1.0.2/stm32cubeide/plugins/com.st.stm32cube.ide.mcu.externaltools.gnu-tools-for-stm32.7-2018-q2-update.win32_1.0.0.201904181610/tools/bin/../lib/gcc/arm-none-eabi/7.3.1/../../../../arm-none-eabi/lib/thumb/v7e-m/fpv4-sp/hard\libm.a(lib_a-ef_pow.o)
 .rodata.dp_l   0x000000000800e4cc        0x8 c:/st/stm32cubeide_1.0.2/stm32cubeide/plugins/com.st.stm32cube.ide.mcu.externaltools.gnu-tools-for-stm32.7-2018-q2-update.win32_1.0.0.201904181610/tools/bin/../lib/gcc/arm-none-eabi/7.3.1/../../../../arm-none-eabi/lib/thumb/v7e-m/fpv4-sp/hard\libm.a(lib_a-ef_pow.o)
 .rodata.TWO23  0x000000000800e4d4        0x8 c:/st/stm32cubeide_1.0.2/stm32cubeide/plugins/com.st.stm32cube.ide.mcu.externaltools.gnu-tools-for-stm32.7-2018-q2-update.win32_1.0.0.201904181610/tools/bin/../lib/gcc/arm-none-eabi/7.3.1/../../../../arm-none-eabi/lib/thumb/v7e-m/fpv4-sp/hard\libm.a(lib_a-sf_rint.o)
                0x000000000800e4dc                . = ALIGN (0x4)

.ARM.extab      0x000000000800e4dc        0x0
                0x000000000800e4dc                . = ALIGN (0x4)
 *(.ARM.extab* .gnu.linkonce.armextab.*)
                0x000000000800e4dc                . = ALIGN (0x4)

.ARM            0x000000000800e4dc        0x8
                0x000000000800e4dc                . = ALIGN (0x4)
                0x000000000800e4dc                __exidx_start = .
 *(.ARM.exidx*)
 .ARM.exidx     0x000000000800e4dc        0x8 c:/st/stm32cubeide_1.0.2/stm32cubeide/plugins/com.st.stm32cube.ide.mcu.externaltools.gnu-tools-for-stm32.7-2018-q2-update.win32_1.0.0.201904181610/tools/bin/../lib/gcc/arm-none-eabi/7.3.1/thumb/v7e-m/fpv4-sp/hard\libgcc.a(_udivmoddi4.o)
                0x000000000800e4e4                __exidx_end = .
                0x000000000800e4e4                . = ALIGN (0x4)

.rel.dyn        0x000000000800e4e4        0x0
 .rel.iplt      0x000000000800e4e4        0x0 c:/st/stm32cubeide_1.0.2/stm32cubeide/plugins/com.st.stm32cube.ide.mcu.externaltools.gnu-tools-for-stm32.7-2018-q2-update.win32_1.0.0.201904181610/tools/bin/../lib/gcc/arm-none-eabi/7.3.1/thumb/v7e-m/fpv4-sp/hard/crtbegin.o

.preinit_array  0x000000000800e4e4        0x0
                0x000000000800e4e4                . = ALIGN (0x4)
                0x000000000800e4e4                PROVIDE (__preinit_array_start = .)
 *(.preinit_array*)
                0x000000000800e4e4                PROVIDE (__preinit_array_end = .)
                0x000000000800e4e4                . = ALIGN (0x4)

.init_array     0x000000000800e4e4        0x4
                0x000000000800e4e4                . = ALIGN (0x4)
                0x000000000800e4e4                PROVIDE (__init_array_start = .)
 *(SORT_BY_NAME(.init_array.*))
 *(.init_array*)
 .init_array    0x000000000800e4e4        0x4 c:/st/stm32cubeide_1.0.2/stm32cubeide/plugins/com.st.stm32cube.ide.mcu.externaltools.gnu-tools-for-stm32.7-2018-q2-update.win32_1.0.0.201904181610/tools/bin/../lib/gcc/arm-none-eabi/7.3.1/thumb/v7e-m/fpv4-sp/hard/crtbegin.o
                0x000000000800e4e8                PROVIDE (__init_array_end = .)
                0x000000000800e4e8                . = ALIGN (0x4)

.fini_array     0x000000000800e4e8        0x4
                0x000000000800e4e8                . = ALIGN (0x4)
                [!provide]                        PROVIDE (__fini_array_start = .)
 *(SORT_BY_NAME(.fini_array.*))
 *(.fini_array*)
 .fini_array    0x000000000800e4e8        0x4 c:/st/stm32cubeide_1.0.2/stm32cubeide/plugins/com.st.stm32cube.ide.mcu.externaltools.gnu-tools-for-stm32.7-2018-q2-update.win32_1.0.0.201904181610/tools/bin/../lib/gcc/arm-none-eabi/7.3.1/thumb/v7e-m/fpv4-sp/hard/crtbegin.o
                [!provide]                        PROVIDE (__fini_array_end = .)
                0x000000000800e4ec                . = ALIGN (0x4)
                0x000000000800e4ec                _sidata = LOADADDR (.data)

.data           0x0000000020000000      0x6b4 load address 0x000000000800e4ec
                0x0000000020000000                . = ALIGN (0x4)
                0x0000000020000000                _sdata = .
 *(.data)
 .data          0x0000000020000000      0x400 C:\Users\10007069\STM32CubeIDE\workspace_1.0.2\MEMS_RECORDER\Middlewares\ST\STM32_Audio\Addons\PDM\Lib\libPDMFilter_CM4_GCC_wc32.a(pdm_filter.o)
 *(.data*)
 .data.Channel_Demux
                0x0000000020000400       0x80 Drivers/BSP/CCA02M1/cca02m1_audio.o
 .data.aCoeffs.12334
                0x0000000020000480       0x20 Drivers/BSP/CCA02M1/cca02m1_audio.o
 .data.VolumeGain.12460
                0x00000000200004a0      0x102 Drivers/BSP/CCA02M1/cca02m1_audio.o
 *fill*         0x00000000200005a2        0x2 
 .data.uwTickPrio
                0x00000000200005a4        0x4 Drivers/STM32F4xx_HAL_Driver/Src/stm32f4xx_hal.o
                0x00000000200005a4                uwTickPrio
 .data.uwTickFreq
                0x00000000200005a8        0x1 Drivers/STM32F4xx_HAL_Driver/Src/stm32f4xx_hal.o
                0x00000000200005a8                uwTickFreq
 *fill*         0x00000000200005a9        0x3 
 .data.USBD_AUDIO
                0x00000000200005ac       0x38 Middlewares/ST/STM32_USB_Device_Library/Class/AUDIO/Src/usbd_audio_in.o
                0x00000000200005ac                USBD_AUDIO
 .data.USBD_AUDIO_DeviceQualifierDesc
                0x00000000200005e4        0xa Middlewares/ST/STM32_USB_Device_Library/Class/AUDIO/Src/usbd_audio_in.o
 *fill*         0x00000000200005ee        0x2 
 .data.SystemCoreClock
                0x00000000200005f0        0x4 Src/system_stm32f4xx.o
                0x00000000200005f0                SystemCoreClock
 .data.USBD_AUDIO_fops
                0x00000000200005f4       0x24 Src/usbd_audio_if.o
                0x00000000200005f4                USBD_AUDIO_fops
 .data.AUDIO_Desc
                0x0000000020000618       0x1c Src/usbd_desc.o
                0x0000000020000618                AUDIO_Desc
 .data.hUSBDDeviceDesc
                0x0000000020000634       0x12 Src/usbd_desc.o
                0x0000000020000634                hUSBDDeviceDesc
 *fill*         0x0000000020000646        0x2 
 .data.USBD_LangIDDesc
                0x0000000020000648        0x4 Src/usbd_desc.o
                0x0000000020000648                USBD_LangIDDesc
 .data._impure_ptr
                0x000000002000064c        0x4 c:/st/stm32cubeide_1.0.2/stm32cubeide/plugins/com.st.stm32cube.ide.mcu.externaltools.gnu-tools-for-stm32.7-2018-q2-update.win32_1.0.0.201904181610/tools/bin/../lib/gcc/arm-none-eabi/7.3.1/../../../../arm-none-eabi/lib/thumb/v7e-m/fpv4-sp/hard\libc_nano.a(lib_a-impure.o)
                0x000000002000064c                _impure_ptr
 .data.impure_data
                0x0000000020000650       0x60 c:/st/stm32cubeide_1.0.2/stm32cubeide/plugins/com.st.stm32cube.ide.mcu.externaltools.gnu-tools-for-stm32.7-2018-q2-update.win32_1.0.0.201904181610/tools/bin/../lib/gcc/arm-none-eabi/7.3.1/../../../../arm-none-eabi/lib/thumb/v7e-m/fpv4-sp/hard\libc_nano.a(lib_a-impure.o)
 .data.__fdlib_version
                0x00000000200006b0        0x1 c:/st/stm32cubeide_1.0.2/stm32cubeide/plugins/com.st.stm32cube.ide.mcu.externaltools.gnu-tools-for-stm32.7-2018-q2-update.win32_1.0.0.201904181610/tools/bin/../lib/gcc/arm-none-eabi/7.3.1/../../../../arm-none-eabi/lib/thumb/v7e-m/fpv4-sp/hard\libm.a(lib_a-s_lib_ver.o)
                0x00000000200006b0                __fdlib_version
                0x00000000200006b4                . = ALIGN (0x4)
 *fill*         0x00000000200006b1        0x3 
                0x00000000200006b4                _edata = .

.igot.plt       0x00000000200006b4        0x0 load address 0x000000000800eba0
 .igot.plt      0x00000000200006b4        0x0 c:/st/stm32cubeide_1.0.2/stm32cubeide/plugins/com.st.stm32cube.ide.mcu.externaltools.gnu-tools-for-stm32.7-2018-q2-update.win32_1.0.0.201904181610/tools/bin/../lib/gcc/arm-none-eabi/7.3.1/thumb/v7e-m/fpv4-sp/hard/crtbegin.o
                0x00000000200006b4                . = ALIGN (0x4)

.bss            0x00000000200006b4     0x2284 load address 0x000000000800eba0
                0x00000000200006b4                _sbss = .
                0x00000000200006b4                __bss_start__ = _sbss
 *(.bss)
 .bss           0x00000000200006b4       0x1c c:/st/stm32cubeide_1.0.2/stm32cubeide/plugins/com.st.stm32cube.ide.mcu.externaltools.gnu-tools-for-stm32.7-2018-q2-update.win32_1.0.0.201904181610/tools/bin/../lib/gcc/arm-none-eabi/7.3.1/thumb/v7e-m/fpv4-sp/hard/crtbegin.o
 .bss           0x00000000200006d0        0x1 C:\Users\10007069\STM32CubeIDE\workspace_1.0.2\MEMS_RECORDER\Middlewares\ST\STM32_Audio\Addons\PDM\Lib\libPDMFilter_CM4_GCC_wc32.a(pdm_filter.o)
 *(.bss*)
 *fill*         0x00000000200006d1        0x3 
 .bss.AudioInCtx
                0x00000000200006d4      0x12c Drivers/BSP/CCA02M1/cca02m1_audio.o
                0x00000000200006d4                AudioInCtx
 .bss.ARM_Decimator_State
                0x0000000020000800       0x30 Drivers/BSP/CCA02M1/cca02m1_audio.o
 .bss.PDM_FilterHandler
                0x0000000020000830      0x130 Drivers/BSP/CCA02M1/cca02m1_audio.o
 .bss.PDM_FilterConfig
                0x0000000020000960       0x18 Drivers/BSP/CCA02M1/cca02m1_audio.o
 .bss.hAudioInSPI
                0x0000000020000978       0x58 Drivers/BSP/CCA02M1/cca02m1_audio.o
 .bss.TimDividerHandle
                0x00000000200009d0       0x40 Drivers/BSP/CCA02M1/cca02m1_audio.o
 .bss.I2S_InternalBuffer
                0x0000000020000a10      0x600 Drivers/BSP/CCA02M1/cca02m1_audio.o
 .bss.SPI_InternalBuffer
                0x0000000020001010      0x600 Drivers/BSP/CCA02M1/cca02m1_audio.o
 .bss.hdma_rx.12316
                0x0000000020001610       0x60 Drivers/BSP/CCA02M1/cca02m1_audio.o
 .bss.hdma_i2sRx.12322
                0x0000000020001670       0x60 Drivers/BSP/CCA02M1/cca02m1_audio.o
 .bss.aState_ARM.12333
                0x00000000200016d0       0xf8 Drivers/BSP/CCA02M1/cca02m1_audio.o
 .bss.sICConfig.12556
                0x00000000200017c8       0x10 Drivers/BSP/CCA02M1/cca02m1_audio.o
 .bss.sSlaveConfig.12555
                0x00000000200017d8       0x14 Drivers/BSP/CCA02M1/cca02m1_audio.o
 .bss.sOCConfig.12557
                0x00000000200017ec       0x1c Drivers/BSP/CCA02M1/cca02m1_audio.o
 .bss.IsocInBuffDummy
                0x0000000020001808      0x180 Middlewares/ST/STM32_USB_Device_Library/Class/AUDIO/Src/usbd_audio_in.o
 .bss.VOL_CUR   0x0000000020001988        0x2 Middlewares/ST/STM32_USB_Device_Library/Class/AUDIO/Src/usbd_audio_in.o
 *fill*         0x000000002000198a        0x2 
 .bss.haudioInstance
                0x000000002000198c       0x64 Middlewares/ST/STM32_USB_Device_Library/Class/AUDIO/Src/usbd_audio_in.o
 .bss.USBD_AUDIO_CfgDesc
                0x00000000200019f0       0x76 Middlewares/ST/STM32_USB_Device_Library/Class/AUDIO/Src/usbd_audio_in.o
 .bss.cfgidx.10634
                0x0000000020001a66        0x1 Middlewares/ST/STM32_USB_Device_Library/Core/Src/usbd_ctlreq.o
 *fill*         0x0000000020001a67        0x1 
 .bss.heap_end.6424
                0x0000000020001a68        0x4 Src/sysmem.o
 .bss.__malloc_free_list
                0x0000000020001a6c        0x4 c:/st/stm32cubeide_1.0.2/stm32cubeide/plugins/com.st.stm32cube.ide.mcu.externaltools.gnu-tools-for-stm32.7-2018-q2-update.win32_1.0.0.201904181610/tools/bin/../lib/gcc/arm-none-eabi/7.3.1/../../../../arm-none-eabi/lib/thumb/v7e-m/fpv4-sp/hard\libc_nano.a(lib_a-nano-mallocr.o)
                0x0000000020001a6c                __malloc_free_list
 .bss.__malloc_sbrk_start
                0x0000000020001a70        0x4 c:/st/stm32cubeide_1.0.2/stm32cubeide/plugins/com.st.stm32cube.ide.mcu.externaltools.gnu-tools-for-stm32.7-2018-q2-update.win32_1.0.0.201904181610/tools/bin/../lib/gcc/arm-none-eabi/7.3.1/../../../../arm-none-eabi/lib/thumb/v7e-m/fpv4-sp/hard\libc_nano.a(lib_a-nano-mallocr.o)
                0x0000000020001a70                __malloc_sbrk_start
 *(COMMON)
 COMMON         0x0000000020001a74       0x48 Drivers/BSP/CCA02M1/cca02m1_audio.o
                0x0000000020001a74                hAudioInI2s
 COMMON         0x0000000020001abc        0x4 Drivers/STM32F4xx_HAL_Driver/Src/stm32f4xx_hal.o
                0x0000000020001abc                uwTick
 COMMON         0x0000000020001ac0      0x6d4 Src/audio_application.o
                0x0000000020001ac0                MicParams
                0x0000000020001ad4                PCM_Buffer
                0x0000000020001b94                PDM_Buffer
 COMMON         0x0000000020002194      0x2d0 Src/main.o
                0x0000000020002194                hUSBDDevice
 COMMON         0x0000000020002464      0x408 Src/usbd_conf_f4.o
                0x0000000020002464                hpcd
 COMMON         0x000000002000286c       0xc8 Src/usbd_desc.o
                0x000000002000286c                USBD_StrDesc
 COMMON         0x0000000020002934        0x4 c:/st/stm32cubeide_1.0.2/stm32cubeide/plugins/com.st.stm32cube.ide.mcu.externaltools.gnu-tools-for-stm32.7-2018-q2-update.win32_1.0.0.201904181610/tools/bin/../lib/gcc/arm-none-eabi/7.3.1/../../../../arm-none-eabi/lib/thumb/v7e-m/fpv4-sp/hard\libc_nano.a(lib_a-reent.o)
                0x0000000020002934                errno
                0x0000000020002938                . = ALIGN (0x4)
                0x0000000020002938                _ebss = .
                0x0000000020002938                __bss_end__ = _ebss

._user_heap_stack
                0x0000000020002938      0x600 load address 0x000000000800eba0
                0x0000000020002938                . = ALIGN (0x8)
                0x0000000020002938                PROVIDE (end = .)
                [!provide]                        PROVIDE (_end = .)
                0x0000000020002b38                . = (. + _Min_Heap_Size)
 *fill*         0x0000000020002938      0x200 
                0x0000000020002f38                . = (. + _Min_Stack_Size)
 *fill*         0x0000000020002b38      0x400 
                0x0000000020002f38                . = ALIGN (0x8)

/DISCARD/
 libc.a(*)
 libm.a(*)
 libgcc.a(*)

.ARM.attributes
                0x0000000000000000       0x30
 *(.ARM.attributes)
 .ARM.attributes
                0x0000000000000000       0x22 c:/st/stm32cubeide_1.0.2/stm32cubeide/plugins/com.st.stm32cube.ide.mcu.externaltools.gnu-tools-for-stm32.7-2018-q2-update.win32_1.0.0.201904181610/tools/bin/../lib/gcc/arm-none-eabi/7.3.1/thumb/v7e-m/fpv4-sp/hard/crti.o
 .ARM.attributes
                0x0000000000000022       0x34 c:/st/stm32cubeide_1.0.2/stm32cubeide/plugins/com.st.stm32cube.ide.mcu.externaltools.gnu-tools-for-stm32.7-2018-q2-update.win32_1.0.0.201904181610/tools/bin/../lib/gcc/arm-none-eabi/7.3.1/thumb/v7e-m/fpv4-sp/hard/crtbegin.o
 .ARM.attributes
                0x0000000000000056       0x39 Drivers/BSP/CCA02M1/cca02m1_audio.o
 .ARM.attributes
                0x000000000000008f       0x39 Drivers/STM32F4xx_HAL_Driver/Src/stm32f4xx_hal.o
 .ARM.attributes
                0x00000000000000c8       0x39 Drivers/STM32F4xx_HAL_Driver/Src/stm32f4xx_hal_cortex.o
 .ARM.attributes
                0x0000000000000101       0x39 Drivers/STM32F4xx_HAL_Driver/Src/stm32f4xx_hal_dma.o
 .ARM.attributes
                0x000000000000013a       0x39 Drivers/STM32F4xx_HAL_Driver/Src/stm32f4xx_hal_gpio.o
 .ARM.attributes
                0x0000000000000173       0x39 Drivers/STM32F4xx_HAL_Driver/Src/stm32f4xx_hal_i2s.o
 .ARM.attributes
                0x00000000000001ac       0x39 Drivers/STM32F4xx_HAL_Driver/Src/stm32f4xx_hal_pcd.o
 .ARM.attributes
                0x00000000000001e5       0x39 Drivers/STM32F4xx_HAL_Driver/Src/stm32f4xx_hal_pcd_ex.o
 .ARM.attributes
                0x000000000000021e       0x39 Drivers/STM32F4xx_HAL_Driver/Src/stm32f4xx_hal_rcc.o
 .ARM.attributes
                0x0000000000000257       0x39 Drivers/STM32F4xx_HAL_Driver/Src/stm32f4xx_hal_rcc_ex.o
 .ARM.attributes
                0x0000000000000290       0x39 Drivers/STM32F4xx_HAL_Driver/Src/stm32f4xx_hal_spi.o
 .ARM.attributes
                0x00000000000002c9       0x39 Drivers/STM32F4xx_HAL_Driver/Src/stm32f4xx_hal_tim.o
 .ARM.attributes
                0x0000000000000302       0x39 Drivers/STM32F4xx_HAL_Driver/Src/stm32f4xx_ll_usb.o
 .ARM.attributes
                0x000000000000033b       0x39 Middlewares/ST/STM32_USB_Device_Library/Class/AUDIO/Src/usbd_audio_in.o
 .ARM.attributes
                0x0000000000000374       0x39 Middlewares/ST/STM32_USB_Device_Library/Core/Src/usbd_core.o
 .ARM.attributes