cca02m1_audio.c:531:16:CCA02M1_AUDIO_IN_Init	104	static
cca02m1_audio.c:842:16:CCA02M1_AUDIO_IN_DeInit	24	static
cca02m1_audio.c:1219:26:MX_I2S_IN_ClockConfig	112	static
cca02m1_audio.c:1267:26:MX_SPI_Init	24	static
cca02m1_audio.c:1312:26:MX_I2S_IN_Init	24	static
cca02m1_audio.c:1391:9:CCA02M1_AUDIO_IN_PDMToPCM_Init	48	static
cca02m1_audio.c:1496:16:CCA02M1_AUDIO_IN_PDMToPCM	88	static
cca02m1_audio.c:1628:9:CCA02M1_AUDIO_IN_Record	32	static
cca02m1_audio.c:1724:9:CCA02M1_AUDIO_IN_Stop	24	static
cca02m1_audio.c:1802:9:CCA02M1_AUDIO_IN_Pause	24	static
cca02m1_audio.c:1869:9:CCA02M1_AUDIO_IN_Resume	24	static
cca02m1_audio.c:1933:9:CCA02M1_AUDIO_IN_RecordChannels	32	static
cca02m1_audio.c:2006:9:CCA02M1_AUDIO_IN_StopChannels	24	static
cca02m1_audio.c:2029:9:CCA02M1_AUDIO_IN_PauseChannels	24	static
cca02m1_audio.c:2080:9:CCA02M1_AUDIO_IN_ResumeChannels	24	static
cca02m1_audio.c:2132:9:CCA02M1_AUDIO_IN_RecordPDM	32	static
cca02m1_audio.c:2170:9:CCA02M1_AUDIO_IN_SetDevice	40	static
cca02m1_audio.c:2228:9:CCA02M1_AUDIO_IN_GetDevice	24	static
cca02m1_audio.c:2250:9:CCA02M1_AUDIO_IN_SetSampleRate	40	static
cca02m1_audio.c:2311:9:CCA02M1_AUDIO_IN_GetSampleRate	24	static
cca02m1_audio.c:2335:9:CCA02M1_AUDIO_IN_SetBitsPerSample	40	static
cca02m1_audio.c:2391:9:CCA02M1_AUDIO_IN_GetBitsPerSample	24	static
cca02m1_audio.c:2413:9:CCA02M1_AUDIO_IN_SetChannelsNbr	24	static
cca02m1_audio.c:2436:9:CCA02M1_AUDIO_IN_GetChannelsNbr	24	static
cca02m1_audio.c:2458:9:CCA02M1_AUDIO_IN_SetVolume	24	static
cca02m1_audio.c:2506:9:CCA02M1_AUDIO_IN_GetVolume	24	static
cca02m1_audio.c:2529:9:CCA02M1_AUDIO_IN_GetState	24	static
cca02m1_audio.c:2704:6:HAL_I2S_RxCpltCallback	48	static
cca02m1_audio.c:2773:6:HAL_I2S_RxHalfCpltCallback	48	static
cca02m1_audio.c:2843:13:CCA02M1_AUDIO_IN_TransferComplete_CallBack	16	static
cca02m1_audio.c:2857:13:CCA02M1_AUDIO_IN_HalfTransfer_CallBack	16	static
cca02m1_audio.c:2871:13:CCA02M1_AUDIO_IN_Error_CallBack	16	static
cca02m1_audio.c:3241:13:I2S_MspInit	48	static
cca02m1_audio.c:3269:13:SPI_MspInit	56	static
cca02m1_audio.c:3307:26:AUDIO_IN_Timer_Init	48	static
cca02m1_audio.c:3380:26:AUDIO_IN_Timer_Start	16	static
